Archive member included to satisfy reference by file (symbol)

C:/ST/STM32CubeIDE_1.19.0/STM32CubeIDE/plugins/com.st.stm32cube.ide.mcu.externaltools.gnu-tools-for-stm32.13.3.rel1.win32_1.0.0.202411081344/tools/bin/../lib/gcc/arm-none-eabi/13.3.1/../../../../arm-none-eabi/lib/thumb/v7e-m+fp/hard\libc_nano.a(libc_a-exit.o)
                              C:/ST/STM32CubeIDE_1.19.0/STM32CubeIDE/plugins/com.st.stm32cube.ide.mcu.externaltools.gnu-tools-for-stm32.13.3.rel1.win32_1.0.0.202411081344/tools/bin/../lib/gcc/arm-none-eabi/13.3.1/../../../../arm-none-eabi/lib/thumb/v7e-m+fp/hard/crt0.o (exit)
C:/ST/STM32CubeIDE_1.19.0/STM32CubeIDE/plugins/com.st.stm32cube.ide.mcu.externaltools.gnu-tools-for-stm32.13.3.rel1.win32_1.0.0.202411081344/tools/bin/../lib/gcc/arm-none-eabi/13.3.1/../../../../arm-none-eabi/lib/thumb/v7e-m+fp/hard\libc_nano.a(libc_a-findfp.o)
                              C:/ST/STM32CubeIDE_1.19.0/STM32CubeIDE/plugins/com.st.stm32cube.ide.mcu.externaltools.gnu-tools-for-stm32.13.3.rel1.win32_1.0.0.202411081344/tools/bin/../lib/gcc/arm-none-eabi/13.3.1/../../../../arm-none-eabi/lib/thumb/v7e-m+fp/hard\libc_nano.a(libc_a-exit.o) (__stdio_exit_handler)
C:/ST/STM32CubeIDE_1.19.0/STM32CubeIDE/plugins/com.st.stm32cube.ide.mcu.externaltools.gnu-tools-for-stm32.13.3.rel1.win32_1.0.0.202411081344/tools/bin/../lib/gcc/arm-none-eabi/13.3.1/../../../../arm-none-eabi/lib/thumb/v7e-m+fp/hard\libc_nano.a(libc_a-fwalk.o)
                              C:/ST/STM32CubeIDE_1.19.0/STM32CubeIDE/plugins/com.st.stm32cube.ide.mcu.externaltools.gnu-tools-for-stm32.13.3.rel1.win32_1.0.0.202411081344/tools/bin/../lib/gcc/arm-none-eabi/13.3.1/../../../../arm-none-eabi/lib/thumb/v7e-m+fp/hard\libc_nano.a(libc_a-findfp.o) (_fwalk_sglue)
C:/ST/STM32CubeIDE_1.19.0/STM32CubeIDE/plugins/com.st.stm32cube.ide.mcu.externaltools.gnu-tools-for-stm32.13.3.rel1.win32_1.0.0.202411081344/tools/bin/../lib/gcc/arm-none-eabi/13.3.1/../../../../arm-none-eabi/lib/thumb/v7e-m+fp/hard\libc_nano.a(libc_a-stdio.o)
                              C:/ST/STM32CubeIDE_1.19.0/STM32CubeIDE/plugins/com.st.stm32cube.ide.mcu.externaltools.gnu-tools-for-stm32.13.3.rel1.win32_1.0.0.202411081344/tools/bin/../lib/gcc/arm-none-eabi/13.3.1/../../../../arm-none-eabi/lib/thumb/v7e-m+fp/hard\libc_nano.a(libc_a-findfp.o) (__sread)
C:/ST/STM32CubeIDE_1.19.0/STM32CubeIDE/plugins/com.st.stm32cube.ide.mcu.externaltools.gnu-tools-for-stm32.13.3.rel1.win32_1.0.0.202411081344/tools/bin/../lib/gcc/arm-none-eabi/13.3.1/../../../../arm-none-eabi/lib/thumb/v7e-m+fp/hard\libc_nano.a(libc_a-memset.o)
                              C:/ST/STM32CubeIDE_1.19.0/STM32CubeIDE/plugins/com.st.stm32cube.ide.mcu.externaltools.gnu-tools-for-stm32.13.3.rel1.win32_1.0.0.202411081344/tools/bin/../lib/gcc/arm-none-eabi/13.3.1/../../../../arm-none-eabi/lib/thumb/v7e-m+fp/hard/crt0.o (memset)
C:/ST/STM32CubeIDE_1.19.0/STM32CubeIDE/plugins/com.st.stm32cube.ide.mcu.externaltools.gnu-tools-for-stm32.13.3.rel1.win32_1.0.0.202411081344/tools/bin/../lib/gcc/arm-none-eabi/13.3.1/../../../../arm-none-eabi/lib/thumb/v7e-m+fp/hard\libc_nano.a(libc_a-closer.o)
                              C:/ST/STM32CubeIDE_1.19.0/STM32CubeIDE/plugins/com.st.stm32cube.ide.mcu.externaltools.gnu-tools-for-stm32.13.3.rel1.win32_1.0.0.202411081344/tools/bin/../lib/gcc/arm-none-eabi/13.3.1/../../../../arm-none-eabi/lib/thumb/v7e-m+fp/hard\libc_nano.a(libc_a-stdio.o) (_close_r)
C:/ST/STM32CubeIDE_1.19.0/STM32CubeIDE/plugins/com.st.stm32cube.ide.mcu.externaltools.gnu-tools-for-stm32.13.3.rel1.win32_1.0.0.202411081344/tools/bin/../lib/gcc/arm-none-eabi/13.3.1/../../../../arm-none-eabi/lib/thumb/v7e-m+fp/hard\libc_nano.a(libc_a-reent.o)
                              C:/ST/STM32CubeIDE_1.19.0/STM32CubeIDE/plugins/com.st.stm32cube.ide.mcu.externaltools.gnu-tools-for-stm32.13.3.rel1.win32_1.0.0.202411081344/tools/bin/../lib/gcc/arm-none-eabi/13.3.1/../../../../arm-none-eabi/lib/thumb/v7e-m+fp/hard\libc_nano.a(libc_a-closer.o) (errno)
C:/ST/STM32CubeIDE_1.19.0/STM32CubeIDE/plugins/com.st.stm32cube.ide.mcu.externaltools.gnu-tools-for-stm32.13.3.rel1.win32_1.0.0.202411081344/tools/bin/../lib/gcc/arm-none-eabi/13.3.1/../../../../arm-none-eabi/lib/thumb/v7e-m+fp/hard\libc_nano.a(libc_a-impure.o)
                              C:/ST/STM32CubeIDE_1.19.0/STM32CubeIDE/plugins/com.st.stm32cube.ide.mcu.externaltools.gnu-tools-for-stm32.13.3.rel1.win32_1.0.0.202411081344/tools/bin/../lib/gcc/arm-none-eabi/13.3.1/../../../../arm-none-eabi/lib/thumb/v7e-m+fp/hard\libc_nano.a(libc_a-reent.o) (_impure_ptr)
C:/ST/STM32CubeIDE_1.19.0/STM32CubeIDE/plugins/com.st.stm32cube.ide.mcu.externaltools.gnu-tools-for-stm32.13.3.rel1.win32_1.0.0.202411081344/tools/bin/../lib/gcc/arm-none-eabi/13.3.1/../../../../arm-none-eabi/lib/thumb/v7e-m+fp/hard\libc_nano.a(libc_a-lseekr.o)
[...]
Memory Configuration

Name             Origin             Length             Attributes
RAM              0x20000000         0x00020000         xrw
FLASH            0x08000000         0x00080000         xr
*default*        0x00000000         0xffffffff

Linker script and memory map

LOAD C:/ST/STM32CubeIDE_1.19.0/STM32CubeIDE/plugins/com.st.stm32cube.ide.mcu.externaltools.gnu-tools-for-stm32.13.3.rel1.win32_1.0.0.202411081344/tools/bin/../lib/gcc/arm-none-eabi/13.3.1/thumb/v7e-m+fp/hard/crti.o
LOAD C:/ST/STM32CubeIDE_1.19.0/STM32CubeIDE/plugins/com.st.stm32cube.ide.mcu.externaltools.gnu-tools-for-stm32.13.3.rel1.win32_1.0.0.202411081344/tools/bin/../lib/gcc/arm-none-eabi/13.3.1/thumb/v7e-m+fp/hard/crtbegin.o
LOAD C:/ST/STM32CubeIDE_1.19.0/STM32CubeIDE/plugins/com.st.stm32cube.ide.mcu.externaltools.gnu-tools-for-stm32.13.3.rel1.win32_1.0.0.202411081344/tools/bin/../lib/gcc/arm-none-eabi/13.3.1/../../../../arm-none-eabi/lib/thumb/v7e-m+fp/hard/crt0.o
LOAD ./Core/Src/main.o
LOAD ./Core/Src/motor.o
LOAD ./Core/Src/stm32f4xx_hal_msp.o
LOAD ./Core/Src/stm32f4xx_it.o
LOAD ./Core/Src/syscalls.o
LOAD ./Core/Src/sysmem.o
LOAD ./Core/Src/system_stm32f4xx.o
LOAD ./Core/Startup/startup_stm32f446retx.o
LOAD ./Drivers/STM32F4xx_HAL_Driver/Src/stm32f4xx_hal.o
LOAD ./Drivers/STM32F4xx_HAL_Driver/Src/stm32f4xx_hal_cortex.o
LOAD ./Drivers/STM32F4xx_HAL_Driver/Src/stm32f4xx_hal_dma.o
LOAD ./Drivers/STM32F4xx_HAL_Driver/Src/stm32f4xx_hal_dma_ex.o
LOAD ./Drivers/STM32F4xx_HAL_Driver/Src/stm32f4xx_hal_exti.o
LOAD ./Drivers/STM32F4xx_HAL_Driver/Src/stm32f4xx_hal_flash.o
LOAD ./Drivers/STM32F4xx_HAL_Driver/Src/stm32f4xx_hal_flash_ex.o
LOAD ./Drivers/STM32F4xx_HAL_Driver/Src/stm32f4xx_hal_flash_ramfunc.o
LOAD ./Drivers/STM32F4xx_HAL_Driver/Src/stm32f4xx_hal_gpio.o
LOAD ./Drivers/STM32F4xx_HAL_Driver/Src/stm32f4xx_hal_pwr.o
LOAD ./Drivers/STM32F4xx_HAL_Driver/Src/stm32f4xx_hal_pwr_ex.o
LOAD ./Drivers/STM32F4xx_HAL_Driver/Src/stm32f4xx_hal_rcc.o
LOAD ./Drivers/STM32F4xx_HAL_Driver/Src/stm32f4xx_hal_rcc_ex.o
LOAD ./Drivers/STM32F4xx_HAL_Driver/Src/stm32f4xx_hal_spi.o
LOAD ./Drivers/STM32F4xx_HAL_Driver/Src/stm32f4xx_hal_tim.o
LOAD ./Drivers/STM32F4xx_HAL_Driver/Src/stm32f4xx_hal_tim_ex.o
LOAD ./FATFS/App/fatfs.o
LOAD ./FATFS/Target/user_diskio.o
LOAD ./FATFS/Target/user_diskio_spi.o
LOAD ./Middlewares/Third_Party/FatFs/src/diskio.o
LOAD ./Middlewares/Third_Party/FatFs/src/ff.o
LOAD ./Middlewares/Third_Party/FatFs/src/ff_gen_drv.o
LOAD ./Middlewares/Third_Party/FatFs/src/option/syscall.o
START GROUP
LOAD C:/ST/STM32CubeIDE_1.19.0/STM32CubeIDE/plugins/com.st.stm32cube.ide.mcu.externaltools.gnu-tools-for-stm32.13.3.rel1.win32_1.0.0.202411081344/tools/bin/../lib/gcc/arm-none-eabi/13.3.1/../../../../arm-none-eabi/lib/thumb/v7e-m+fp/hard\libc_nano.a
LOAD C:/ST/STM32CubeIDE_1.19.0/STM32CubeIDE/plugins/com.st.stm32cube.ide.mcu.externaltools.gnu-tools-for-stm32.13.3.rel1.win32_1.0.0.202411081344/tools/bin/../lib/gcc/arm-none-eabi/13.3.1/../../../../arm-none-eabi/lib/thumb/v7e-m+fp/hard\libm.a
END GROUP
START GROUP
LOAD C:/ST/STM32CubeIDE_1.19.0/STM32CubeIDE/plugins/com.st.stm32cube.ide.mcu.externaltools.gnu-tools-for-stm32.13.3.rel1.win32_1.0.0.202411081344/tools/bin/../lib/gcc/arm-none-eabi/13.3.1/thumb/v7e-m+fp/hard\libgcc.a
LOAD C:/ST/STM32CubeIDE_1.19.0/STM32CubeIDE/plugins/com.st.stm32cube.ide.mcu.externaltools.gnu-tools-for-stm32.13.3.rel1.win32_1.0.0.202411081344/tools/bin/../lib/gcc/arm-none-eabi/13.3.1/../../../../arm-none-eabi/lib/thumb/v7e-m+fp/hard\libc_nano.a
END GROUP
START GROUP
LOAD C:/ST/STM32CubeIDE_1.19.0/STM32CubeIDE/plugins/com.st.stm32cube.ide.mcu.externaltools.gnu-tools-for-stm32.13.3.rel1.win32_1.0.0.202411081344/tools/bin/../lib/gcc/arm-none-eabi/13.3.1/thumb/v7e-m+fp/hard\libgcc.a
LOAD C:/ST/STM32CubeIDE_1.19.0/STM32CubeIDE/plugins/com.st.stm32cube.ide.mcu.externaltools.gnu-tools-for-stm32.13.3.rel1.win32_1.0.0.202411081344/tools/bin/../lib/gcc/arm-none-eabi/13.3.1/../../../../arm-none-eabi/lib/thumb/v7e-m+fp/hard\libc_nano.a
LOAD C:/ST/STM32CubeIDE_1.19.0/STM32CubeIDE/plugins/com.st.stm32cube.ide.mcu.externaltools.gnu-tools-for-stm32.13.3.rel1.win32_1.0.0.202411081344/tools/bin/../lib/gcc/arm-none-eabi/13.3.1/../../../../arm-none-eabi/lib/thumb/v7e-m+fp/hard\libnosys.a
END GROUP
START GROUP
LOAD C:/ST/STM32CubeIDE_1.19.0/STM32CubeIDE/plugins/com.st.stm32cube.ide.mcu.externaltools.gnu-tools-for-stm32.13.3.rel1.win32_1.0.0.202411081344/tools/bin/../lib/gcc/arm-none-eabi/13.3.1/thumb/v7e-m+fp/hard\libgcc.a
LOAD C:/ST/STM32CubeIDE_1.19.0/STM32CubeIDE/plugins/com.st.stm32cube.ide.mcu.externaltools.gnu-tools-for-stm32.13.3.rel1.win32_1.0.0.202411081344/tools/bin/../lib/gcc/arm-none-eabi/13.3.1/../../../../arm-none-eabi/lib/thumb/v7e-m+fp/hard\libc_nano.a
LOAD C:/ST/STM32CubeIDE_1.19.0/STM32CubeIDE/plugins/com.st.stm32cube.ide.mcu.externaltools.gnu-tools-for-stm32.13.3.rel1.win32_1.0.0.202411081344/tools/bin/../lib/gcc/arm-none-eabi/13.3.1/../../../../arm-none-eabi/lib/thumb/v7e-m+fp/hard\libnosys.a
END GROUP
LOAD C:/ST/STM32CubeIDE_1.19.0/STM32CubeIDE/plugins/com.st.stm32cube.ide.mcu.externaltools.gnu-tools-for-stm32.13.3.rel1.win32_1.0.0.202411081344/tools/bin/../lib/gcc/arm-none-eabi/13.3.1/thumb/v7e-m+fp/hard/crtend.o
LOAD C:/ST/STM32CubeIDE_1.19.0/STM32CubeIDE/plugins/com.st.stm32cube.ide.mcu.externaltools.gnu-tools-for-stm32.13.3.rel1.win32_1.0.0.202411081344/tools/bin/../lib/gcc/arm-none-eabi/13.3.1/thumb/v7e-m+fp/hard/crtn.o
                0x20020000                        _estack = (ORIGIN (RAM) + LENGTH (RAM))
                0x00000200                        _Min_Heap_Size = 0x200
                0x00000400                        _Min_Stack_Size = 0x400

.isr_vector     0x08000000      0x1c4
                0x08000000                        . = ALIGN (0x4)
 *(.isr_vector)
 .isr_vector    0x08000000      0x1c4 ./Core/Startup/startup_stm32f446retx.o
                0x08000000                g_pfnVectors
                0x080001c4                        . = ALIGN (0x4)

.text           0x080001c4     0x82bc
                0x080001c4                        . = ALIGN (0x4)
 *(.text)
 .text          0x080001c4       0x40 C:/ST/STM32CubeIDE_1.19.0/STM32CubeIDE/plugins/com.st.stm32cube.ide.mcu.externaltools.gnu-tools-for-stm32.13.3.rel1.win32_1.0.0.202411081344/tools/bin/../lib/gcc/arm-none-eabi/13.3.1/thumb/v7e-m+fp/hard/crtbegin.o
 .text          0x08000204       0x10 C:/ST/STM32CubeIDE_1.19.0/STM32CubeIDE/plugins/com.st.stm32cube.ide.mcu.externaltools.gnu-tools-for-stm32.13.3.rel1.win32_1.0.0.202411081344/tools/bin/../lib/gcc/arm-none-eabi/13.3.1/../../../../arm-none-eabi/lib/thumb/v7e-m+fp/hard\libc_nano.a(libc_a-strlen.o)
                0x08000204                strlen
 .text          0x08000214       0x30 C:/ST/STM32CubeIDE_1.19.0/STM32CubeIDE/plugins/com.st.stm32cube.ide.mcu.externaltools.gnu-tools-for-stm32.13.3.rel1.win32_1.0.0.202411081344/tools/bin/../lib/gcc/arm-none-eabi/13.3.1/thumb/v7e-m+fp/hard\libgcc.a(_aeabi_uldivmod.o)
                0x08000214                __aeabi_uldivmod
 .text          0x08000244      0x2f8 C:/ST/STM32CubeIDE_1.19.0/STM32CubeIDE/plugins/com.st.stm32cube.ide.mcu.externaltools.gnu-tools-for-stm32.13.3.rel1.win32_1.0.0.202411081344/tools/bin/../lib/gcc/arm-none-eabi/13.3.1/thumb/v7e-m+fp/hard\libgcc.a(_udivmoddi4.o)
                0x08000244                __udivmoddi4
 .text          0x0800053c        0x4 C:/ST/STM32CubeIDE_1.19.0/STM32CubeIDE/plugins/com.st.stm32cube.ide.mcu.externaltools.gnu-tools-for-stm32.13.3.rel1.win32_1.0.0.202411081344/tools/bin/../lib/gcc/arm-none-eabi/13.3.1/thumb/v7e-m+fp/hard\libgcc.a(_dvmd_tls.o)
                0x0800053c                __aeabi_idiv0
                0x0800053c                __aeabi_ldiv0
 *(.text*)
 .text.log_push
                0x08000540       0x70 ./Core/Src/main.o
 .text.HAL_TIM_IC_CaptureCallback
                0x080005b0      0x164 ./Core/Src/main.o
                0x080005b0                HAL_TIM_IC_CaptureCallback
 .text.HAL_GPIO_EXTI_Callback
                0x08000714       0x6c ./Core/Src/main.o
                0x08000714                HAL_GPIO_EXTI_Callback
 .text.log_pop  0x08000780       0x78 ./Core/Src/main.o
 .text.Estimate_Speed1
                0x080007f8       0x68 ./Core/Src/main.o
                0x080007f8                Estimate_Speed1
 .text.main     0x08000860      0x3d8 ./Core/Src/main.o
                0x08000860                main
 .text.SystemClock_Config
                0x08000c38       0xe4 ./Core/Src/main.o
                0x08000c38                SystemClock_Config
 .text.MX_SPI1_Init
                0x08000d1c       0x6c ./Core/Src/main.o
 .text.MX_SPI2_Init
                0x08000d88       0x6c ./Core/Src/main.o
 .text.MX_SPI3_Init
                0x08000df4       0x6c ./Core/Src/main.o
 .text.MX_TIM1_Init
                0x08000e60       0xac ./Core/Src/main.o
 .text.MX_TIM2_Init
                0x08000f0c       0xa4 ./Core/Src/main.o
 .text.MX_TIM3_Init
                0x08000fb0       0xa8 ./Core/Src/main.o
 .text.MX_TIM4_Init
                0x08001058       0xa8 ./Core/Src/main.o
 .text.MX_TIM5_Init
                0x08001100       0x9c ./Core/Src/main.o
 .text.MX_TIM12_Init
                0x0800119c       0xc4 ./Core/Src/main.o
 .text.MX_GPIO_Init
                0x08001260      0x19c ./Core/Src/main.o
 .text.Error_Handler
                0x080013fc        0xc ./Core/Src/main.o
                0x080013fc                Error_Handler
 .text.SATURATE
                0x08001408       0x52 ./Core/Src/motor.o
                0x08001408                SATURATE
 .text.PID_init
                0x0800145a       0x7a ./Core/Src/motor.o
                0x0800145a                PID_init
 .text.PID_estimate
                0x080014d4      0x190 ./Core/Src/motor.o
                0x080014d4                PID_estimate
 .text.DC_MOTOR_SET_DIRECTION
                0x08001664       0x9c ./Core/Src/motor.o
                0x08001664                DC_MOTOR_SET_DIRECTION
 .text.HAL_MspInit
                0x08001700       0x50 ./Core/Src/stm32f4xx_hal_msp.o
                0x08001700                HAL_MspInit
 .text.HAL_SPI_MspInit
                0x08001750      0x240 ./Core/Src/stm32f4xx_hal_msp.o
                0x08001750                HAL_SPI_MspInit
 .text.HAL_TIM_IC_MspInit
                0x08001990      0x118 ./Core/Src/stm32f4xx_hal_msp.o
                0x08001990                HAL_TIM_IC_MspInit
 .text.HAL_TIM_Encoder_MspInit
                0x08001aa8      0x178 ./Core/Src/stm32f4xx_hal_msp.o
                0x08001aa8                HAL_TIM_Encoder_MspInit
 .text.HAL_TIM_Base_MspInit
                0x08001c20       0x70 ./Core/Src/stm32f4xx_hal_msp.o
                0x08001c20                HAL_TIM_Base_MspInit
 .text.HAL_TIM_MspPostInit
                0x08001c90       0x74 ./Core/Src/stm32f4xx_hal_msp.o
                0x08001c90                HAL_TIM_MspPostInit
 .text.NMI_Handler
                0x08001d04        0x8 ./Core/Src/stm32f4xx_it.o
                0x08001d04                NMI_Handler
 .text.HardFault_Handler
                0x08001d0c        0x8 ./Core/Src/stm32f4xx_it.o
                0x08001d0c                HardFault_Handler
 .text.MemManage_Handler
                0x08001d14        0x8 ./Core/Src/stm32f4xx_it.o
                0x08001d14                MemManage_Handler
 .text.BusFault_Handler
                0x08001d1c        0x8 ./Core/Src/stm32f4xx_it.o
                0x08001d1c                BusFault_Handler
 .text.UsageFault_Handler
                0x08001d24        0x8 ./Core/Src/stm32f4xx_it.o
                0x08001d24                UsageFault_Handler
 .text.SVC_Handler
                0x08001d2c        0xe ./Core/Src/stm32f4xx_it.o
                0x08001d2c                SVC_Handler
 .text.DebugMon_Handler
                0x08001d3a        0xe ./Core/Src/stm32f4xx_it.o
                0x08001d3a                DebugMon_Handler
 .text.PendSV_Handler
                0x08001d48        0xe ./Core/Src/stm32f4xx_it.o
                0x08001d48                PendSV_Handler
 .text.SysTick_Handler
                0x08001d56        0xc ./Core/Src/stm32f4xx_it.o
                0x08001d56                SysTick_Handler
 *fill*         0x08001d62        0x2 
 .text.TIM1_CC_IRQHandler
                0x08001d64       0x14 ./Core/Src/stm32f4xx_it.o
                0x08001d64                TIM1_CC_IRQHandler
 .text.TIM2_IRQHandler
                0x08001d78       0x14 ./Core/Src/stm32f4xx_it.o
                0x08001d78                TIM2_IRQHandler
 .text.EXTI15_10_IRQHandler
                0x08001d8c       0x10 ./Core/Src/stm32f4xx_it.o
                0x08001d8c                EXTI15_10_IRQHandler
 .text.SystemInit
                0x08001d9c       0x24 ./Core/Src/system_stm32f4xx.o
                0x08001d9c                SystemInit
 .text.Reset_Handler
                0x08001dc0       0x50 ./Core/Startup/startup_stm32f446retx.o
                0x08001dc0                Reset_Handler
 .text.Default_Handler
                0x08001e10        0x2 ./Core/Startup/startup_stm32f446retx.o
                0x08001e10                RTC_Alarm_IRQHandler
                0x08001e10                EXTI2_IRQHandler
                0x08001e10                TIM8_CC_IRQHandler
                0x08001e10                FMPI2C1_EV_IRQHandler
                0x08001e10                SPI4_IRQHandler
                0x08001e10                DMA2_Stream5_IRQHandler
                0x08001e10                DMA1_Stream5_IRQHandler
                0x08001e10                PVD_IRQHandler
                0x08001e10                SDIO_IRQHandler
                0x08001e10                TAMP_STAMP_IRQHandler
                0x08001e10                CAN2_RX1_IRQHandler
                0x08001e10                EXTI3_IRQHandler
                0x08001e10                TIM8_TRG_COM_TIM14_IRQHandler
                0x08001e10                TIM1_UP_TIM10_IRQHandler
                0x08001e10                TIM8_UP_TIM13_IRQHandler
                0x08001e10                I2C3_ER_IRQHandler
                0x08001e10                EXTI0_IRQHandler
                0x08001e10                I2C2_EV_IRQHandler
                0x08001e10                DMA1_Stream2_IRQHandler
                0x08001e10                CAN1_RX0_IRQHandler
                0x08001e10                FPU_IRQHandler
                0x08001e10                OTG_HS_WKUP_IRQHandler
                0x08001e10                CAN2_SCE_IRQHandler
                0x08001e10                DMA2_Stream2_IRQHandler
                0x08001e10                SPI1_IRQHandler
                0x08001e10                TIM6_DAC_IRQHandler
                0x08001e10                TIM1_BRK_TIM9_IRQHandler
                0x08001e10                DCMI_IRQHandler
                0x08001e10                CAN2_RX0_IRQHandler
                0x08001e10                DMA2_Stream3_IRQHandler
                0x08001e10                SAI2_IRQHandler
                0x08001e10                USART6_IRQHandler
                0x08001e10                USART3_IRQHandler
                0x08001e10                CAN1_RX1_IRQHandler
                0x08001e10                UART5_IRQHandler
                0x08001e10                DMA2_Stream0_IRQHandler
                0x08001e10                TIM4_IRQHandler
                0x08001e10                QUADSPI_IRQHandler
                0x08001e10                I2C1_EV_IRQHandler
                0x08001e10                DMA1_Stream6_IRQHandler
                0x08001e10                DMA1_Stream1_IRQHandler
                0x08001e10                UART4_IRQHandler
                0x08001e10                TIM3_IRQHandler
                0x08001e10                RCC_IRQHandler
                0x08001e10                TIM8_BRK_TIM12_IRQHandler
                0x08001e10                Default_Handler
                0x08001e10                CEC_IRQHandler
                0x08001e10                ADC_IRQHandler
                0x08001e10                DMA1_Stream7_IRQHandler
                0x08001e10                TIM7_IRQHandler
                0x08001e10                CAN2_TX_IRQHandler
                0x08001e10                TIM5_IRQHandler
                0x08001e10                DMA2_Stream7_IRQHandler
                0x08001e10                I2C3_EV_IRQHandler
                0x08001e10                EXTI9_5_IRQHandler
                0x08001e10                RTC_WKUP_IRQHandler
                0x08001e10                SPDIF_RX_IRQHandler
                0x08001e10                SPI2_IRQHandler
                0x08001e10                OTG_HS_EP1_IN_IRQHandler
                0x08001e10                DMA1_Stream0_IRQHandler
                0x08001e10                CAN1_TX_IRQHandler
                0x08001e10                FMPI2C1_ER_IRQHandler
                0x08001e10                EXTI4_IRQHandler
                0x08001e10                OTG_HS_EP1_OUT_IRQHandler
                0x08001e10                WWDG_IRQHandler
                0x08001e10                OTG_FS_WKUP_IRQHandler
                0x08001e10                TIM1_TRG_COM_TIM11_IRQHandler
                0x08001e10                OTG_HS_IRQHandler
                0x08001e10                EXTI1_IRQHandler
                0x08001e10                USART2_IRQHandler
                0x08001e10                I2C2_ER_IRQHandler
                0x08001e10                DMA2_Stream1_IRQHandler
                0x08001e10                CAN1_SCE_IRQHandler
                0x08001e10                FLASH_IRQHandler
                0x08001e10                DMA2_Stream4_IRQHandler
                0x08001e10                USART1_IRQHandler
                0x08001e10                OTG_FS_IRQHandler
                0x08001e10                SPI3_IRQHandler
                0x08001e10                DMA1_Stream4_IRQHandler
                0x08001e10                I2C1_ER_IRQHandler
                0x08001e10                FMC_IRQHandler
                0x08001e10                DMA2_Stream6_IRQHandler
                0x08001e10                SAI1_IRQHandler
                0x08001e10                DMA1_Stream3_IRQHandler
 *fill*         0x08001e12        0x2 
 .text.HAL_Init
                0x08001e14       0x44 ./Drivers/STM32F4xx_HAL_Driver/Src/stm32f4xx_hal.o
                0x08001e14                HAL_Init
 .text.HAL_InitTick
                0x08001e58       0x60 ./Drivers/STM32F4xx_HAL_Driver/Src/stm32f4xx_hal.o
                0x08001e58                HAL_InitTick
 .text.HAL_IncTick
                0x08001eb8       0x28 ./Drivers/STM32F4xx_HAL_Driver/Src/stm32f4xx_hal.o
                0x08001eb8                HAL_IncTick
 .text.HAL_GetTick
                0x08001ee0       0x18 ./Drivers/STM32F4xx_HAL_Driver/Src/stm32f4xx_hal.o
                0x08001ee0                HAL_GetTick
 .text.HAL_Delay
                0x08001ef8       0x48 ./Drivers/STM32F4xx_HAL_Driver/Src/stm32f4xx_hal.o
                0x08001ef8                HAL_Delay
 .text.__NVIC_SetPriorityGrouping
                0x08001f40       0x48 ./Drivers/STM32F4xx_HAL_Driver/Src/stm32f4xx_hal_cortex.o
 .text.__NVIC_GetPriorityGrouping
                0x08001f88       0x1c ./Drivers/STM32F4xx_HAL_Driver/Src/stm32f4xx_hal_cortex.o
 .text.__NVIC_EnableIRQ
                0x08001fa4       0x3c ./Drivers/STM32F4xx_HAL_Driver/Src/stm32f4xx_hal_cortex.o
 .text.__NVIC_SetPriority
                0x08001fe0       0x54 ./Drivers/STM32F4xx_HAL_Driver/Src/stm32f4xx_hal_cortex.o
 .text.NVIC_EncodePriority
                0x08002034       0x66 ./Drivers/STM32F4xx_HAL_Driver/Src/stm32f4xx_hal_cortex.o
 *fill*         0x0800209a        0x2 
 .text.SysTick_Config
                0x0800209c       0x44 ./Drivers/STM32F4xx_HAL_Driver/Src/stm32f4xx_hal_cortex.o
 .text.HAL_NVIC_SetPriorityGrouping
                0x080020e0       0x16 ./Drivers/STM32F4xx_HAL_Driver/Src/stm32f4xx_hal_cortex.o
                0x080020e0                HAL_NVIC_SetPriorityGrouping
 .text.HAL_NVIC_SetPriority
                0x080020f6       0x38 ./Drivers/STM32F4xx_HAL_Driver/Src/stm32f4xx_hal_cortex.o
                0x080020f6                HAL_NVIC_SetPriority
 .text.HAL_NVIC_EnableIRQ
                0x0800212e       0x1c ./Drivers/STM32F4xx_HAL_Driver/Src/stm32f4xx_hal_cortex.o
                0x0800212e                HAL_NVIC_EnableIRQ
 .text.HAL_SYSTICK_Config
                0x0800214a       0x18 ./Drivers/STM32F4xx_HAL_Driver/Src/stm32f4xx_hal_cortex.o
                0x0800214a                HAL_SYSTICK_Config
 *fill*         0x08002162        0x2 
 .text.HAL_GPIO_Init
                0x08002164      0x328 ./Drivers/STM32F4xx_HAL_Driver/Src/stm32f4xx_hal_gpio.o
                0x08002164                HAL_GPIO_Init
 .text.HAL_GPIO_WritePin
                0x0800248c       0x32 ./Drivers/STM32F4xx_HAL_Driver/Src/stm32f4xx_hal_gpio.o
                0x0800248c                HAL_GPIO_WritePin
 *fill*         0x080024be        0x2 
 .text.HAL_GPIO_EXTI_IRQHandler
                0x080024c0       0x30 ./Drivers/STM32F4xx_HAL_Driver/Src/stm32f4xx_hal_gpio.o
                0x080024c0                HAL_GPIO_EXTI_IRQHandler
 .text.HAL_PWREx_EnableOverDrive
                0x080024f0       0xa0 ./Drivers/STM32F4xx_HAL_Driver/Src/stm32f4xx_hal_pwr_ex.o
                0x080024f0                HAL_PWREx_EnableOverDrive
 .text.HAL_RCC_ClockConfig
                0x08002590      0x1cc ./Drivers/STM32F4xx_HAL_Driver/Src/stm32f4xx_hal_rcc.o
                0x08002590                HAL_RCC_ClockConfig
 .text.HAL_RCC_GetSysClockFreq
                0x0800275c      0x460 ./Drivers/STM32F4xx_HAL_Driver/Src/stm32f4xx_hal_rcc_ex.o
                0x0800275c                HAL_RCC_GetSysClockFreq
 .text.HAL_RCC_OscConfig
                0x08002bbc      0x53c ./Drivers/STM32F4xx_HAL_Driver/Src/stm32f4xx_hal_rcc_ex.o
                0x08002bbc                HAL_RCC_OscConfig
 .text.HAL_SPI_Init
                0x080030f8      0x112 ./Drivers/STM32F4xx_HAL_Driver/Src/stm32f4xx_hal_spi.o
                0x080030f8                HAL_SPI_Init
 .text.HAL_SPI_Transmit
                0x0800320a      0x288 ./Drivers/STM32F4xx_HAL_Driver/Src/stm32f4xx_hal_spi.o
                0x0800320a                HAL_SPI_Transmit
 .text.HAL_SPI_TransmitReceive
                0x08003492      0x352 ./Drivers/STM32F4xx_HAL_Driver/Src/stm32f4xx_hal_spi.o
                0x08003492                HAL_SPI_TransmitReceive
 .text.SPI_WaitFlagStateUntilTimeout
                0x080037e4      0x110 ./Drivers/STM32F4xx_HAL_Driver/Src/stm32f4xx_hal_spi.o
 .text.SPI_EndRxTxTransaction
                0x080038f4       0xa8 ./Drivers/STM32F4xx_HAL_Driver/Src/stm32f4xx_hal_spi.o
 .text.HAL_TIM_Base_Init
                0x0800399c       0x9e ./Drivers/STM32F4xx_HAL_Driver/Src/stm32f4xx_hal_tim.o
                0x0800399c                HAL_TIM_Base_Init
 *fill*         0x08003a3a        0x2 
 .text.HAL_TIM_Base_Start
                0x08003a3c       0xd0 ./Drivers/STM32F4xx_HAL_Driver/Src/stm32f4xx_hal_tim.o
                0x08003a3c                HAL_TIM_Base_Start
 .text.HAL_TIM_PWM_Init
                0x08003b0c       0x9e ./Drivers/STM32F4xx_HAL_Driver/Src/stm32f4xx_hal_tim.o
                0x08003b0c                HAL_TIM_PWM_Init
 .text.HAL_TIM_PWM_MspInit
                0x08003baa       0x14 ./Drivers/STM32F4xx_HAL_Driver/Src/stm32f4xx_hal_tim.o
                0x08003baa                HAL_TIM_PWM_MspInit
 *fill*         0x08003bbe        0x2 
 .text.HAL_TIM_PWM_Start
                0x08003bc0      0x190 ./Drivers/STM32F4xx_HAL_Driver/Src/stm32f4xx_hal_tim.o
                0x08003bc0                HAL_TIM_PWM_Start
 .text.HAL_TIM_IC_Init
                0x08003d50       0x9e ./Drivers/STM32F4xx_HAL_Driver/Src/stm32f4xx_hal_tim.o
                0x08003d50                HAL_TIM_IC_Init
 *fill*         0x08003dee        0x2 
 .text.HAL_TIM_IC_Start_IT
                0x08003df0      0x250 ./Drivers/STM32F4xx_HAL_Driver/Src/stm32f4xx_hal_tim.o
                0x08003df0                HAL_TIM_IC_Start_IT
 .text.HAL_TIM_Encoder_Init
                0x08004040      0x14c ./Drivers/STM32F4xx_HAL_Driver/Src/stm32f4xx_hal_tim.o
                0x08004040                HAL_TIM_Encoder_Init
 .text.HAL_TIM_Encoder_Start
                0x0800418c      0x11c ./Drivers/STM32F4xx_HAL_Driver/Src/stm32f4xx_hal_tim.o
                0x0800418c                HAL_TIM_Encoder_Start
 .text.HAL_TIM_IRQHandler
                0x080042a8      0x1e0 ./Drivers/STM32F4xx_HAL_Driver/Src/stm32f4xx_hal_tim.o
                0x080042a8                HAL_TIM_IRQHandler
 .text.HAL_TIM_IC_ConfigChannel
                0x08004488      0x138 ./Drivers/STM32F4xx_HAL_Driver/Src/stm32f4xx_hal_tim.o
                0x08004488                HAL_TIM_IC_ConfigChannel
 .text.HAL_TIM_PWM_ConfigChannel
                0x080045c0      0x184 ./Drivers/STM32F4xx_HAL_Driver/Src/stm32f4xx_hal_tim.o
                0x080045c0                HAL_TIM_PWM_ConfigChannel
 .text.HAL_TIM_ConfigClockSource
                0x08004744      0x18e ./Drivers/STM32F4xx_HAL_Driver/Src/stm32f4xx_hal_tim.o
                0x08004744                HAL_TIM_ConfigClockSource
 .text.HAL_TIM_PeriodElapsedCallback
                0x080048d2       0x14 ./Drivers/STM32F4xx_HAL_Driver/Src/stm32f4xx_hal_tim.o
                0x080048d2                HAL_TIM_PeriodElapsedCallback
 .text.HAL_TIM_OC_DelayElapsedCallback
                0x080048e6       0x14 ./Drivers/STM32F4xx_HAL_Driver/Src/stm32f4xx_hal_tim.o
                0x080048e6                HAL_TIM_OC_DelayElapsedCallback
 .text.HAL_TIM_PWM_PulseFinishedCallback
                0x080048fa       0x14 ./Drivers/STM32F4xx_HAL_Driver/Src/stm32f4xx_hal_tim.o
                0x080048fa                HAL_TIM_PWM_PulseFinishedCallback
 .text.HAL_TIM_TriggerCallback
                0x0800490e       0x14 ./Drivers/STM32F4xx_HAL_Driver/Src/stm32f4xx_hal_tim.o
                0x0800490e                HAL_TIM_TriggerCallback
 *fill*         0x08004922        0x2 
 .text.TIM_Base_SetConfig
                0x08004924      0x14c ./Drivers/STM32F4xx_HAL_Driver/Src/stm32f4xx_hal_tim.o
                0x08004924                TIM_Base_SetConfig
 .text.TIM_OC1_SetConfig
                0x08004a70       0xe0 ./Drivers/STM32F4xx_HAL_Driver/Src/stm32f4xx_hal_tim.o
 .text.TIM_OC2_SetConfig
                0x08004b50       0xec ./Drivers/STM32F4xx_HAL_Driver/Src/stm32f4xx_hal_tim.o
                0x08004b50                TIM_OC2_SetConfig
 .text.TIM_OC3_SetConfig
                0x08004c3c       0xe8 ./Drivers/STM32F4xx_HAL_Driver/Src/stm32f4xx_hal_tim.o
 .text.TIM_OC4_SetConfig
                0x08004d24       0xac ./Drivers/STM32F4xx_HAL_Driver/Src/stm32f4xx_hal_tim.o
 .text.TIM_TI1_SetConfig
                0x08004dd0       0xe8 ./Drivers/STM32F4xx_HAL_Driver/Src/stm32f4xx_hal_tim.o
                0x08004dd0                TIM_TI1_SetConfig
 .text.TIM_TI1_ConfigInputStage
                0x08004eb8       0x5e ./Drivers/STM32F4xx_HAL_Driver/Src/stm32f4xx_hal_tim.o
 .text.TIM_TI2_SetConfig
                0x08004f16       0x7a ./Drivers/STM32F4xx_HAL_Driver/Src/stm32f4xx_hal_tim.o
 .text.TIM_TI2_ConfigInputStage
                0x08004f90       0x60 ./Drivers/STM32F4xx_HAL_Driver/Src/stm32f4xx_hal_tim.o
 .text.TIM_TI3_SetConfig
                0x08004ff0       0x78 ./Drivers/STM32F4xx_HAL_Driver/Src/stm32f4xx_hal_tim.o
 .text.TIM_TI4_SetConfig
                0x08005068       0x7a ./Drivers/STM32F4xx_HAL_Driver/Src/stm32f4xx_hal_tim.o
 .text.TIM_ITRx_SetConfig
                0x080050e2       0x36 ./Drivers/STM32F4xx_HAL_Driver/Src/stm32f4xx_hal_tim.o
 .text.TIM_ETR_SetConfig
                0x08005118       0x40 ./Drivers/STM32F4xx_HAL_Driver/Src/stm32f4xx_hal_tim.o
                0x08005118                TIM_ETR_SetConfig
 .text.TIM_CCxChannelCmd
                0x08005158       0x4a ./Drivers/STM32F4xx_HAL_Driver/Src/stm32f4xx_hal_tim.o
                0x08005158                TIM_CCxChannelCmd
 *fill*         0x080051a2        0x2 
 .text.HAL_TIMEx_MasterConfigSynchronization
                0x080051a4       0xf8 ./Drivers/STM32F4xx_HAL_Driver/Src/stm32f4xx_hal_tim_ex.o
                0x080051a4                HAL_TIMEx_MasterConfigSynchronization
 .text.HAL_TIMEx_CommutCallback
                0x0800529c       0x14 ./Drivers/STM32F4xx_HAL_Driver/Src/stm32f4xx_hal_tim_ex.o
                0x0800529c                HAL_TIMEx_CommutCallback
 .text.HAL_TIMEx_BreakCallback
                0x080052b0       0x14 ./Drivers/STM32F4xx_HAL_Driver/Src/stm32f4xx_hal_tim_ex.o
                0x080052b0                HAL_TIMEx_BreakCallback
 .text.MX_FATFS_Init
                0x080052c4       0x24 ./FATFS/App/fatfs.o
                0x080052c4                MX_FATFS_Init
 .text.get_fattime
                0x080052e8       0x10 ./FATFS/App/fatfs.o
                0x080052e8                get_fattime
 .text.USER_initialize
                0x080052f8       0x1c ./FATFS/Target/user_diskio.o
                0x080052f8                USER_initialize
 .text.USER_status
                0x08005314       0x1c ./FATFS/Target/user_diskio.o
                0x08005314                USER_status
 .text.USER_read
                0x08005330       0x26 ./FATFS/Target/user_diskio.o
                0x08005330                USER_read
 .text.USER_write
                0x08005356       0x26 ./FATFS/Target/user_diskio.o
                0x08005356                USER_write
 .text.USER_ioctl
                0x0800537c       0x26 ./FATFS/Target/user_diskio.o
                0x0800537c                USER_ioctl
 *fill*         0x080053a2        0x2 
 .text.SPI_Timer_On
                0x080053a4       0x28 ./FATFS/Target/user_diskio_spi.o
                0x080053a4                SPI_Timer_On
 .text.SPI_Timer_Status
                0x080053cc       0x2c ./FATFS/Target/user_diskio_spi.o
                0x080053cc                SPI_Timer_Status
 .text.xchg_spi
                0x080053f8       0x2c ./FATFS/Target/user_diskio_spi.o
 .text.rcvr_spi_multi
                0x08005424       0x38 ./FATFS/Target/user_diskio_spi.o
 .text.xmit_spi_multi
                0x0800545c       0x28 ./FATFS/Target/user_diskio_spi.o
 .text.wait_ready
                0x08005484       0x46 ./FATFS/Target/user_diskio_spi.o
 *fill*         0x080054ca        0x2 
 .text.despiselect
                0x080054cc       0x20 ./FATFS/Target/user_diskio_spi.o
 .text.spiselect
                0x080054ec       0x38 ./FATFS/Target/user_diskio_spi.o
 .text.rcvr_datablock
                0x08005524       0x52 ./FATFS/Target/user_diskio_spi.o
 .text.xmit_datablock
                0x08005576       0x64 ./FATFS/Target/user_diskio_spi.o
 .text.send_cmd
                0x080055da       0xde ./FATFS/Target/user_diskio_spi.o
 .text.USER_SPI_initialize
                0x080056b8      0x1d4 ./FATFS/Target/user_diskio_spi.o
                0x080056b8                USER_SPI_initialize
 .text.USER_SPI_status
                0x0800588c       0x2c ./FATFS/Target/user_diskio_spi.o
                0x0800588c                USER_SPI_status
 .text.USER_SPI_read
                0x080058b8       0xcc ./FATFS/Target/user_diskio_spi.o
                0x080058b8                USER_SPI_read
 .text.USER_SPI_write
                0x08005984       0xf8 ./FATFS/Target/user_diskio_spi.o
                0x08005984                USER_SPI_write
 .text.USER_SPI_ioctl
                0x08005a7c      0x2e0 ./FATFS/Target/user_diskio_spi.o
                0x08005a7c                USER_SPI_ioctl
 .text.disk_status
                0x08005d5c       0x34 ./Middlewares/Third_Party/FatFs/src/diskio.o
                0x08005d5c                disk_status
 .text.disk_initialize
                0x08005d90       0x50 ./Middlewares/Third_Party/FatFs/src/diskio.o
                0x08005d90                disk_initialize
 .text.disk_read
                0x08005de0       0x40 ./Middlewares/Third_Party/FatFs/src/diskio.o
                0x08005de0                disk_read
 .text.disk_write
                0x08005e20       0x40 ./Middlewares/Third_Party/FatFs/src/diskio.o
                0x08005e20                disk_write
 .text.disk_ioctl
                0x08005e60       0x3c ./Middlewares/Third_Party/FatFs/src/diskio.o
                0x08005e60                disk_ioctl
 .text.ld_word  0x08005e9c       0x32 ./Middlewares/Third_Party/FatFs/src/ff.o
 .text.ld_dword
                0x08005ece       0x46 ./Middlewares/Third_Party/FatFs/src/ff.o
 .text.st_word  0x08005f14       0x36 ./Middlewares/Third_Party/FatFs/src/ff.o
 .text.st_dword
                0x08005f4a       0x58 ./Middlewares/Third_Party/FatFs/src/ff.o
 .text.mem_cpy  0x08005fa2       0x42 ./Middlewares/Third_Party/FatFs/src/ff.o
 .text.mem_set  0x08005fe4       0x36 ./Middlewares/Third_Party/FatFs/src/ff.o
 .text.mem_cmp  0x0800601a       0x4e ./Middlewares/Third_Party/FatFs/src/ff.o
 .text.chk_chr  0x08006068       0x36 ./Middlewares/Third_Party/FatFs/src/ff.o
 *fill*         0x0800609e        0x2 
 .text.chk_lock
                0x080060a0       0xb8 ./Middlewares/Third_Party/FatFs/src/ff.o
 .text.enq_lock
                0x08006158       0x44 ./Middlewares/Third_Party/FatFs/src/ff.o
 .text.inc_lock
                0x0800619c      0x11c ./Middlewares/Third_Party/FatFs/src/ff.o
 .text.clear_lock
                0x080062b8       0x48 ./Middlewares/Third_Party/FatFs/src/ff.o
 .text.sync_window
                0x08006300       0x88 ./Middlewares/Third_Party/FatFs/src/ff.o
 .text.move_window
                0x08006388       0x5a ./Middlewares/Third_Party/FatFs/src/ff.o
 *fill*         0x080063e2        0x2 
 .text.sync_fs  0x080063e4       0xdc ./Middlewares/Third_Party/FatFs/src/ff.o
 .text.clust2sect
                0x080064c0       0x3e ./Middlewares/Third_Party/FatFs/src/ff.o
 .text.get_fat  0x080064fe      0x14e ./Middlewares/Third_Party/FatFs/src/ff.o
 .text.put_fat  0x0800664c      0x1d4 ./Middlewares/Third_Party/FatFs/src/ff.o
 .text.remove_chain
                0x08006820       0xca ./Middlewares/Third_Party/FatFs/src/ff.o
 .text.create_chain
                0x080068ea      0x130 ./Middlewares/Third_Party/FatFs/src/ff.o
 .text.clmt_clust
                0x08006a1a       0x68 ./Middlewares/Third_Party/FatFs/src/ff.o
 .text.dir_sdi  0x08006a82       0xf6 ./Middlewares/Third_Party/FatFs/src/ff.o
 .text.dir_next
                0x08006b78      0x18a ./Middlewares/Third_Party/FatFs/src/ff.o
 .text.dir_alloc
                0x08006d02       0x8e ./Middlewares/Third_Party/FatFs/src/ff.o
 .text.ld_clust
                0x08006d90       0x3e ./Middlewares/Third_Party/FatFs/src/ff.o
 .text.st_clust
                0x08006dce       0x40 ./Middlewares/Third_Party/FatFs/src/ff.o
 .text.dir_find
                0x08006e0e       0xaa ./Middlewares/Third_Party/FatFs/src/ff.o
 .text.dir_register
                0x08006eb8       0x64 ./Middlewares/Third_Party/FatFs/src/ff.o
 .text.create_name
                0x08006f1c      0x128 ./Middlewares/Third_Party/FatFs/src/ff.o
 .text.follow_path
                0x08007044       0xe2 ./Middlewares/Third_Party/FatFs/src/ff.o
 .text.get_ldnumber
                0x08007126       0x88 ./Middlewares/Third_Party/FatFs/src/ff.o
 *fill*         0x080071ae        0x2 
 .text.check_fs
                0x080071b0       0xac ./Middlewares/Third_Party/FatFs/src/ff.o
 .text.find_volume
                0x0800725c      0x498 ./Middlewares/Third_Party/FatFs/src/ff.o
 .text.validate
                0x080076f4       0x6a ./Middlewares/Third_Party/FatFs/src/ff.o
 *fill*         0x0800775e        0x2 
 .text.f_mount  0x08007760       0x8c ./Middlewares/Third_Party/FatFs/src/ff.o
                0x08007760                f_mount
 .text.f_open   0x080077ec      0x374 ./Middlewares/Third_Party/FatFs/src/ff.o
                0x080077ec                f_open
 .text.f_write  0x08007b60      0x2ea ./Middlewares/Third_Party/FatFs/src/ff.o
                0x08007b60                f_write
 .text.f_sync   0x08007e4a       0xfc ./Middlewares/Third_Party/FatFs/src/ff.o
                0x08007e4a                f_sync
 .text.f_lseek  0x08007f46      0x412 ./Middlewares/Third_Party/FatFs/src/ff.o
                0x08007f46                f_lseek
 .text.FATFS_LinkDriverEx
                0x08008358       0x98 ./Middlewares/Third_Party/FatFs/src/ff_gen_drv.o
                0x08008358                FATFS_LinkDriverEx
 .text.FATFS_LinkDriver
                0x080083f0       0x1e ./Middlewares/Third_Party/FatFs/src/ff_gen_drv.o
                0x080083f0                FATFS_LinkDriver
 .text.memset   0x0800840e       0x10 C:/ST/STM32CubeIDE_1.19.0/STM32CubeIDE/plugins/com.st.stm32cube.ide.mcu.externaltools.gnu-tools-for-stm32.13.3.rel1.win32_1.0.0.202411081344/tools/bin/../lib/gcc/arm-none-eabi/13.3.1/../../../../arm-none-eabi/lib/thumb/v7e-m+fp/hard\libc_nano.a(libc_a-memset.o)
                0x0800840e                memset
 *fill*         0x0800841e        0x2 
 .text.__libc_init_array
                0x08008420       0x48 C:/ST/STM32CubeIDE_1.19.0/STM32CubeIDE/plugins/com.st.stm32cube.ide.mcu.externaltools.gnu-tools-for-stm32.13.3.rel1.win32_1.0.0.202411081344/tools/bin/../lib/gcc/arm-none-eabi/13.3.1/../../../../arm-none-eabi/lib/thumb/v7e-m+fp/hard\libc_nano.a(libc_a-init.o)
                0x08008420                __libc_init_array
 *(.glue_7)
 .glue_7        0x08008468        0x0 linker stubs
 *(.glue_7t)
 .glue_7t       0x08008468        0x0 linker stubs
 *(.eh_frame)
 .eh_frame      0x08008468        0x0 C:/ST/STM32CubeIDE_1.19.0/STM32CubeIDE/plugins/com.st.stm32cube.ide.mcu.externaltools.gnu-tools-for-stm32.13.3.rel1.win32_1.0.0.202411081344/tools/bin/../lib/gcc/arm-none-eabi/13.3.1/thumb/v7e-m+fp/hard/crtbegin.o
 *(.init)
 .init          0x08008468        0x4 C:/ST/STM32CubeIDE_1.19.0/STM32CubeIDE/plugins/com.st.stm32cube.ide.mcu.externaltools.gnu-tools-for-stm32.13.3.rel1.win32_1.0.0.202411081344/tools/bin/../lib/gcc/arm-none-eabi/13.3.1/thumb/v7e-m+fp/hard/crti.o
                0x08008468                _init
 .init          0x0800846c        0x8 C:/ST/STM32CubeIDE_1.19.0/STM32CubeIDE/plugins/com.st.stm32cube.ide.mcu.externaltools.gnu-tools-for-stm32.13.3.rel1.win32_1.0.0.202411081344/tools/bin/../lib/gcc/arm-none-eabi/13.3.1/thumb/v7e-m+fp/hard/crtn.o
 *(.fini)
 .fini          0x08008474        0x4 C:/ST/STM32CubeIDE_1.19.0/STM32CubeIDE/plugins/com.st.stm32cube.ide.mcu.externaltools.gnu-tools-for-stm32.13.3.rel1.win32_1.0.0.202411081344/tools/bin/../lib/gcc/arm-none-eabi/13.3.1/thumb/v7e-m+fp/hard/crti.o
                0x08008474                _fini
 .fini          0x08008478        0x8 C:/ST/STM32CubeIDE_1.19.0/STM32CubeIDE/plugins/com.st.stm32cube.ide.mcu.externaltools.gnu-tools-for-stm32.13.3.rel1.win32_1.0.0.202411081344/tools/bin/../lib/gcc/arm-none-eabi/13.3.1/thumb/v7e-m+fp/hard/crtn.o
                0x08008480                        . = ALIGN (0x4)
                0x08008480                        _etext = .

.vfp11_veneer   0x08008480        0x0
 .vfp11_veneer  0x08008480        0x0 linker stubs

.v4_bx          0x08008480        0x0
 .v4_bx         0x08008480        0x0 linker stubs

.iplt           0x08008480        0x0
 .iplt          0x08008480        0x0 C:/ST/STM32CubeIDE_1.19.0/STM32CubeIDE/plugins/com.st.stm32cube.ide.mcu.externaltools.gnu-tools-for-stm32.13.3.rel1.win32_1.0.0.202411081344/tools/bin/../lib/gcc/arm-none-eabi/13.3.1/thumb/v7e-m+fp/hard/crtbegin.o

.rodata         0x08008480       0xec
                0x08008480                        . = ALIGN (0x4)
 *(.rodata)
 .rodata        0x08008480       0x17 ./Core/Src/main.o
 *fill*         0x08008497        0x1 
 .rodata        0x08008498       0x44 ./Middlewares/Third_Party/FatFs/src/ff.o
 *(.rodata*)
 .rodata.AHBPrescTable
                0x080084dc       0x10 ./Core/Src/system_stm32f4xx.o
                0x080084dc                AHBPrescTable
 .rodata.ExCvt  0x080084ec       0x80 ./Middlewares/Third_Party/FatFs/src/ff.o
                0x0800856c                        . = ALIGN (0x4)

.ARM.extab      0x0800856c        0x0
                0x0800856c                        . = ALIGN (0x4)
 *(.ARM.extab* .gnu.linkonce.armextab.*)
                0x0800856c                        . = ALIGN (0x4)

.ARM            0x0800856c        0x8
                0x0800856c                        . = ALIGN (0x4)
                0x0800856c                        __exidx_start = .
 *(.ARM.exidx*)
 .ARM.exidx     0x0800856c        0x8 C:/ST/STM32CubeIDE_1.19.0/STM32CubeIDE/plugins/com.st.stm32cube.ide.mcu.externaltools.gnu-tools-for-stm32.13.3.rel1.win32_1.0.0.202411081344/tools/bin/../lib/gcc/arm-none-eabi/13.3.1/../../../../arm-none-eabi/lib/thumb/v7e-m+fp/hard\libc_nano.a(libc_a-strlen.o)
 .ARM.exidx     0x08008574        0x0 C:/ST/STM32CubeIDE_1.19.0/STM32CubeIDE/plugins/com.st.stm32cube.ide.mcu.externaltools.gnu-tools-for-stm32.13.3.rel1.win32_1.0.0.202411081344/tools/bin/../lib/gcc/arm-none-eabi/13.3.1/thumb/v7e-m+fp/hard\libgcc.a(_udivmoddi4.o)
                                  0x8 (size before relaxing)
                0x08008574                        __exidx_end = .
                0x08008574                        . = ALIGN (0x4)

.preinit_array  0x08008574        0x0
                0x08008574                        . = ALIGN (0x4)
                0x08008574                        PROVIDE (__preinit_array_start = .)
 *(.preinit_array*)
                0x08008574                        PROVIDE (__preinit_array_end = .)
                0x08008574                        . = ALIGN (0x4)

.init_array     0x08008574        0x4
                0x08008574                        . = ALIGN (0x4)
                0x08008574                        PROVIDE (__init_array_start = .)
 *(SORT_BY_NAME(.init_array.*))
 *(.init_array*)
 .init_array    0x08008574        0x4 C:/ST/STM32CubeIDE_1.19.0/STM32CubeIDE/plugins/com.st.stm32cube.ide.mcu.externaltools.gnu-tools-for-stm32.13.3.rel1.win32_1.0.0.202411081344/tools/bin/../lib/gcc/arm-none-eabi/13.3.1/thumb/v7e-m+fp/hard/crtbegin.o
                0x08008578                        PROVIDE (__init_array_end = .)
                0x08008578                        . = ALIGN (0x4)

.fini_array     0x08008578        0x4
                0x08008578                        . = ALIGN (0x4)
                [!provide]                        PROVIDE (__fini_array_start = .)
 *(SORT_BY_NAME(.fini_array.*))
 *(.fini_array*)
 .fini_array    0x08008578        0x4 C:/ST/STM32CubeIDE_1.19.0/STM32CubeIDE/plugins/com.st.stm32cube.ide.mcu.externaltools.gnu-tools-for-stm32.13.3.rel1.win32_1.0.0.202411081344/tools/bin/../lib/gcc/arm-none-eabi/13.3.1/thumb/v7e-m+fp/hard/crtbegin.o
                [!provide]                        PROVIDE (__fini_array_end = .)
                0x0800857c                        . = ALIGN (0x4)
                0x0800857c                        _sidata = LOADADDR (.data)

.rel.dyn        0x0800857c        0x0
 .rel.iplt      0x0800857c        0x0 C:/ST/STM32CubeIDE_1.19.0/STM32CubeIDE/plugins/com.st.stm32cube.ide.mcu.externaltools.gnu-tools-for-stm32.13.3.rel1.win32_1.0.0.202411081344/tools/bin/../lib/gcc/arm-none-eabi/13.3.1/thumb/v7e-m+fp/hard/crtbegin.o

.data           0x20000000       0x24 load address 0x0800857c
                0x20000000                        . = ALIGN (0x4)
                0x20000000                        _sdata = .
 *(.data)
 *(.data*)
 .data.SystemCoreClock
                0x20000000        0x4 ./Core/Src/system_stm32f4xx.o
                0x20000000                SystemCoreClock
 .data.uwTickPrio
                0x20000004        0x4 ./Drivers/STM32F4xx_HAL_Driver/Src/stm32f4xx_hal.o
                0x20000004                uwTickPrio
 .data.uwTickFreq
                0x20000008        0x1 ./Drivers/STM32F4xx_HAL_Driver/Src/stm32f4xx_hal.o
                0x20000008                uwTickFreq
 *fill*         0x20000009        0x3 
 .data.USER_Driver
                0x2000000c       0x14 ./FATFS/Target/user_diskio.o
                0x2000000c                USER_Driver
 .data.Stat     0x20000020        0x1 ./FATFS/Target/user_diskio_spi.o
 *(.RamFunc)
 *(.RamFunc*)
                0x20000024                        . = ALIGN (0x4)
 *fill*         0x20000021        0x3 
                0x20000024                        _edata = .

.igot.plt       0x20000024        0x0 load address 0x080085a0
 .igot.plt      0x20000024        0x0 C:/ST/STM32CubeIDE_1.19.0/STM32CubeIDE/plugins/com.st.stm32cube.ide.mcu.externaltools.gnu-tools-for-stm32.13.3.rel1.win32_1.0.0.202411081344/tools/bin/../lib/gcc/arm-none-eabi/13.3.1/thumb/v7e-m+fp/hard/crtbegin.o
                0x20000024                        . = ALIGN (0x4)

.bss            0x20000024     0x21ec load address 0x080085a0
                0x20000024                        _sbss = .
                0x20000024                        __bss_start__ = _sbss
 *(.bss)
 .bss           0x20000024       0x1c C:/ST/STM32CubeIDE_1.19.0/STM32CubeIDE/plugins/com.st.stm32cube.ide.mcu.externaltools.gnu-tools-for-stm32.13.3.rel1.win32_1.0.0.202411081344/tools/bin/../lib/gcc/arm-none-eabi/13.3.1/thumb/v7e-m+fp/hard/crtbegin.o
 *(.bss*)
 .bss.logBuffer
                0x20000040     0x1c00 ./Core/Src/main.o
                0x20000040                logBuffer
 .bss.write_cache
                0x20001c40      0x200 ./Core/Src/main.o
                0x20001c40                write_cache
 .bss.cache_ptr
                0x20001e40        0x2 ./Core/Src/main.o
                0x20001e40                cache_ptr
 .bss.head      0x20001e42        0x2 ./Core/Src/main.o
                0x20001e42                head
 .bss.tail      0x20001e44        0x2 ./Core/Src/main.o
                0x20001e44                tail
 *fill*         0x20001e46        0x2 
 .bss.Log       0x20001e48       0x10 ./Core/Src/main.o
                0x20001e48                Log
 .bss.Count_a   0x20001e58        0x2 ./Core/Src/main.o
                0x20001e58                Count_a
 .bss.Count_b   0x20001e5a        0x2 ./Core/Src/main.o
                0x20001e5a                Count_b
 .bss.irA_count
                0x20001e5c        0x2 ./Core/Src/main.o
                0x20001e5c                irA_count
 .bss.irB_count
                0x20001e5e        0x2 ./Core/Src/main.o
                0x20001e5e                irB_count
 .bss.sd_res    0x20001e60        0x1 ./Core/Src/main.o
                0x20001e60                sd_res
 *fill*         0x20001e61        0x3 
 .bss.sd_bw     0x20001e64        0x4 ./Core/Src/main.o
                0x20001e64                sd_bw
 .bss.sd_size   0x20001e68        0x2 ./Core/Src/main.o
                0x20001e68                sd_size
 *fill*         0x20001e6a        0x2 
 .bss.sd_error_count
                0x20001e6c        0x4 ./Core/Src/main.o
                0x20001e6c                sd_error_count
 .bss.sd_write_count
                0x20001e70        0x4 ./Core/Src/main.o
                0x20001e70                sd_write_count
 .bss.hspi1     0x20001e74       0x58 ./Core/Src/main.o
                0x20001e74                hspi1
 .bss.hspi2     0x20001ecc       0x58 ./Core/Src/main.o
                0x20001ecc                hspi2
 .bss.hspi3     0x20001f24       0x58 ./Core/Src/main.o
                0x20001f24                hspi3
 .bss.htim1     0x20001f7c       0x48 ./Core/Src/main.o
                0x20001f7c                htim1
 .bss.htim2     0x20001fc4       0x48 ./Core/Src/main.o
                0x20001fc4                htim2
 .bss.htim3     0x2000200c       0x48 ./Core/Src/main.o
                0x2000200c                htim3
 .bss.htim4     0x20002054       0x48 ./Core/Src/main.o
                0x20002054                htim4
 .bss.htim5     0x2000209c       0x48 ./Core/Src/main.o
                0x2000209c                htim5
 .bss.htim12    0x200020e4       0x48 ./Core/Src/main.o
                0x200020e4                htim12
 .bss.Motor_Encoder
                0x2000212c       0x40 ./Core/Src/main.o
                0x2000212c                Motor_Encoder
 .bss.Motor_PID
                0x2000216c       0x30 ./Core/Src/main.o
                0x2000216c                Motor_PID
 .bss.Motor_GPIO
                0x2000219c       0x14 ./Core/Src/main.o
                0x2000219c                Motor_GPIO
 .bss.write_flag
                0x200021b0        0x1 ./Core/Src/main.o
                0x200021b0                write_flag
 *fill*         0x200021b1        0x3 
 .bss.last      0x200021b4        0x4 ./Core/Src/main.o
 .bss.flush_request
                0x200021b8        0x1 ./Core/Src/main.o
                0x200021b8                flush_request
 *fill*         0x200021b9        0x3 
 .bss.last_sync.1
                0x200021bc        0x4 ./Core/Src/main.o
 .bss.last_time.0
                0x200021c0        0x4 ./Core/Src/main.o
 .bss.uwTick    0x200021c4        0x4 ./Drivers/STM32F4xx_HAL_Driver/Src/stm32f4xx_hal.o
                0x200021c4                uwTick
 .bss.retUSER   0x200021c8        0x1 ./FATFS/App/fatfs.o
                0x200021c8                retUSER
 *fill*         0x200021c9        0x3 
 .bss.USERPath  0x200021cc        0x4 ./FATFS/App/fatfs.o
                0x200021cc                USERPath
 .bss.CardType  0x200021d0        0x1 ./FATFS/Target/user_diskio_spi.o
 *fill*         0x200021d1        0x3 
 .bss.spiTimerTickStart
                0x200021d4        0x4 ./FATFS/Target/user_diskio_spi.o
                0x200021d4                spiTimerTickStart
 .bss.spiTimerTickDelay
                0x200021d8        0x4 ./FATFS/Target/user_diskio_spi.o
                0x200021d8                spiTimerTickDelay
 .bss.FatFs     0x200021dc        0x4 ./Middlewares/Third_Party/FatFs/src/ff.o
 .bss.Fsid      0x200021e0        0x2 ./Middlewares/Third_Party/FatFs/src/ff.o
 *fill*         0x200021e2        0x2 
 .bss.Files     0x200021e4       0x20 ./Middlewares/Third_Party/FatFs/src/ff.o
 .bss.disk      0x20002204        0xc ./Middlewares/Third_Party/FatFs/src/ff_gen_drv.o
                0x20002204                disk
 *(COMMON)
                0x20002210                        . = ALIGN (0x4)
                0x20002210                        _ebss = .
                0x20002210                        __bss_end__ = _ebss

._user_heap_stack
                0x20002210      0x600 load address 0x080085a0
                0x20002210                        . = ALIGN (0x8)
                [!provide]                        PROVIDE (end = .)
                0x20002210                        PROVIDE (_end = .)
                0x20002410                        . = (. + _Min_Heap_Size)
 *fill*         0x20002210      0x200 
                0x20002810                        . = (. + _Min_Stack_Size)
 *fill*         0x20002410      0x400 
                0x20002810                        . = ALIGN (0x8)

/DISCARD/
 libc.a(*)
 libm.a(*)
 libgcc.a(*)

.ARM.attributes
                0x00000000       0x30
 *(.ARM.attributes)
 .ARM.attributes
                0x00000000       0x22 C:/ST/STM32CubeIDE_1.19.0/STM32CubeIDE/plugins/com.st.stm32cube.ide.mcu.externaltools.gnu-tools-for-stm32.13.3.rel1.win32_1.0.0.202411081344/tools/bin/../lib/gcc/arm-none-eabi/13.3.1/thumb/v7e-m+fp/hard/crti.o
 .ARM.attributes
                0x00000022       0x34 C:/ST/STM32CubeIDE_1.19.0/STM32CubeIDE/plugins/com.st.stm32cube.ide.mcu.externaltools.gnu-tools-for-stm32.13.3.rel1.win32_1.0.0.202411081344/tools/bin/../lib/gcc/arm-none-eabi/13.3.1/thumb/v7e-m+fp/hard/crtbegin.o
 .ARM.attributes
                0x00000056       0x34 ./Core/Src/main.o
 .ARM.attributes
                0x0000008a       0x34 ./Core/Src/motor.o
 .ARM.attributes
                0x000000be       0x34 ./Core/Src/stm32f4xx_hal_msp.o
 .ARM.attributes
                0x000000f2       0x34 ./Core/Src/stm32f4xx_it.o
 .ARM.attributes
                0x00000126       0x34 ./Core/Src/system_stm32f4xx.o
 .ARM.attributes
                0x0000015a       0x21 ./Core/Startup/startup_stm32f446retx.o
 .ARM.attributes
                0x0000017b       0x34 ./Drivers/STM32F4xx_HAL_Driver/Src/stm32f4xx_hal.o
 .ARM.attributes
                0x000001af       0x34 ./Drivers/STM32F4xx_HAL_Driver/Src/stm32f4xx_hal_cortex.o
 .ARM.attributes
                0x000001e3       0x34 ./Drivers/STM32F4xx_HAL_Driver/Src/stm32f4xx_hal_gpio.o
 .ARM.attributes
                0x00000217       0x34 ./Drivers/STM32F4xx_HAL_Driver/Src/stm32f4xx_hal_pwr_ex.o
 .ARM.attributes
                0x0000024b       0x34 ./Drivers/STM32F4xx_HAL_Driver/Src/stm32f4xx_hal_rcc.o
 .ARM.attributes
                0x0000027f       0x34 ./Drivers/STM32F4xx_HAL_Driver/Src/stm32f4xx_hal_rcc_ex.o
 .ARM.attributes
                0x000002b3       0x34 ./Drivers/STM32F4xx_HAL_Driver/Src/stm32f4xx_hal_spi.o
 .ARM.attributes
                0x000002e7       0x34 ./Drivers/STM32F4xx_HAL_Driver/Src/stm32f4xx_hal_tim.o
 .ARM.attributes
                0x0000031b       0x34 ./Drivers/STM32F4xx_HAL_Driver/Src/stm32f4xx_hal_tim_ex.o
 .ARM.attributes
                0x0000034f       0x34 ./FATFS/App/fatfs.o
 .ARM.attributes
                0x00000383       0x34 ./FATFS/Target/user_diskio.o
 .ARM.attributes
                0x000003b7       0x34 ./FATFS/Target/user_diskio_spi.o
 .ARM.attributes
                0x000003eb       0x34 ./Middlewares/Third_Party/FatFs/src/diskio.o
 .ARM.attributes
                0x0000041f       0x34 ./Middlewares/Third_Party/FatFs/src/ff.o
 .ARM.attributes
                0x00000453       0x34 ./Middlewares/Third_Party/FatFs/src/ff_gen_drv.o
 .ARM.attributes
                0x00000487       0x34 C:/ST/STM32CubeIDE_1.19.0/STM32CubeIDE/plugins/com.st.stm32cube.ide.mcu.externaltools.gnu-tools-for-stm32.13.3.rel1.win32_1.0.0.202411081344/tools/bin/../lib/gcc/arm-none-eabi/13.3.1/../../../../arm-none-eabi/lib/thumb/v7e-m+fp/hard\libc_nano.a(libc_a-memset.o)
 .ARM.attributes
                0x000004bb       0x34 C:/ST/STM32CubeIDE_1.19.0/STM32CubeIDE/plugins/com.st.stm32cube.ide.mcu.externaltools.gnu-tools-for-stm32.13.3.rel1.win32_1.0.0.202411081344/tools/bin/../lib/gcc/arm-none-eabi/13.3.1/../../../../arm-none-eabi/lib/thumb/v7e-m+fp/hard\libc_nano.a(libc_a-init.o)
 .ARM.attributes
                0x000004ef       0x17 C:/ST/STM32CubeIDE_1.19.0/STM32CubeIDE/plugins/com.st.stm32cube.ide.mcu.externaltools.gnu-tools-for-stm32.13.3.rel1.win32_1.0.0.202411081344/tools/bin/../lib/gcc/arm-none-eabi/13.3.1/../../../../arm-none-eabi/lib/thumb/v7e-m+fp/hard\libc_nano.a(libc_a-strlen.o)
 .ARM.attributes
                0x00000506       0x22 C:/ST/STM32CubeIDE_1.19.0/STM32CubeIDE/plugins/com.st.stm32cube.ide.mcu.externaltools.gnu-tools-for-stm32.13.3.rel1.win32_1.0.0.202411081344/tools/bin/../lib/gcc/arm-none-eabi/13.3.1/thumb/v7e-m+fp/hard\libgcc.a(_aeabi_uldivmod.o)
 .ARM.attributes
                0x00000528       0x34 C:/ST/STM32CubeIDE_1.19.0/STM32CubeIDE/plugins/com.st.stm32cube.ide.mcu.externaltools.gnu-tools-for-stm32.13.3.rel1.win32_1.0.0.202411081344/tools/bin/../lib/gcc/arm-none-eabi/13.3.1/thumb/v7e-m+fp/hard\libgcc.a(_udivmoddi4.o)
 .ARM.attributes
                0x0000055c       0x22 C:/ST/STM32CubeIDE_1.19.0/STM32CubeIDE/plugins/com.st.stm32cube.ide.mcu.externaltools.gnu-tools-for-stm32.13.3.rel1.win32_1.0.0.202411081344/tools/bin/../lib/gcc/arm-none-eabi/13.3.1/thumb/v7e-m+fp/hard\libgcc.a(_dvmd_tls.o)
 .ARM.attributes
                0x0000057e       0x22 C:/ST/STM32CubeIDE_1.19.0/STM32CubeIDE/plugins/com.st.stm32cube.ide.mcu.externaltools.gnu-tools-for-stm32.13.3.rel1.win32_1.0.0.202411081344/tools/bin/../lib/gcc/arm-none-eabi/13.3.1/thumb/v7e-m+fp/hard/crtn.o
OUTPUT(446_Data_Sample2.elf elf32-littlearm)
LOAD linker stubs
LOAD C:/ST/STM32CubeIDE_1.19.0/STM32CubeIDE/plugins/com.st.stm32cube.ide.mcu.externaltools.gnu-tools-for-stm32.13.3.rel1.win32_1.0.0.202411081344/tools/bin/../lib/gcc/arm-none-eabi/13.3.1/../../../../arm-none-eabi/lib/thumb/v7e-m+fp/hard\libc.a
LOAD C:/ST/STM32CubeIDE_1.19.0/STM32CubeIDE/plugins/com.st.stm32cube.ide.mcu.externaltools.gnu-tools-for-stm32.13.3.rel1.win32_1.0.0.202411081344/tools/bin/../lib/gcc/arm-none-eabi/13.3.1/../../../../arm-none-eabi/lib/thumb/v7e-m+fp/hard\libm.a
LOAD C:/ST/STM32CubeIDE_1.19.0/STM32CubeIDE/plugins/com.st.stm32cube.ide.mcu.externaltools.gnu-tools-for-stm32.13.3.rel1.win32_1.0.0.202411081344/tools/bin/../lib/gcc/arm-none-eabi/13.3.1/thumb/v7e-m+fp/hard\libgcc.a

.debug_info     0x00000000    0x11663
 .debug_info    0x00000000     0x22ea ./Core/Src/main.o
 .debug_info    0x000022ea      0xafe ./Core/Src/motor.o
 .debug_info    0x00002de8     0x12c4 ./Core/Src/stm32f4xx_hal_msp.o
 .debug_info    0x000040ac      0x733 ./Core/Src/stm32f4xx_it.o
 .debug_info    0x000047df      0x54a ./Core/Src/system_stm32f4xx.o
 .debug_info    0x00004d29       0x30 ./Core/Startup/startup_stm32f446retx.o
 .debug_info    0x00004d59      0x99a ./Drivers/STM32F4xx_HAL_Driver/Src/stm32f4xx_hal.o
 .debug_info    0x000056f3      0xdaa ./Drivers/STM32F4xx_HAL_Driver/Src/stm32f4xx_hal_cortex.o
 .debug_info    0x0000649d      0x70b ./Drivers/STM32F4xx_HAL_Driver/Src/stm32f4xx_hal_gpio.o
 .debug_info    0x00006ba8      0x6da ./Drivers/STM32F4xx_HAL_Driver/Src/stm32f4xx_hal_pwr_ex.o
 .debug_info    0x00007282      0x8ff ./Drivers/STM32F4xx_HAL_Driver/Src/stm32f4xx_hal_rcc.o
 .debug_info    0x00007b81      0x960 ./Drivers/STM32F4xx_HAL_Driver/Src/stm32f4xx_hal_rcc_ex.o
 .debug_info    0x000084e1     0x1525 ./Drivers/STM32F4xx_HAL_Driver/Src/stm32f4xx_hal_spi.o
 .debug_info    0x00009a06     0x299d ./Drivers/STM32F4xx_HAL_Driver/Src/stm32f4xx_hal_tim.o
 .debug_info    0x0000c3a3     0x14db ./Drivers/STM32F4xx_HAL_Driver/Src/stm32f4xx_hal_tim_ex.o
 .debug_info    0x0000d87e      0x4d9 ./FATFS/App/fatfs.o
 .debug_info    0x0000dd57      0x3aa ./FATFS/Target/user_diskio.o
 .debug_info    0x0000e101      0xc27 ./FATFS/Target/user_diskio_spi.o
 .debug_info    0x0000ed28      0x3df ./Middlewares/Third_Party/FatFs/src/diskio.o
 .debug_info    0x0000f107     0x21dd ./Middlewares/Third_Party/FatFs/src/ff.o
 .debug_info    0x000112e4      0x37f ./Middlewares/Third_Party/FatFs/src/ff_gen_drv.o

.debug_abbrev   0x00000000     0x2b67
 .debug_abbrev  0x00000000      0x3b6 ./Core/Src/main.o
 .debug_abbrev  0x000003b6      0x21d ./Core/Src/motor.o
 .debug_abbrev  0x000005d3      0x23d ./Core/Src/stm32f4xx_hal_msp.o
 .debug_abbrev  0x00000810      0x1a9 ./Core/Src/stm32f4xx_it.o
 .debug_abbrev  0x000009b9      0x11a ./Core/Src/system_stm32f4xx.o
 .debug_abbrev  0x00000ad3       0x24 ./Core/Startup/startup_stm32f446retx.o
 .debug_abbrev  0x00000af7      0x214 ./Drivers/STM32F4xx_HAL_Driver/Src/stm32f4xx_hal.o
 .debug_abbrev  0x00000d0b      0x31d ./Drivers/STM32F4xx_HAL_Driver/Src/stm32f4xx_hal_cortex.o
 .debug_abbrev  0x00001028      0x1d4 ./Drivers/STM32F4xx_HAL_Driver/Src/stm32f4xx_hal_gpio.o
 .debug_abbrev  0x000011fc      0x1cf ./Drivers/STM32F4xx_HAL_Driver/Src/stm32f4xx_hal_pwr_ex.o
 .debug_abbrev  0x000013cb      0x2b7 ./Drivers/STM32F4xx_HAL_Driver/Src/stm32f4xx_hal_rcc.o
 .debug_abbrev  0x00001682      0x211 ./Drivers/STM32F4xx_HAL_Driver/Src/stm32f4xx_hal_rcc_ex.o
 .debug_abbrev  0x00001893      0x27a ./Drivers/STM32F4xx_HAL_Driver/Src/stm32f4xx_hal_spi.o
 .debug_abbrev  0x00001b0d      0x278 ./Drivers/STM32F4xx_HAL_Driver/Src/stm32f4xx_hal_tim.o
 .debug_abbrev  0x00001d85      0x283 ./Drivers/STM32F4xx_HAL_Driver/Src/stm32f4xx_hal_tim_ex.o
 .debug_abbrev  0x00002008      0x160 ./FATFS/App/fatfs.o
 .debug_abbrev  0x00002168      0x143 ./FATFS/Target/user_diskio.o
 .debug_abbrev  0x000022ab      0x31a ./FATFS/Target/user_diskio_spi.o
 .debug_abbrev  0x000025c5      0x181 ./Middlewares/Third_Party/FatFs/src/diskio.o
 .debug_abbrev  0x00002746      0x282 ./Middlewares/Third_Party/FatFs/src/ff.o
 .debug_abbrev  0x000029c8      0x19f ./Middlewares/Third_Party/FatFs/src/ff_gen_drv.o

.debug_aranges  0x00000000     0x1098
 .debug_aranges
                0x00000000       0xb0 ./Core/Src/main.o
 .debug_aranges
                0x000000b0       0x48 ./Core/Src/motor.o
 .debug_aranges
                0x000000f8       0x68 ./Core/Src/stm32f4xx_hal_msp.o
 .debug_aranges
                0x00000160       0x78 ./Core/Src/stm32f4xx_it.o
 .debug_aranges
                0x000001d8       0x28 ./Core/Src/system_stm32f4xx.o
 .debug_aranges
                0x00000200       0x28 ./Core/Startup/startup_stm32f446retx.o
 .debug_aranges
                0x00000228       0xf0 ./Drivers/STM32F4xx_HAL_Driver/Src/stm32f4xx_hal.o
 .debug_aranges
                0x00000318      0x130 ./Drivers/STM32F4xx_HAL_Driver/Src/stm32f4xx_hal_cortex.o
 .debug_aranges
                0x00000448       0x58 ./Drivers/STM32F4xx_HAL_Driver/Src/stm32f4xx_hal_gpio.o
 .debug_aranges
                0x000004a0       0x60 ./Drivers/STM32F4xx_HAL_Driver/Src/stm32f4xx_hal_pwr_ex.o
 .debug_aranges
                0x00000500       0x88 ./Drivers/STM32F4xx_HAL_Driver/Src/stm32f4xx_hal_rcc.o
 .debug_aranges
                0x00000588       0x78 ./Drivers/STM32F4xx_HAL_Driver/Src/stm32f4xx_hal_rcc_ex.o
 .debug_aranges
                0x00000600      0x1d0 ./Drivers/STM32F4xx_HAL_Driver/Src/stm32f4xx_hal_spi.o
 .debug_aranges
                0x000007d0      0x3d0 ./Drivers/STM32F4xx_HAL_Driver/Src/stm32f4xx_hal_tim.o
 .debug_aranges
                0x00000ba0      0x168 ./Drivers/STM32F4xx_HAL_Driver/Src/stm32f4xx_hal_tim_ex.o
 .debug_aranges
                0x00000d08       0x28 ./FATFS/App/fatfs.o
 .debug_aranges
                0x00000d30       0x40 ./FATFS/Target/user_diskio.o
 .debug_aranges
                0x00000d70       0x98 ./FATFS/Target/user_diskio_spi.o
 .debug_aranges
                0x00000e08       0x48 ./Middlewares/Third_Party/FatFs/src/diskio.o
 .debug_aranges
                0x00000e50      0x208 ./Middlewares/Third_Party/FatFs/src/ff.o
 .debug_aranges
                0x00001058       0x40 ./Middlewares/Third_Party/FatFs/src/ff_gen_drv.o

.debug_rnglists
                0x00000000      0xcd0
 .debug_rnglists
                0x00000000       0x8a ./Core/Src/main.o
 .debug_rnglists
                0x0000008a       0x35 ./Core/Src/motor.o
 .debug_rnglists
                0x000000bf       0x4d ./Core/Src/stm32f4xx_hal_msp.o
 .debug_rnglists
                0x0000010c       0x55 ./Core/Src/stm32f4xx_it.o
 .debug_rnglists
                0x00000161       0x1a ./Core/Src/system_stm32f4xx.o
 .debug_rnglists
                0x0000017b       0x19 ./Core/Startup/startup_stm32f446retx.o
 .debug_rnglists
                0x00000194       0xaf ./Drivers/STM32F4xx_HAL_Driver/Src/stm32f4xx_hal.o
 .debug_rnglists
                0x00000243       0xe0 ./Drivers/STM32F4xx_HAL_Driver/Src/stm32f4xx_hal_cortex.o
 .debug_rnglists
                0x00000323       0x3f ./Drivers/STM32F4xx_HAL_Driver/Src/stm32f4xx_hal_gpio.o
 .debug_rnglists
                0x00000362       0x47 ./Drivers/STM32F4xx_HAL_Driver/Src/stm32f4xx_hal_pwr_ex.o
 .debug_rnglists
                0x000003a9       0x66 ./Drivers/STM32F4xx_HAL_Driver/Src/stm32f4xx_hal_rcc.o
 .debug_rnglists
                0x0000040f       0x5e ./Drivers/STM32F4xx_HAL_Driver/Src/stm32f4xx_hal_rcc_ex.o
 .debug_rnglists
                0x0000046d      0x16f ./Drivers/STM32F4xx_HAL_Driver/Src/stm32f4xx_hal_spi.o
 .debug_rnglists
                0x000005dc      0x31a ./Drivers/STM32F4xx_HAL_Driver/Src/stm32f4xx_hal_tim.o
 .debug_rnglists
                0x000008f6      0x125 ./Drivers/STM32F4xx_HAL_Driver/Src/stm32f4xx_hal_tim_ex.o
 .debug_rnglists
                0x00000a1b       0x19 ./FATFS/App/fatfs.o
 .debug_rnglists
                0x00000a34       0x2b ./FATFS/Target/user_diskio.o
 .debug_rnglists
                0x00000a5f       0x72 ./FATFS/Target/user_diskio_spi.o
 .debug_rnglists
                0x00000ad1       0x31 ./Middlewares/Third_Party/FatFs/src/diskio.o
 .debug_rnglists
                0x00000b02      0x1a2 ./Middlewares/Third_Party/FatFs/src/ff.o
 .debug_rnglists
                0x00000ca4       0x2c ./Middlewares/Third_Party/FatFs/src/ff_gen_drv.o

.debug_macro    0x00000000    0x23d53
 .debug_macro   0x00000000      0x394 ./Core/Src/main.o
 .debug_macro   0x00000394      0xad8 ./Core/Src/main.o
 .debug_macro   0x00000e6c      0x29b ./Core/Src/main.o
 .debug_macro   0x00001107       0x2e ./Core/Src/main.o
 .debug_macro   0x00001135       0x28 ./Core/Src/main.o
 .debug_macro   0x0000115d       0x22 ./Core/Src/main.o
 .debug_macro   0x0000117f       0x8e ./Core/Src/main.o
 .debug_macro   0x0000120d       0x51 ./Core/Src/main.o
 .debug_macro   0x0000125e      0x103 ./Core/Src/main.o
 .debug_macro   0x00001361       0x6a ./Core/Src/main.o
 .debug_macro   0x000013cb      0x1df ./Core/Src/main.o
 .debug_macro   0x000015aa       0x1c ./Core/Src/main.o
 .debug_macro   0x000015c6       0x22 ./Core/Src/main.o
 .debug_macro   0x000015e8       0xfb ./Core/Src/main.o
 .debug_macro   0x000016e3     0x1011 ./Core/Src/main.o
 .debug_macro   0x000026f4      0x11f ./Core/Src/main.o
 .debug_macro   0x00002813    0x1675e ./Core/Src/main.o
 .debug_macro   0x00018f71       0x6d ./Core/Src/main.o
 .debug_macro   0x00018fde     0x3693 ./Core/Src/main.o
 .debug_macro   0x0001c671      0x190 ./Core/Src/main.o
 .debug_macro   0x0001c801       0x5c ./Core/Src/main.o
 .debug_macro   0x0001c85d      0xca5 ./Core/Src/main.o
 .debug_macro   0x0001d502      0x9e9 ./Core/Src/main.o
 .debug_macro   0x0001deeb      0x115 ./Core/Src/main.o
 .debug_macro   0x0001e000      0x1a0 ./Core/Src/main.o
 .debug_macro   0x0001e1a0       0xa5 ./Core/Src/main.o
 .debug_macro   0x0001e245      0x16d ./Core/Src/main.o
 .debug_macro   0x0001e3b2      0x287 ./Core/Src/main.o
 .debug_macro   0x0001e639       0x5f ./Core/Src/main.o
 .debug_macro   0x0001e698      0x236 ./Core/Src/main.o
 .debug_macro   0x0001e8ce      0x132 ./Core/Src/main.o
 .debug_macro   0x0001ea00      0x29c ./Core/Src/main.o
 .debug_macro   0x0001ec9c       0x2e ./Core/Src/main.o
 .debug_macro   0x0001ecca      0x127 ./Core/Src/main.o
 .debug_macro   0x0001edf1       0xe8 ./Core/Src/main.o
 .debug_macro   0x0001eed9       0x89 ./Core/Src/main.o
 .debug_macro   0x0001ef62      0x225 ./Core/Src/main.o
 .debug_macro   0x0001f187      0x8ed ./Core/Src/main.o
 .debug_macro   0x0001fa74       0x53 ./Core/Src/main.o
 .debug_macro   0x0001fac7      0x126 ./Core/Src/main.o
 .debug_macro   0x0001fbed       0x3a ./Core/Src/main.o
 .debug_macro   0x0001fc27       0xeb ./Core/Src/main.o
 .debug_macro   0x0001fd12       0x2a ./Core/Src/main.o
 .debug_macro   0x0001fd3c       0x61 ./Core/Src/main.o
 .debug_macro   0x0001fd9d       0x43 ./Core/Src/main.o
 .debug_macro   0x0001fde0       0x34 ./Core/Src/main.o
 .debug_macro   0x0001fe14       0x16 ./Core/Src/main.o
 .debug_macro   0x0001fe2a       0x3c ./Core/Src/main.o
 .debug_macro   0x0001fe66      0x370 ./Core/Src/main.o
 .debug_macro   0x000201d6       0x16 ./Core/Src/main.o
 .debug_macro   0x000201ec       0x4a ./Core/Src/main.o
 .debug_macro   0x00020236       0x34 ./Core/Src/main.o
 .debug_macro   0x0002026a       0x10 ./Core/Src/main.o
 .debug_macro   0x0002027a       0x58 ./Core/Src/main.o
 .debug_macro   0x000202d2       0x8e ./Core/Src/main.o
 .debug_macro   0x00020360       0x1c ./Core/Src/main.o
 .debug_macro   0x0002037c      0x185 ./Core/Src/main.o
 .debug_macro   0x00020501       0x16 ./Core/Src/main.o
 .debug_macro   0x00020517       0x29 ./Core/Src/main.o
 .debug_macro   0x00020540       0x12 ./Core/Src/main.o
 .debug_macro   0x00020552       0xe2 ./Core/Src/main.o
 .debug_macro   0x00020634       0x8e ./Core/Src/main.o
 .debug_macro   0x000206c2       0x1c ./Core/Src/main.o
 .debug_macro   0x000206de       0x10 ./Core/Src/main.o
 .debug_macro   0x000206ee       0x1c ./Core/Src/main.o
 .debug_macro   0x0002070a       0x16 ./Core/Src/main.o
 .debug_macro   0x00020720      0x146 ./Core/Src/main.o
 .debug_macro   0x00020866       0x16 ./Core/Src/main.o
 .debug_macro   0x0002087c       0x20 ./Core/Src/main.o
 .debug_macro   0x0002089c       0x4c ./Core/Src/main.o
 .debug_macro   0x000208e8       0x64 ./Core/Src/main.o
 .debug_macro   0x0002094c      0x2c5 ./Core/Src/motor.o
 .debug_macro   0x00020c11      0x19b ./Core/Src/motor.o
 .debug_macro   0x00020dac      0x1dd ./Core/Src/stm32f4xx_hal_msp.o
 .debug_macro   0x00020f89      0x1e7 ./Core/Src/stm32f4xx_it.o
 .debug_macro   0x00021170      0x1ce ./Core/Src/system_stm32f4xx.o
 .debug_macro   0x0002133e      0x22e ./Drivers/STM32F4xx_HAL_Driver/Src/stm32f4xx_hal.o
 .debug_macro   0x0002156c      0x1ce ./Drivers/STM32F4xx_HAL_Driver/Src/stm32f4xx_hal_cortex.o
 .debug_macro   0x0002173a      0x1d4 ./Drivers/STM32F4xx_HAL_Driver/Src/stm32f4xx_hal_gpio.o
 .debug_macro   0x0002190e      0x1e6 ./Drivers/STM32F4xx_HAL_Driver/Src/stm32f4xx_hal_pwr_ex.o
 .debug_macro   0x00021af4      0x1f2 ./Drivers/STM32F4xx_HAL_Driver/Src/stm32f4xx_hal_rcc.o
 .debug_macro   0x00021ce6      0x1ce ./Drivers/STM32F4xx_HAL_Driver/Src/stm32f4xx_hal_rcc_ex.o
 .debug_macro   0x00021eb4      0x1dd ./Drivers/STM32F4xx_HAL_Driver/Src/stm32f4xx_hal_spi.o
 .debug_macro   0x00022091      0x1cf ./Drivers/STM32F4xx_HAL_Driver/Src/stm32f4xx_hal_tim.o
 .debug_macro   0x00022260      0x1ce ./Drivers/STM32F4xx_HAL_Driver/Src/stm32f4xx_hal_tim_ex.o
 .debug_macro   0x0002242e      0x302 ./FATFS/App/fatfs.o
 .debug_macro   0x00022730       0xe5 ./FATFS/App/fatfs.o
 .debug_macro   0x00022815      0x331 ./FATFS/Target/user_diskio.o
 .debug_macro   0x00022b46       0x10 ./FATFS/Target/user_diskio.o
 .debug_macro   0x00022b56       0x16 ./FATFS/Target/user_diskio.o
 .debug_macro   0x00022b6c       0x7c ./FATFS/Target/user_diskio.o
 .debug_macro   0x00022be8       0x56 ./FATFS/Target/user_diskio.o
 .debug_macro   0x00022c3e      0x3a9 ./FATFS/Target/user_diskio_spi.o
 .debug_macro   0x00022fe7       0x40 ./FATFS/Target/user_diskio_spi.o
 .debug_macro   0x00023027      0x2ef ./Middlewares/Third_Party/FatFs/src/diskio.o
 .debug_macro   0x00023316      0x6f6 ./Middlewares/Third_Party/FatFs/src/ff.o
 .debug_macro   0x00023a0c       0x58 ./Middlewares/Third_Party/FatFs/src/ff.o
 .debug_macro   0x00023a64      0x2ef ./Middlewares/Third_Party/FatFs/src/ff_gen_drv.o

.debug_line     0x00000000    0x160d8
 .debug_line    0x00000000     0x1102 ./Core/Src/main.o
 .debug_line    0x00001102      0xae4 ./Core/Src/motor.o
 .debug_line    0x00001be6      0x9ef ./Core/Src/stm32f4xx_hal_msp.o
 .debug_line    0x000025d5      0x83c ./Core/Src/stm32f4xx_it.o
 .debug_line    0x00002e11      0x7bb ./Core/Src/system_stm32f4xx.o
 .debug_line    0x000035cc       0x7a ./Core/Startup/startup_stm32f446retx.o
 .debug_line    0x00003646      0xa37 ./Drivers/STM32F4xx_HAL_Driver/Src/stm32f4xx_hal.o
 .debug_line    0x0000407d      0xd07 ./Drivers/STM32F4xx_HAL_Driver/Src/stm32f4xx_hal_cortex.o
 .debug_line    0x00004d84      0xb7b ./Drivers/STM32F4xx_HAL_Driver/Src/stm32f4xx_hal_gpio.o
 .debug_line    0x000058ff      0x9a4 ./Drivers/STM32F4xx_HAL_Driver/Src/stm32f4xx_hal_pwr_ex.o
 .debug_line    0x000062a3      0xe52 ./Drivers/STM32F4xx_HAL_Driver/Src/stm32f4xx_hal_rcc.o
 .debug_line    0x000070f5     0x1503 ./Drivers/STM32F4xx_HAL_Driver/Src/stm32f4xx_hal_rcc_ex.o
 .debug_line    0x000085f8     0x1cd2 ./Drivers/STM32F4xx_HAL_Driver/Src/stm32f4xx_hal_spi.o
 .debug_line    0x0000a2ca     0x37ac ./Drivers/STM32F4xx_HAL_Driver/Src/stm32f4xx_hal_tim.o
 .debug_line    0x0000da76     0x1997 ./Drivers/STM32F4xx_HAL_Driver/Src/stm32f4xx_hal_tim_ex.o
 .debug_line    0x0000f40d      0x938 ./FATFS/App/fatfs.o
 .debug_line    0x0000fd45      0x99f ./FATFS/Target/user_diskio.o
 .debug_line    0x000106e4     0x1074 ./FATFS/Target/user_diskio_spi.o
 .debug_line    0x00011758      0x9a6 ./Middlewares/Third_Party/FatFs/src/diskio.o
 .debug_line    0x000120fe     0x3619 ./Middlewares/Third_Party/FatFs/src/ff.o
 .debug_line    0x00015717      0x9c1 ./Middlewares/Third_Party/FatFs/src/ff_gen_drv.o

.debug_str      0x00000000    0xd2e49
 .debug_str     0x00000000    0xd2e49 ./Core/Src/main.o
                              0xcea92 (size before relaxing)
 .debug_str     0x000d2e49    0xcd172 ./Core/Src/motor.o
 .debug_str     0x000d2e49    0xc9e0f ./Core/Src/stm32f4xx_hal_msp.o
 .debug_str     0x000d2e49    0xc9509 ./Core/Src/stm32f4xx_it.o
 .debug_str     0x000d2e49    0xc8fd6 ./Core/Src/system_stm32f4xx.o
 .debug_str     0x000d2e49       0x87 ./Core/Startup/startup_stm32f446retx.o
 .debug_str     0x000d2e49    0xc9b9a ./Drivers/STM32F4xx_HAL_Driver/Src/stm32f4xx_hal.o
 .debug_str     0x000d2e49    0xc98f1 ./Drivers/STM32F4xx_HAL_Driver/Src/stm32f4xx_hal_cortex.o
 .debug_str     0x000d2e49    0xc9150 ./Drivers/STM32F4xx_HAL_Driver/Src/stm32f4xx_hal_gpio.o
 .debug_str     0x000d2e49    0xc91ad ./Drivers/STM32F4xx_HAL_Driver/Src/stm32f4xx_hal_pwr_ex.o
 .debug_str     0x000d2e49    0xc940e ./Drivers/STM32F4xx_HAL_Driver/Src/stm32f4xx_hal_rcc.o
 .debug_str     0x000d2e49    0xc9441 ./Drivers/STM32F4xx_HAL_Driver/Src/stm32f4xx_hal_rcc_ex.o
 .debug_str     0x000d2e49    0xc986e ./Drivers/STM32F4xx_HAL_Driver/Src/stm32f4xx_hal_spi.o
 .debug_str     0x000d2e49    0xca33a ./Drivers/STM32F4xx_HAL_Driver/Src/stm32f4xx_hal_tim.o
 .debug_str     0x000d2e49    0xc9b46 ./Drivers/STM32F4xx_HAL_Driver/Src/stm32f4xx_hal_tim_ex.o
 .debug_str     0x000d2e49    0xcc903 ./FATFS/App/fatfs.o
 .debug_str     0x000d2e49    0xcc8e5 ./FATFS/Target/user_diskio.o
 .debug_str     0x000d2e49    0xcd0ca ./FATFS/Target/user_diskio_spi.o
 .debug_str     0x000d2e49    0xcc812 ./Middlewares/Third_Party/FatFs/src/diskio.o
 .debug_str     0x000d2e49    0xcda75 ./Middlewares/Third_Party/FatFs/src/ff.o
 .debug_str     0x000d2e49    0xcc863 ./Middlewares/Third_Party/FatFs/src/ff_gen_drv.o

.comment        0x00000000       0x43
 .comment       0x00000000       0x43 ./Core/Src/main.o
                                 0x44 (size before relaxing)
 .comment       0x00000043       0x44 ./Core/Src/motor.o
 .comment       0x00000043       0x44 ./Core/Src/stm32f4xx_hal_msp.o
 .comment       0x00000043       0x44 ./Core/Src/stm32f4xx_it.o
 .comment       0x00000043       0x44 ./Core/Src/system_stm32f4xx.o
 .comment       0x00000043       0x44 ./Drivers/STM32F4xx_HAL_Driver/Src/stm32f4xx_hal.o
 .comment       0x00000043       0x44 ./Drivers/STM32F4xx_HAL_Driver/Src/stm32f4xx_hal_cortex.o
 .comment       0x00000043       0x44 ./Drivers/STM32F4xx_HAL_Driver/Src/stm32f4xx_hal_gpio.o
 .comment       0x00000043       0x44 ./Drivers/STM32F4xx_HAL_Driver/Src/stm32f4xx_hal_pwr_ex.o
 .comment       0x00000043       0x44 ./Drivers/STM32F4xx_HAL_Driver/Src/stm32f4xx_hal_rcc.o
 .comment       0x00000043       0x44 ./Drivers/STM32F4xx_HAL_Driver/Src/stm32f4xx_hal_rcc_ex.o
 .comment       0x00000043       0x44 ./Drivers/STM32F4xx_HAL_Driver/Src/stm32f4xx_hal_spi.o
 .comment       0x00000043       0x44 ./Drivers/STM32F4xx_HAL_Driver/Src/stm32f4xx_hal_tim.o
 .comment       0x00000043       0x44 ./Drivers/STM32F4xx_HAL_Driver/Src/stm32f4xx_hal_tim_ex.o
 .comment       0x00000043       0x44 ./FATFS/App/fatfs.o
 .comment       0x00000043       0x44 ./FATFS/Target/user_diskio.o
 .comment       0x00000043       0x44 ./FATFS/Target/user_diskio_spi.o
 .comment       0x00000043       0x44 ./Middlewares/Third_Party/FatFs/src/diskio.o
 .comment       0x00000043       0x44 ./Middlewares/Third_Party/FatFs/src/ff.o
 .comment       0x00000043       0x44 ./Middlewares/Third_Party/FatFs/src/ff_gen_drv.o

.debug_frame    0x00000000     0x44ec
 .debug_frame   0x00000000      0x2a8 ./Core/Src/main.o
 .debug_frame   0x000002a8       0xfc ./Core/Src/motor.o
 .debug_frame   0x000003a4      0x184 ./Core/Src/stm32f4xx_hal_msp.o
 .debug_frame   0x00000528      0x158 ./Core/Src/stm32f4xx_it.o
 .debug_frame   0x00000680       0x58 ./Core/Src/system_stm32f4xx.o
 .debug_frame   0x000006d8      0x374 ./Drivers/STM32F4xx_HAL_Driver/Src/stm32f4xx_hal.o
 .debug_frame   0x00000a4c      0x508 ./Drivers/STM32F4xx_HAL_Driver/Src/stm32f4xx_hal_cortex.o
 .debug_frame   0x00000f54      0x14c ./Drivers/STM32F4xx_HAL_Driver/Src/stm32f4xx_hal_gpio.o
 .debug_frame   0x000010a0      0x14c ./Drivers/STM32F4xx_HAL_Driver/Src/stm32f4xx_hal_pwr_ex.o
 .debug_frame   0x000011ec      0x1f4 ./Drivers/STM32F4xx_HAL_Driver/Src/stm32f4xx_hal_rcc.o
 .debug_frame   0x000013e0      0x1e8 ./Drivers/STM32F4xx_HAL_Driver/Src/stm32f4xx_hal_rcc_ex.o
 .debug_frame   0x000015c8      0x828 ./Drivers/STM32F4xx_HAL_Driver/Src/stm32f4xx_hal_spi.o
 .debug_frame   0x00001df0     0x11c0 ./Drivers/STM32F4xx_HAL_Driver/Src/stm32f4xx_hal_tim.o
 .debug_frame   0x00002fb0      0x638 ./Drivers/STM32F4xx_HAL_Driver/Src/stm32f4xx_hal_tim_ex.o
 .debug_frame   0x000035e8       0x4c ./FATFS/App/fatfs.o
 .debug_frame   0x00003634       0xc4 ./FATFS/Target/user_diskio.o
 .debug_frame   0x000036f8      0x248 ./FATFS/Target/user_diskio_spi.o
 .debug_frame   0x00003940       0xec ./Middlewares/Third_Party/FatFs/src/diskio.o
 .debug_frame   0x00003a2c      0x94c ./Middlewares/Third_Party/FatFs/src/ff.o
 .debug_frame   0x00004378       0xc8 ./Middlewares/Third_Party/FatFs/src/ff_gen_drv.o
 .debug_frame   0x00004440       0x20 C:/ST/STM32CubeIDE_1.19.0/STM32CubeIDE/plugins/com.st.stm32cube.ide.mcu.externaltools.gnu-tools-for-stm32.13.3.rel1.win32_1.0.0.202411081344/tools/bin/../lib/gcc/arm-none-eabi/13.3.1/../../../../arm-none-eabi/lib/thumb/v7e-m+fp/hard\libc_nano.a(libc_a-memset.o)
 .debug_frame   0x00004460       0x2c C:/ST/STM32CubeIDE_1.19.0/STM32CubeIDE/plugins/com.st.stm32cube.ide.mcu.externaltools.gnu-tools-for-stm32.13.3.rel1.win32_1.0.0.202411081344/tools/bin/../lib/gcc/arm-none-eabi/13.3.1/../../../../arm-none-eabi/lib/thumb/v7e-m+fp/hard\libc_nano.a(libc_a-init.o)
 .debug_frame   0x0000448c       0x2c C:/ST/STM32CubeIDE_1.19.0/STM32CubeIDE/plugins/com.st.stm32cube.ide.mcu.externaltools.gnu-tools-for-stm32.13.3.rel1.win32_1.0.0.202411081344/tools/bin/../lib/gcc/arm-none-eabi/13.3.1/thumb/v7e-m+fp/hard\libgcc.a(_aeabi_uldivmod.o)
 .debug_frame   0x000044b8       0x34 C:/ST/STM32CubeIDE_1.19.0/STM32CubeIDE/plugins/com.st.stm32cube.ide.mcu.externaltools.gnu-tools-for-stm32.13.3.rel1.win32_1.0.0.202411081344/tools/bin/../lib/gcc/arm-none-eabi/13.3.1/thumb/v7e-m+fp/hard\libgcc.a(_udivmoddi4.o)

.debug_line_str
                0x00000000       0x6b
 .debug_line_str
                0x00000000       0x6b ./Core/Startup/startup_stm32f446retx.o
