Archive member included to satisfy reference by file (symbol)

C:/ST/STM32CubeIDE_1.19.0/STM32CubeIDE/plugins/com.st.stm32cube.ide.mcu.externaltools.gnu-tools-for-stm32.13.3.rel1.win32_1.0.0.202411081344/tools/bin/../lib/gcc/arm-none-eabi/13.3.1/../../../../arm-none-eabi/lib/thumb/v7e-m+fp/hard\libc_nano.a(libc_a-exit.o)
                              C:/ST/STM32CubeIDE_1.19.0/STM32CubeIDE/plugins/com.st.stm32cube.ide.mcu.externaltools.gnu-tools-for-stm32.13.3.rel1.win32_1.0.0.202411081344/tools/bin/../lib/gcc/arm-none-eabi/13.3.1/../../../../arm-none-eabi/lib/thumb/v7e-m+fp/hard/crt0.o (exit)
C:/ST/STM32CubeIDE_1.19.0/STM32CubeIDE/plugins/com.st.stm32cube.ide.mcu.externaltools.gnu-tools-for-stm32.13.3.rel1.win32_1.0.0.202411081344/tools/bin/../lib/gcc/arm-none-eabi/13.3.1/../../../../arm-none-eabi/lib/thumb/v7e-m+fp/hard\libc_nano.a(libc_a-findfp.o)
                              C:/ST/STM32CubeIDE_1.19.0/STM32CubeIDE/plugins/com.st.stm32cube.ide.mcu.externaltools.gnu-tools-for-stm32.13.3.rel1.win32_1.0.0.202411081344/tools/bin/../lib/gcc/arm-none-eabi/13.3.1/../../../../arm-none-eabi/lib/thumb/v7e-m+fp/hard\libc_nano.a(libc_a-exit.o) (__stdio_exit_handler)
C:/ST/STM32CubeIDE_1.19.0/STM32CubeIDE/plugins/com.st.stm32cube.ide.mcu.externaltools.gnu-tools-for-stm32.13.3.rel1.win32_1.0.0.202411081344/tools/bin/../lib/gcc/arm-none-eabi/13.3.1/../../../../arm-none-eabi/lib/thumb/v7e-m+fp/hard\libc_nano.a(libc_a-fwalk.o)
                              C:/ST/STM32CubeIDE_1.19.0/STM32CubeIDE/plugins/com.st.stm32cube.ide.mcu.externaltools.gnu-tools-for-stm32.13.3.rel1.win32_1.0.0.202411081344/tools/bin/../lib/gcc/arm-none-eabi/13.3.1/../../../../arm-none-eabi/lib/thumb/v7e-m+fp/hard\libc_nano.a(libc_a-findfp.o) (_fwalk_sglue)
C:/ST/STM32CubeIDE_1.19.0/STM32CubeIDE/plugins/com.st.stm32cube.ide.mcu.externaltools.gnu-tools-for-stm32.13.3.rel1.win32_1.0.0.202411081344/tools/bin/../lib/gcc/arm-none-eabi/13.3.1/../../../../arm-none-eabi/lib/thumb/v7e-m+fp/hard\libc_nano.a(libc_a-stdio.o)
                              C:/ST/STM32CubeIDE_1.19.0/STM32CubeIDE/plugins/com.st.stm32cube.ide.mcu.externaltools.gnu-tools-for-stm32.13.3.rel1.win32_1.0.0.202411081344/tools/bin/../lib/gcc/arm-none-eabi/13.3.1/../../../../arm-none-eabi/lib/thumb/v7e-m+fp/hard\libc_nano.a(libc_a-findfp.o) (__sread)
C:/ST/STM32CubeIDE_1.19.0/STM32CubeIDE/plugins/com.st.stm32cube.ide.mcu.externaltools.gnu-tools-for-stm32.13.3.rel1.win32_1.0.0.202411081344/tools/bin/../lib/gcc/arm-none-eabi/13.3.1/../../../../arm-none-eabi/lib/thumb/v7e-m+fp/hard\libc_nano.a(libc_a-memset.o)
                              C:/ST/STM32CubeIDE_1.19.0/STM32CubeIDE/plugins/com.st.stm32cube.ide.mcu.externaltools.gnu-tools-for-stm32.13.3.rel1.win32_1.0.0.202411081344/tools/bin/../lib/gcc/arm-none-eabi/13.3.1/../../../../arm-none-eabi/lib/thumb/v7e-m+fp/hard/crt0.o (memset)
C:/ST/STM32CubeIDE_1.19.0/STM32CubeIDE/plugins/com.st.stm32cube.ide.mcu.externaltools.gnu-tools-for-stm32.13.3.rel1.win32_1.0.0.202411081344/tools/bin/../lib/gcc/arm-none-eabi/13.3.1/../../../../arm-none-eabi/lib/thumb/v7e-m+fp/hard\libc_nano.a(libc_a-closer.o)
                              C:/ST/STM32CubeIDE_1.19.0/STM32CubeIDE/plugins/com.st.stm32cube.ide.mcu.externaltools.gnu-tools-for-stm32.13.3.rel1.win32_1.0.0.202411081344/tools/bin/../lib/gcc/arm-none-eabi/13.3.1/../../../../arm-none-eabi/lib/thumb/v7e-m+fp/hard\libc_nano.a(libc_a-stdio.o) (_close_r)
C:/ST/STM32CubeIDE_1.19.0/STM32CubeIDE/plugins/com.st.stm32cube.ide.mcu.externaltools.gnu-tools-for-stm32.13.3.rel1.win32_1.0.0.202411081344/tools/bin/../lib/gcc/arm-none-eabi/13.3.1/../../../../arm-none-eabi/lib/thumb/v7e-m+fp/hard\libc_nano.a(libc_a-reent.o)
                              C:/ST/STM32CubeIDE_1.19.0/STM32CubeIDE/plugins/com.st.stm32cube.ide.mcu.externaltools.gnu-tools-for-stm32.13.3.rel1.win32_1.0.0.202411081344/tools/bin/../lib/gcc/arm-none-eabi/13.3.1/../../../../arm-none-eabi/lib/thumb/v7e-m+fp/hard\libc_nano.a(libc_a-closer.o) (errno)
C:/ST/STM32CubeIDE_1.19.0/STM32CubeIDE/plugins/com.st.stm32cube.ide.mcu.externaltools.gnu-tools-for-stm32.13.3.rel1.win32_1.0.0.202411081344/tools/bin/../lib/gcc/arm-none-eabi/13.3.1/../../../../arm-none-eabi/lib/thumb/v7e-m+fp/hard\libc_nano.a(libc_a-impure.o)
                              C:/ST/STM32CubeIDE_1.19.0/STM32CubeIDE/plugins/com.st.stm32cube.ide.mcu.externaltools.gnu-tools-for-stm32.13.3.rel1.win32_1.0.0.202411081344/tools/bin/../lib/gcc/arm-none-eabi/13.3.1/../../../../arm-none-eabi/lib/thumb/v7e-m+fp/hard\libc_nano.a(libc_a-reent.o) (_impure_ptr)
C:/ST/STM32CubeIDE_1.19.0/STM32CubeIDE/plugins/com.st.stm32cube.ide.mcu.externaltools.gnu-tools-for-stm32.13.3.rel1.win32_1.0.0.202411081344/tools/bin/../lib/gcc/arm-none-eabi/13.3.1/../../../../arm-none-eabi/lib/thumb/v7e-m+fp/hard\libc_nano.a(libc_a-lseekr.o)
[...]
Memory Configuration

Name             Origin             Length             Attributes
RAM              0x20000000         0x00020000         xrw
FLASH            0x08000000         0x00080000         xr
*default*        0x00000000         0xffffffff

Linker script and memory map

LOAD C:/ST/STM32CubeIDE_1.19.0/STM32CubeIDE/plugins/com.st.stm32cube.ide.mcu.externaltools.gnu-tools-for-stm32.13.3.rel1.win32_1.0.0.202411081344/tools/bin/../lib/gcc/arm-none-eabi/13.3.1/thumb/v7e-m+fp/hard/crti.o
LOAD C:/ST/STM32CubeIDE_1.19.0/STM32CubeIDE/plugins/com.st.stm32cube.ide.mcu.externaltools.gnu-tools-for-stm32.13.3.rel1.win32_1.0.0.202411081344/tools/bin/../lib/gcc/arm-none-eabi/13.3.1/thumb/v7e-m+fp/hard/crtbegin.o
LOAD C:/ST/STM32CubeIDE_1.19.0/STM32CubeIDE/plugins/com.st.stm32cube.ide.mcu.externaltools.gnu-tools-for-stm32.13.3.rel1.win32_1.0.0.202411081344/tools/bin/../lib/gcc/arm-none-eabi/13.3.1/../../../../arm-none-eabi/lib/thumb/v7e-m+fp/hard/crt0.o
LOAD ./Core/Src/main.o
LOAD ./Core/Src/stm32f4xx_hal_msp.o
LOAD ./Core/Src/stm32f4xx_it.o
LOAD ./Core/Src/syscalls.o
LOAD ./Core/Src/sysmem.o
LOAD ./Core/Src/system_stm32f4xx.o
LOAD ./Core/Startup/startup_stm32f446retx.o
LOAD ./Drivers/STM32F4xx_HAL_Driver/Src/stm32f4xx_hal.o
LOAD ./Drivers/STM32F4xx_HAL_Driver/Src/stm32f4xx_hal_cortex.o
LOAD ./Drivers/STM32F4xx_HAL_Driver/Src/stm32f4xx_hal_dma.o
LOAD ./Drivers/STM32F4xx_HAL_Driver/Src/stm32f4xx_hal_dma_ex.o
LOAD ./Drivers/STM32F4xx_HAL_Driver/Src/stm32f4xx_hal_exti.o
LOAD ./Drivers/STM32F4xx_HAL_Driver/Src/stm32f4xx_hal_flash.o
LOAD ./Drivers/STM32F4xx_HAL_Driver/Src/stm32f4xx_hal_flash_ex.o
LOAD ./Drivers/STM32F4xx_HAL_Driver/Src/stm32f4xx_hal_flash_ramfunc.o
LOAD ./Drivers/STM32F4xx_HAL_Driver/Src/stm32f4xx_hal_gpio.o
LOAD ./Drivers/STM32F4xx_HAL_Driver/Src/stm32f4xx_hal_pwr.o
LOAD ./Drivers/STM32F4xx_HAL_Driver/Src/stm32f4xx_hal_pwr_ex.o
LOAD ./Drivers/STM32F4xx_HAL_Driver/Src/stm32f4xx_hal_rcc.o
LOAD ./Drivers/STM32F4xx_HAL_Driver/Src/stm32f4xx_hal_rcc_ex.o
LOAD ./Drivers/STM32F4xx_HAL_Driver/Src/stm32f4xx_hal_spi.o
LOAD ./Drivers/STM32F4xx_HAL_Driver/Src/stm32f4xx_hal_tim.o
LOAD ./Drivers/STM32F4xx_HAL_Driver/Src/stm32f4xx_hal_tim_ex.o
LOAD ./FATFS/App/fatfs.o
LOAD ./FATFS/Target/user_diskio.o
LOAD ./FATFS/Target/user_diskio_spi.o
LOAD ./Middlewares/Third_Party/FatFs/src/diskio.o
LOAD ./Middlewares/Third_Party/FatFs/src/ff.o
LOAD ./Middlewares/Third_Party/FatFs/src/ff_gen_drv.o
LOAD ./Middlewares/Third_Party/FatFs/src/option/syscall.o
START GROUP
LOAD C:/ST/STM32CubeIDE_1.19.0/STM32CubeIDE/plugins/com.st.stm32cube.ide.mcu.externaltools.gnu-tools-for-stm32.13.3.rel1.win32_1.0.0.202411081344/tools/bin/../lib/gcc/arm-none-eabi/13.3.1/../../../../arm-none-eabi/lib/thumb/v7e-m+fp/hard\libc_nano.a
LOAD C:/ST/STM32CubeIDE_1.19.0/STM32CubeIDE/plugins/com.st.stm32cube.ide.mcu.externaltools.gnu-tools-for-stm32.13.3.rel1.win32_1.0.0.202411081344/tools/bin/../lib/gcc/arm-none-eabi/13.3.1/../../../../arm-none-eabi/lib/thumb/v7e-m+fp/hard\libm.a
END GROUP
START GROUP
LOAD C:/ST/STM32CubeIDE_1.19.0/STM32CubeIDE/plugins/com.st.stm32cube.ide.mcu.externaltools.gnu-tools-for-stm32.13.3.rel1.win32_1.0.0.202411081344/tools/bin/../lib/gcc/arm-none-eabi/13.3.1/thumb/v7e-m+fp/hard\libgcc.a
LOAD C:/ST/STM32CubeIDE_1.19.0/STM32CubeIDE/plugins/com.st.stm32cube.ide.mcu.externaltools.gnu-tools-for-stm32.13.3.rel1.win32_1.0.0.202411081344/tools/bin/../lib/gcc/arm-none-eabi/13.3.1/../../../../arm-none-eabi/lib/thumb/v7e-m+fp/hard\libc_nano.a
END GROUP
START GROUP
LOAD C:/ST/STM32CubeIDE_1.19.0/STM32CubeIDE/plugins/com.st.stm32cube.ide.mcu.externaltools.gnu-tools-for-stm32.13.3.rel1.win32_1.0.0.202411081344/tools/bin/../lib/gcc/arm-none-eabi/13.3.1/thumb/v7e-m+fp/hard\libgcc.a
LOAD C:/ST/STM32CubeIDE_1.19.0/STM32CubeIDE/plugins/com.st.stm32cube.ide.mcu.externaltools.gnu-tools-for-stm32.13.3.rel1.win32_1.0.0.202411081344/tools/bin/../lib/gcc/arm-none-eabi/13.3.1/../../../../arm-none-eabi/lib/thumb/v7e-m+fp/hard\libc_nano.a
LOAD C:/ST/STM32CubeIDE_1.19.0/STM32CubeIDE/plugins/com.st.stm32cube.ide.mcu.externaltools.gnu-tools-for-stm32.13.3.rel1.win32_1.0.0.202411081344/tools/bin/../lib/gcc/arm-none-eabi/13.3.1/../../../../arm-none-eabi/lib/thumb/v7e-m+fp/hard\libnosys.a
END GROUP
START GROUP
LOAD C:/ST/STM32CubeIDE_1.19.0/STM32CubeIDE/plugins/com.st.stm32cube.ide.mcu.externaltools.gnu-tools-for-stm32.13.3.rel1.win32_1.0.0.202411081344/tools/bin/../lib/gcc/arm-none-eabi/13.3.1/thumb/v7e-m+fp/hard\libgcc.a
LOAD C:/ST/STM32CubeIDE_1.19.0/STM32CubeIDE/plugins/com.st.stm32cube.ide.mcu.externaltools.gnu-tools-for-stm32.13.3.rel1.win32_1.0.0.202411081344/tools/bin/../lib/gcc/arm-none-eabi/13.3.1/../../../../arm-none-eabi/lib/thumb/v7e-m+fp/hard\libc_nano.a
LOAD C:/ST/STM32CubeIDE_1.19.0/STM32CubeIDE/plugins/com.st.stm32cube.ide.mcu.externaltools.gnu-tools-for-stm32.13.3.rel1.win32_1.0.0.202411081344/tools/bin/../lib/gcc/arm-none-eabi/13.3.1/../../../../arm-none-eabi/lib/thumb/v7e-m+fp/hard\libnosys.a
END GROUP
LOAD C:/ST/STM32CubeIDE_1.19.0/STM32CubeIDE/plugins/com.st.stm32cube.ide.mcu.externaltools.gnu-tools-for-stm32.13.3.rel1.win32_1.0.0.202411081344/tools/bin/../lib/gcc/arm-none-eabi/13.3.1/thumb/v7e-m+fp/hard/crtend.o
LOAD C:/ST/STM32CubeIDE_1.19.0/STM32CubeIDE/plugins/com.st.stm32cube.ide.mcu.externaltools.gnu-tools-for-stm32.13.3.rel1.win32_1.0.0.202411081344/tools/bin/../lib/gcc/arm-none-eabi/13.3.1/thumb/v7e-m+fp/hard/crtn.o
                0x20020000                        _estack = (ORIGIN (RAM) + LENGTH (RAM))
                0x00000200                        _Min_Heap_Size = 0x200
                0x00000400                        _Min_Stack_Size = 0x400

.isr_vector     0x08000000      0x1c4
                0x08000000                        . = ALIGN (0x4)
 *(.isr_vector)
 .isr_vector    0x08000000      0x1c4 ./Core/Startup/startup_stm32f446retx.o
                0x08000000                g_pfnVectors
                0x080001c4                        . = ALIGN (0x4)

.text           0x080001c4     0x79b8
                0x080001c4                        . = ALIGN (0x4)
 *(.text)
 .text          0x080001c4       0x40 C:/ST/STM32CubeIDE_1.19.0/STM32CubeIDE/plugins/com.st.stm32cube.ide.mcu.externaltools.gnu-tools-for-stm32.13.3.rel1.win32_1.0.0.202411081344/tools/bin/../lib/gcc/arm-none-eabi/13.3.1/thumb/v7e-m+fp/hard/crtbegin.o
 .text          0x08000204       0x30 C:/ST/STM32CubeIDE_1.19.0/STM32CubeIDE/plugins/com.st.stm32cube.ide.mcu.externaltools.gnu-tools-for-stm32.13.3.rel1.win32_1.0.0.202411081344/tools/bin/../lib/gcc/arm-none-eabi/13.3.1/thumb/v7e-m+fp/hard\libgcc.a(_aeabi_uldivmod.o)
                0x08000204                __aeabi_uldivmod
 .text          0x08000234      0x2f8 C:/ST/STM32CubeIDE_1.19.0/STM32CubeIDE/plugins/com.st.stm32cube.ide.mcu.externaltools.gnu-tools-for-stm32.13.3.rel1.win32_1.0.0.202411081344/tools/bin/../lib/gcc/arm-none-eabi/13.3.1/thumb/v7e-m+fp/hard\libgcc.a(_udivmoddi4.o)
                0x08000234                __udivmoddi4
 .text          0x0800052c        0x4 C:/ST/STM32CubeIDE_1.19.0/STM32CubeIDE/plugins/com.st.stm32cube.ide.mcu.externaltools.gnu-tools-for-stm32.13.3.rel1.win32_1.0.0.202411081344/tools/bin/../lib/gcc/arm-none-eabi/13.3.1/thumb/v7e-m+fp/hard\libgcc.a(_dvmd_tls.o)
                0x0800052c                __aeabi_idiv0
                0x0800052c                __aeabi_ldiv0
 *(.text*)
 .text.log_push
                0x08000530       0x70 ./Core/Src/main.o
 .text.HAL_TIM_IC_CaptureCallback
                0x080005a0      0x17c ./Core/Src/main.o
                0x080005a0                HAL_TIM_IC_CaptureCallback
 .text.HAL_GPIO_EXTI_Callback
                0x0800071c       0x4c ./Core/Src/main.o
                0x0800071c                HAL_GPIO_EXTI_Callback
 .text.log_pop  0x08000768       0x78 ./Core/Src/main.o
 .text.main     0x080007e0      0x22c ./Core/Src/main.o
                0x080007e0                main
 .text.SystemClock_Config
                0x08000a0c       0xe4 ./Core/Src/main.o
                0x08000a0c                SystemClock_Config
 .text.MX_SPI1_Init
                0x08000af0       0x6c ./Core/Src/main.o
 .text.MX_SPI2_Init
                0x08000b5c       0x6c ./Core/Src/main.o
 .text.MX_SPI3_Init
                0x08000bc8       0x6c ./Core/Src/main.o
 .text.MX_TIM1_Init
                0x08000c34       0xac ./Core/Src/main.o
 .text.MX_TIM2_Init
                0x08000ce0       0xa4 ./Core/Src/main.o
 .text.MX_TIM3_Init
                0x08000d84       0xec ./Core/Src/main.o
 .text.MX_TIM5_Init
                0x08000e70       0x9c ./Core/Src/main.o
 .text.MX_TIM12_Init
                0x08000f0c       0xc4 ./Core/Src/main.o
 .text.MX_GPIO_Init
                0x08000fd0      0x1c4 ./Core/Src/main.o
 .text.Error_Handler
                0x08001194        0xc ./Core/Src/main.o
                0x08001194                Error_Handler
 .text.HAL_MspInit
                0x080011a0       0x50 ./Core/Src/stm32f4xx_hal_msp.o
                0x080011a0                HAL_MspInit
 .text.HAL_SPI_MspInit
                0x080011f0      0x204 ./Core/Src/stm32f4xx_hal_msp.o
                0x080011f0                HAL_SPI_MspInit
 .text.HAL_TIM_IC_MspInit
                0x080013f4      0x118 ./Core/Src/stm32f4xx_hal_msp.o
                0x080013f4                HAL_TIM_IC_MspInit
 .text.HAL_TIM_Base_MspInit
                0x0800150c       0x9c ./Core/Src/stm32f4xx_hal_msp.o
                0x0800150c                HAL_TIM_Base_MspInit
 .text.HAL_TIM_MspPostInit
                0x080015a8       0xc8 ./Core/Src/stm32f4xx_hal_msp.o
                0x080015a8                HAL_TIM_MspPostInit
 .text.NMI_Handler
                0x08001670        0x8 ./Core/Src/stm32f4xx_it.o
                0x08001670                NMI_Handler
 .text.HardFault_Handler
                0x08001678        0x8 ./Core/Src/stm32f4xx_it.o
                0x08001678                HardFault_Handler
 .text.MemManage_Handler
                0x08001680        0x8 ./Core/Src/stm32f4xx_it.o
                0x08001680                MemManage_Handler
 .text.BusFault_Handler
                0x08001688        0x8 ./Core/Src/stm32f4xx_it.o
                0x08001688                BusFault_Handler
 .text.UsageFault_Handler
                0x08001690        0x8 ./Core/Src/stm32f4xx_it.o
                0x08001690                UsageFault_Handler
 .text.SVC_Handler
                0x08001698        0xe ./Core/Src/stm32f4xx_it.o
                0x08001698                SVC_Handler
 .text.DebugMon_Handler
                0x080016a6        0xe ./Core/Src/stm32f4xx_it.o
                0x080016a6                DebugMon_Handler
 .text.PendSV_Handler
                0x080016b4        0xe ./Core/Src/stm32f4xx_it.o
                0x080016b4                PendSV_Handler
 .text.SysTick_Handler
                0x080016c2        0xc ./Core/Src/stm32f4xx_it.o
                0x080016c2                SysTick_Handler
 *fill*         0x080016ce        0x2 
 .text.TIM1_CC_IRQHandler
                0x080016d0       0x14 ./Core/Src/stm32f4xx_it.o
                0x080016d0                TIM1_CC_IRQHandler
 .text.TIM2_IRQHandler
                0x080016e4       0x14 ./Core/Src/stm32f4xx_it.o
                0x080016e4                TIM2_IRQHandler
 .text.EXTI15_10_IRQHandler
                0x080016f8       0x10 ./Core/Src/stm32f4xx_it.o
                0x080016f8                EXTI15_10_IRQHandler
 .text.SystemInit
                0x08001708       0x24 ./Core/Src/system_stm32f4xx.o
                0x08001708                SystemInit
 .text.Reset_Handler
                0x0800172c       0x50 ./Core/Startup/startup_stm32f446retx.o
                0x0800172c                Reset_Handler
 .text.Default_Handler
                0x0800177c        0x2 ./Core/Startup/startup_stm32f446retx.o
                0x0800177c                RTC_Alarm_IRQHandler
                0x0800177c                EXTI2_IRQHandler
                0x0800177c                TIM8_CC_IRQHandler
                0x0800177c                FMPI2C1_EV_IRQHandler
                0x0800177c                SPI4_IRQHandler
                0x0800177c                DMA2_Stream5_IRQHandler
                0x0800177c                DMA1_Stream5_IRQHandler
                0x0800177c                PVD_IRQHandler
                0x0800177c                SDIO_IRQHandler
                0x0800177c                TAMP_STAMP_IRQHandler
                0x0800177c                CAN2_RX1_IRQHandler
                0x0800177c                EXTI3_IRQHandler
                0x0800177c                TIM8_TRG_COM_TIM14_IRQHandler
                0x0800177c                TIM1_UP_TIM10_IRQHandler
                0x0800177c                TIM8_UP_TIM13_IRQHandler
                0x0800177c                I2C3_ER_IRQHandler
                0x0800177c                EXTI0_IRQHandler
                0x0800177c                I2C2_EV_IRQHandler
                0x0800177c                DMA1_Stream2_IRQHandler
                0x0800177c                CAN1_RX0_IRQHandler
                0x0800177c                FPU_IRQHandler
                0x0800177c                OTG_HS_WKUP_IRQHandler
                0x0800177c                CAN2_SCE_IRQHandler
                0x0800177c                DMA2_Stream2_IRQHandler
                0x0800177c                SPI1_IRQHandler
                0x0800177c                TIM6_DAC_IRQHandler
                0x0800177c                TIM1_BRK_TIM9_IRQHandler
                0x0800177c                DCMI_IRQHandler
                0x0800177c                CAN2_RX0_IRQHandler
                0x0800177c                DMA2_Stream3_IRQHandler
                0x0800177c                SAI2_IRQHandler
                0x0800177c                USART6_IRQHandler
                0x0800177c                USART3_IRQHandler
                0x0800177c                CAN1_RX1_IRQHandler
                0x0800177c                UART5_IRQHandler
                0x0800177c                DMA2_Stream0_IRQHandler
                0x0800177c                TIM4_IRQHandler
                0x0800177c                QUADSPI_IRQHandler
                0x0800177c                I2C1_EV_IRQHandler
                0x0800177c                DMA1_Stream6_IRQHandler
                0x0800177c                DMA1_Stream1_IRQHandler
                0x0800177c                UART4_IRQHandler
                0x0800177c                TIM3_IRQHandler
                0x0800177c                RCC_IRQHandler
                0x0800177c                TIM8_BRK_TIM12_IRQHandler
                0x0800177c                Default_Handler
                0x0800177c                CEC_IRQHandler
                0x0800177c                ADC_IRQHandler
                0x0800177c                DMA1_Stream7_IRQHandler
                0x0800177c                TIM7_IRQHandler
                0x0800177c                CAN2_TX_IRQHandler
                0x0800177c                TIM5_IRQHandler
                0x0800177c                DMA2_Stream7_IRQHandler
                0x0800177c                I2C3_EV_IRQHandler
                0x0800177c                EXTI9_5_IRQHandler
                0x0800177c                RTC_WKUP_IRQHandler
                0x0800177c                SPDIF_RX_IRQHandler
                0x0800177c                SPI2_IRQHandler
                0x0800177c                OTG_HS_EP1_IN_IRQHandler
                0x0800177c                DMA1_Stream0_IRQHandler
                0x0800177c                CAN1_TX_IRQHandler
                0x0800177c                FMPI2C1_ER_IRQHandler
                0x0800177c                EXTI4_IRQHandler
                0x0800177c                OTG_HS_EP1_OUT_IRQHandler
                0x0800177c                WWDG_IRQHandler
                0x0800177c                OTG_FS_WKUP_IRQHandler
                0x0800177c                TIM1_TRG_COM_TIM11_IRQHandler
                0x0800177c                OTG_HS_IRQHandler
                0x0800177c                EXTI1_IRQHandler
                0x0800177c                USART2_IRQHandler
                0x0800177c                I2C2_ER_IRQHandler
                0x0800177c                DMA2_Stream1_IRQHandler
                0x0800177c                CAN1_SCE_IRQHandler
                0x0800177c                FLASH_IRQHandler
                0x0800177c                DMA2_Stream4_IRQHandler
                0x0800177c                USART1_IRQHandler
                0x0800177c                OTG_FS_IRQHandler
                0x0800177c                SPI3_IRQHandler
                0x0800177c                DMA1_Stream4_IRQHandler
                0x0800177c                I2C1_ER_IRQHandler
                0x0800177c                FMC_IRQHandler
                0x0800177c                DMA2_Stream6_IRQHandler
                0x0800177c                SAI1_IRQHandler
                0x0800177c                DMA1_Stream3_IRQHandler
 *fill*         0x0800177e        0x2 
 .text.HAL_Init
                0x08001780       0x44 ./Drivers/STM32F4xx_HAL_Driver/Src/stm32f4xx_hal.o
                0x08001780                HAL_Init
 .text.HAL_InitTick
                0x080017c4       0x60 ./Drivers/STM32F4xx_HAL_Driver/Src/stm32f4xx_hal.o
                0x080017c4                HAL_InitTick
 .text.HAL_IncTick
                0x08001824       0x28 ./Drivers/STM32F4xx_HAL_Driver/Src/stm32f4xx_hal.o
                0x08001824                HAL_IncTick
 .text.HAL_GetTick
                0x0800184c       0x18 ./Drivers/STM32F4xx_HAL_Driver/Src/stm32f4xx_hal.o
                0x0800184c                HAL_GetTick
 .text.HAL_Delay
                0x08001864       0x48 ./Drivers/STM32F4xx_HAL_Driver/Src/stm32f4xx_hal.o
                0x08001864                HAL_Delay
 .text.__NVIC_SetPriorityGrouping
                0x080018ac       0x48 ./Drivers/STM32F4xx_HAL_Driver/Src/stm32f4xx_hal_cortex.o
 .text.__NVIC_GetPriorityGrouping
                0x080018f4       0x1c ./Drivers/STM32F4xx_HAL_Driver/Src/stm32f4xx_hal_cortex.o
 .text.__NVIC_EnableIRQ
                0x08001910       0x3c ./Drivers/STM32F4xx_HAL_Driver/Src/stm32f4xx_hal_cortex.o
 .text.__NVIC_SetPriority
                0x0800194c       0x54 ./Drivers/STM32F4xx_HAL_Driver/Src/stm32f4xx_hal_cortex.o
 .text.NVIC_EncodePriority
                0x080019a0       0x66 ./Drivers/STM32F4xx_HAL_Driver/Src/stm32f4xx_hal_cortex.o
 *fill*         0x08001a06        0x2 
 .text.SysTick_Config
                0x08001a08       0x44 ./Drivers/STM32F4xx_HAL_Driver/Src/stm32f4xx_hal_cortex.o
 .text.HAL_NVIC_SetPriorityGrouping
                0x08001a4c       0x16 ./Drivers/STM32F4xx_HAL_Driver/Src/stm32f4xx_hal_cortex.o
                0x08001a4c                HAL_NVIC_SetPriorityGrouping
 .text.HAL_NVIC_SetPriority
                0x08001a62       0x38 ./Drivers/STM32F4xx_HAL_Driver/Src/stm32f4xx_hal_cortex.o
                0x08001a62                HAL_NVIC_SetPriority
 .text.HAL_NVIC_EnableIRQ
                0x08001a9a       0x1c ./Drivers/STM32F4xx_HAL_Driver/Src/stm32f4xx_hal_cortex.o
                0x08001a9a                HAL_NVIC_EnableIRQ
 .text.HAL_SYSTICK_Config
                0x08001ab6       0x18 ./Drivers/STM32F4xx_HAL_Driver/Src/stm32f4xx_hal_cortex.o
                0x08001ab6                HAL_SYSTICK_Config
 *fill*         0x08001ace        0x2 
 .text.HAL_GPIO_Init
                0x08001ad0      0x328 ./Drivers/STM32F4xx_HAL_Driver/Src/stm32f4xx_hal_gpio.o
                0x08001ad0                HAL_GPIO_Init
 .text.HAL_GPIO_WritePin
                0x08001df8       0x32 ./Drivers/STM32F4xx_HAL_Driver/Src/stm32f4xx_hal_gpio.o
                0x08001df8                HAL_GPIO_WritePin
 *fill*         0x08001e2a        0x2 
 .text.HAL_GPIO_EXTI_IRQHandler
                0x08001e2c       0x30 ./Drivers/STM32F4xx_HAL_Driver/Src/stm32f4xx_hal_gpio.o
                0x08001e2c                HAL_GPIO_EXTI_IRQHandler
 .text.HAL_PWREx_EnableOverDrive
                0x08001e5c       0xa0 ./Drivers/STM32F4xx_HAL_Driver/Src/stm32f4xx_hal_pwr_ex.o
                0x08001e5c                HAL_PWREx_EnableOverDrive
 .text.HAL_RCC_ClockConfig
                0x08001efc      0x1cc ./Drivers/STM32F4xx_HAL_Driver/Src/stm32f4xx_hal_rcc.o
                0x08001efc                HAL_RCC_ClockConfig
 .text.HAL_RCC_GetSysClockFreq
                0x080020c8      0x460 ./Drivers/STM32F4xx_HAL_Driver/Src/stm32f4xx_hal_rcc_ex.o
                0x080020c8                HAL_RCC_GetSysClockFreq
 .text.HAL_RCC_OscConfig
                0x08002528      0x53c ./Drivers/STM32F4xx_HAL_Driver/Src/stm32f4xx_hal_rcc_ex.o
                0x08002528                HAL_RCC_OscConfig
 .text.HAL_SPI_Init
                0x08002a64      0x112 ./Drivers/STM32F4xx_HAL_Driver/Src/stm32f4xx_hal_spi.o
                0x08002a64                HAL_SPI_Init
 .text.HAL_SPI_Transmit
                0x08002b76      0x288 ./Drivers/STM32F4xx_HAL_Driver/Src/stm32f4xx_hal_spi.o
                0x08002b76                HAL_SPI_Transmit
 .text.HAL_SPI_TransmitReceive
                0x08002dfe      0x352 ./Drivers/STM32F4xx_HAL_Driver/Src/stm32f4xx_hal_spi.o
                0x08002dfe                HAL_SPI_TransmitReceive
 .text.SPI_WaitFlagStateUntilTimeout
                0x08003150      0x110 ./Drivers/STM32F4xx_HAL_Driver/Src/stm32f4xx_hal_spi.o
 .text.SPI_EndRxTxTransaction
                0x08003260       0xa8 ./Drivers/STM32F4xx_HAL_Driver/Src/stm32f4xx_hal_spi.o
 .text.HAL_TIM_Base_Init
                0x08003308       0x9e ./Drivers/STM32F4xx_HAL_Driver/Src/stm32f4xx_hal_tim.o
                0x08003308                HAL_TIM_Base_Init
 *fill*         0x080033a6        0x2 
 .text.HAL_TIM_Base_Start
                0x080033a8       0xd0 ./Drivers/STM32F4xx_HAL_Driver/Src/stm32f4xx_hal_tim.o
                0x080033a8                HAL_TIM_Base_Start
 .text.HAL_TIM_PWM_Init
                0x08003478       0x9e ./Drivers/STM32F4xx_HAL_Driver/Src/stm32f4xx_hal_tim.o
                0x08003478                HAL_TIM_PWM_Init
 .text.HAL_TIM_PWM_MspInit
                0x08003516       0x14 ./Drivers/STM32F4xx_HAL_Driver/Src/stm32f4xx_hal_tim.o
                0x08003516                HAL_TIM_PWM_MspInit
 *fill*         0x0800352a        0x2 
 .text.HAL_TIM_PWM_Start
                0x0800352c      0x190 ./Drivers/STM32F4xx_HAL_Driver/Src/stm32f4xx_hal_tim.o
                0x0800352c                HAL_TIM_PWM_Start
 .text.HAL_TIM_IC_Init
                0x080036bc       0x9e ./Drivers/STM32F4xx_HAL_Driver/Src/stm32f4xx_hal_tim.o
                0x080036bc                HAL_TIM_IC_Init
 *fill*         0x0800375a        0x2 
 .text.HAL_TIM_IC_Start_IT
                0x0800375c      0x250 ./Drivers/STM32F4xx_HAL_Driver/Src/stm32f4xx_hal_tim.o
                0x0800375c                HAL_TIM_IC_Start_IT
 .text.HAL_TIM_IRQHandler
                0x080039ac      0x1e0 ./Drivers/STM32F4xx_HAL_Driver/Src/stm32f4xx_hal_tim.o
                0x080039ac                HAL_TIM_IRQHandler
 .text.HAL_TIM_IC_ConfigChannel
                0x08003b8c      0x138 ./Drivers/STM32F4xx_HAL_Driver/Src/stm32f4xx_hal_tim.o
                0x08003b8c                HAL_TIM_IC_ConfigChannel
 .text.HAL_TIM_PWM_ConfigChannel
                0x08003cc4      0x184 ./Drivers/STM32F4xx_HAL_Driver/Src/stm32f4xx_hal_tim.o
                0x08003cc4                HAL_TIM_PWM_ConfigChannel
 .text.HAL_TIM_ConfigClockSource
                0x08003e48      0x18e ./Drivers/STM32F4xx_HAL_Driver/Src/stm32f4xx_hal_tim.o
                0x08003e48                HAL_TIM_ConfigClockSource
 .text.HAL_TIM_PeriodElapsedCallback
                0x08003fd6       0x14 ./Drivers/STM32F4xx_HAL_Driver/Src/stm32f4xx_hal_tim.o
                0x08003fd6                HAL_TIM_PeriodElapsedCallback
 .text.HAL_TIM_OC_DelayElapsedCallback
                0x08003fea       0x14 ./Drivers/STM32F4xx_HAL_Driver/Src/stm32f4xx_hal_tim.o
                0x08003fea                HAL_TIM_OC_DelayElapsedCallback
 .text.HAL_TIM_PWM_PulseFinishedCallback
                0x08003ffe       0x14 ./Drivers/STM32F4xx_HAL_Driver/Src/stm32f4xx_hal_tim.o
                0x08003ffe                HAL_TIM_PWM_PulseFinishedCallback
 .text.HAL_TIM_TriggerCallback
                0x08004012       0x14 ./Drivers/STM32F4xx_HAL_Driver/Src/stm32f4xx_hal_tim.o
                0x08004012                HAL_TIM_TriggerCallback
 *fill*         0x08004026        0x2 
 .text.TIM_Base_SetConfig
                0x08004028      0x14c ./Drivers/STM32F4xx_HAL_Driver/Src/stm32f4xx_hal_tim.o
                0x08004028                TIM_Base_SetConfig
 .text.TIM_OC1_SetConfig
                0x08004174       0xe0 ./Drivers/STM32F4xx_HAL_Driver/Src/stm32f4xx_hal_tim.o
 .text.TIM_OC2_SetConfig
                0x08004254       0xec ./Drivers/STM32F4xx_HAL_Driver/Src/stm32f4xx_hal_tim.o
                0x08004254                TIM_OC2_SetConfig
 .text.TIM_OC3_SetConfig
                0x08004340       0xe8 ./Drivers/STM32F4xx_HAL_Driver/Src/stm32f4xx_hal_tim.o
 .text.TIM_OC4_SetConfig
                0x08004428       0xac ./Drivers/STM32F4xx_HAL_Driver/Src/stm32f4xx_hal_tim.o
 .text.TIM_TI1_SetConfig
                0x080044d4       0xe8 ./Drivers/STM32F4xx_HAL_Driver/Src/stm32f4xx_hal_tim.o
                0x080044d4                TIM_TI1_SetConfig
 .text.TIM_TI1_ConfigInputStage
                0x080045bc       0x5e ./Drivers/STM32F4xx_HAL_Driver/Src/stm32f4xx_hal_tim.o
 .text.TIM_TI2_SetConfig
                0x0800461a       0x7a ./Drivers/STM32F4xx_HAL_Driver/Src/stm32f4xx_hal_tim.o
 .text.TIM_TI2_ConfigInputStage
                0x08004694       0x60 ./Drivers/STM32F4xx_HAL_Driver/Src/stm32f4xx_hal_tim.o
 .text.TIM_TI3_SetConfig
                0x080046f4       0x78 ./Drivers/STM32F4xx_HAL_Driver/Src/stm32f4xx_hal_tim.o
 .text.TIM_TI4_SetConfig
                0x0800476c       0x7a ./Drivers/STM32F4xx_HAL_Driver/Src/stm32f4xx_hal_tim.o
 .text.TIM_ITRx_SetConfig
                0x080047e6       0x36 ./Drivers/STM32F4xx_HAL_Driver/Src/stm32f4xx_hal_tim.o
 .text.TIM_ETR_SetConfig
                0x0800481c       0x40 ./Drivers/STM32F4xx_HAL_Driver/Src/stm32f4xx_hal_tim.o
                0x0800481c                TIM_ETR_SetConfig
 .text.TIM_CCxChannelCmd
                0x0800485c       0x4a ./Drivers/STM32F4xx_HAL_Driver/Src/stm32f4xx_hal_tim.o
                0x0800485c                TIM_CCxChannelCmd
 *fill*         0x080048a6        0x2 
 .text.HAL_TIMEx_MasterConfigSynchronization
                0x080048a8       0xf8 ./Drivers/STM32F4xx_HAL_Driver/Src/stm32f4xx_hal_tim_ex.o
                0x080048a8                HAL_TIMEx_MasterConfigSynchronization
 .text.HAL_TIMEx_CommutCallback
                0x080049a0       0x14 ./Drivers/STM32F4xx_HAL_Driver/Src/stm32f4xx_hal_tim_ex.o
                0x080049a0                HAL_TIMEx_CommutCallback
 .text.HAL_TIMEx_BreakCallback
                0x080049b4       0x14 ./Drivers/STM32F4xx_HAL_Driver/Src/stm32f4xx_hal_tim_ex.o
                0x080049b4                HAL_TIMEx_BreakCallback
 .text.MX_FATFS_Init
                0x080049c8       0x24 ./FATFS/App/fatfs.o
                0x080049c8                MX_FATFS_Init
 .text.get_fattime
                0x080049ec       0x10 ./FATFS/App/fatfs.o
                0x080049ec                get_fattime
 .text.USER_initialize
                0x080049fc       0x1c ./FATFS/Target/user_diskio.o
                0x080049fc                USER_initialize
 .text.USER_status
                0x08004a18       0x1c ./FATFS/Target/user_diskio.o
                0x08004a18                USER_status
 .text.USER_read
                0x08004a34       0x26 ./FATFS/Target/user_diskio.o
                0x08004a34                USER_read
 .text.USER_write
                0x08004a5a       0x26 ./FATFS/Target/user_diskio.o
                0x08004a5a                USER_write
 .text.USER_ioctl
                0x08004a80       0x26 ./FATFS/Target/user_diskio.o
                0x08004a80                USER_ioctl
 *fill*         0x08004aa6        0x2 
 .text.SPI_Timer_On
                0x08004aa8       0x28 ./FATFS/Target/user_diskio_spi.o
                0x08004aa8                SPI_Timer_On
 .text.SPI_Timer_Status
                0x08004ad0       0x2c ./FATFS/Target/user_diskio_spi.o
                0x08004ad0                SPI_Timer_Status
 .text.xchg_spi
                0x08004afc       0x2c ./FATFS/Target/user_diskio_spi.o
 .text.rcvr_spi_multi
                0x08004b28       0x38 ./FATFS/Target/user_diskio_spi.o
 .text.xmit_spi_multi
                0x08004b60       0x28 ./FATFS/Target/user_diskio_spi.o
 .text.wait_ready
                0x08004b88       0x46 ./FATFS/Target/user_diskio_spi.o
 *fill*         0x08004bce        0x2 
 .text.despiselect
                0x08004bd0       0x1c ./FATFS/Target/user_diskio_spi.o
 .text.spiselect
                0x08004bec       0x34 ./FATFS/Target/user_diskio_spi.o
 .text.rcvr_datablock
                0x08004c20       0x52 ./FATFS/Target/user_diskio_spi.o
 .text.xmit_datablock
                0x08004c72       0x64 ./FATFS/Target/user_diskio_spi.o
 .text.send_cmd
                0x08004cd6       0xde ./FATFS/Target/user_diskio_spi.o
 .text.USER_SPI_initialize
                0x08004db4      0x1d4 ./FATFS/Target/user_diskio_spi.o
                0x08004db4                USER_SPI_initialize
 .text.USER_SPI_status
                0x08004f88       0x2c ./FATFS/Target/user_diskio_spi.o
                0x08004f88                USER_SPI_status
 .text.USER_SPI_read
                0x08004fb4       0xcc ./FATFS/Target/user_diskio_spi.o
                0x08004fb4                USER_SPI_read
 .text.USER_SPI_write
                0x08005080       0xf8 ./FATFS/Target/user_diskio_spi.o
                0x08005080                USER_SPI_write
 .text.USER_SPI_ioctl
                0x08005178      0x2e0 ./FATFS/Target/user_diskio_spi.o
                0x08005178                USER_SPI_ioctl
 .text.disk_status
                0x08005458       0x34 ./Middlewares/Third_Party/FatFs/src/diskio.o
                0x08005458                disk_status
 .text.disk_initialize
                0x0800548c       0x50 ./Middlewares/Third_Party/FatFs/src/diskio.o
                0x0800548c                disk_initialize
 .text.disk_read
                0x080054dc       0x40 ./Middlewares/Third_Party/FatFs/src/diskio.o
                0x080054dc                disk_read
 .text.disk_write
                0x0800551c       0x40 ./Middlewares/Third_Party/FatFs/src/diskio.o
                0x0800551c                disk_write
 .text.disk_ioctl
                0x0800555c       0x3c ./Middlewares/Third_Party/FatFs/src/diskio.o
                0x0800555c                disk_ioctl
 .text.ld_word  0x08005598       0x32 ./Middlewares/Third_Party/FatFs/src/ff.o
 .text.ld_dword
                0x080055ca       0x46 ./Middlewares/Third_Party/FatFs/src/ff.o
 .text.st_word  0x08005610       0x36 ./Middlewares/Third_Party/FatFs/src/ff.o
 .text.st_dword
                0x08005646       0x58 ./Middlewares/Third_Party/FatFs/src/ff.o
 .text.mem_cpy  0x0800569e       0x42 ./Middlewares/Third_Party/FatFs/src/ff.o
 .text.mem_set  0x080056e0       0x36 ./Middlewares/Third_Party/FatFs/src/ff.o
 .text.mem_cmp  0x08005716       0x4e ./Middlewares/Third_Party/FatFs/src/ff.o
 .text.chk_chr  0x08005764       0x36 ./Middlewares/Third_Party/FatFs/src/ff.o
 *fill*         0x0800579a        0x2 
 .text.chk_lock
                0x0800579c       0xb8 ./Middlewares/Third_Party/FatFs/src/ff.o
 .text.enq_lock
                0x08005854       0x44 ./Middlewares/Third_Party/FatFs/src/ff.o
 .text.inc_lock
                0x08005898      0x11c ./Middlewares/Third_Party/FatFs/src/ff.o
 .text.clear_lock
                0x080059b4       0x48 ./Middlewares/Third_Party/FatFs/src/ff.o
 .text.sync_window
                0x080059fc       0x88 ./Middlewares/Third_Party/FatFs/src/ff.o
 .text.move_window
                0x08005a84       0x5a ./Middlewares/Third_Party/FatFs/src/ff.o
 *fill*         0x08005ade        0x2 
 .text.sync_fs  0x08005ae0       0xdc ./Middlewares/Third_Party/FatFs/src/ff.o
 .text.clust2sect
                0x08005bbc       0x3e ./Middlewares/Third_Party/FatFs/src/ff.o
 .text.get_fat  0x08005bfa      0x14e ./Middlewares/Third_Party/FatFs/src/ff.o
 .text.put_fat  0x08005d48      0x1d4 ./Middlewares/Third_Party/FatFs/src/ff.o
 .text.remove_chain
                0x08005f1c       0xca ./Middlewares/Third_Party/FatFs/src/ff.o
 .text.create_chain
                0x08005fe6      0x130 ./Middlewares/Third_Party/FatFs/src/ff.o
 .text.clmt_clust
                0x08006116       0x68 ./Middlewares/Third_Party/FatFs/src/ff.o
 .text.dir_sdi  0x0800617e       0xf6 ./Middlewares/Third_Party/FatFs/src/ff.o
 .text.dir_next
                0x08006274      0x18a ./Middlewares/Third_Party/FatFs/src/ff.o
 .text.dir_alloc
                0x080063fe       0x8e ./Middlewares/Third_Party/FatFs/src/ff.o
 .text.ld_clust
                0x0800648c       0x3e ./Middlewares/Third_Party/FatFs/src/ff.o
 .text.st_clust
                0x080064ca       0x40 ./Middlewares/Third_Party/FatFs/src/ff.o
 .text.dir_find
                0x0800650a       0xaa ./Middlewares/Third_Party/FatFs/src/ff.o
 .text.dir_register
                0x080065b4       0x64 ./Middlewares/Third_Party/FatFs/src/ff.o
 .text.create_name
                0x08006618      0x128 ./Middlewares/Third_Party/FatFs/src/ff.o
 .text.follow_path
                0x08006740       0xe2 ./Middlewares/Third_Party/FatFs/src/ff.o
 .text.get_ldnumber
                0x08006822       0x88 ./Middlewares/Third_Party/FatFs/src/ff.o
 *fill*         0x080068aa        0x2 
 .text.check_fs
                0x080068ac       0xac ./Middlewares/Third_Party/FatFs/src/ff.o
 .text.find_volume
                0x08006958      0x498 ./Middlewares/Third_Party/FatFs/src/ff.o
 .text.validate
                0x08006df0       0x6a ./Middlewares/Third_Party/FatFs/src/ff.o
 *fill*         0x08006e5a        0x2 
 .text.f_mount  0x08006e5c       0x8c ./Middlewares/Third_Party/FatFs/src/ff.o
                0x08006e5c                f_mount
 .text.f_open   0x08006ee8      0x374 ./Middlewares/Third_Party/FatFs/src/ff.o
                0x08006ee8                f_open
 .text.f_write  0x0800725c      0x2ea ./Middlewares/Third_Party/FatFs/src/ff.o
                0x0800725c                f_write
 .text.f_sync   0x08007546       0xfc ./Middlewares/Third_Party/FatFs/src/ff.o
                0x08007546                f_sync
 .text.f_lseek  0x08007642      0x412 ./Middlewares/Third_Party/FatFs/src/ff.o
                0x08007642                f_lseek
 .text.FATFS_LinkDriverEx
                0x08007a54       0x98 ./Middlewares/Third_Party/FatFs/src/ff_gen_drv.o
                0x08007a54                FATFS_LinkDriverEx
 .text.FATFS_LinkDriver
                0x08007aec       0x1e ./Middlewares/Third_Party/FatFs/src/ff_gen_drv.o
                0x08007aec                FATFS_LinkDriver
 .text.memset   0x08007b0a       0x10 C:/ST/STM32CubeIDE_1.19.0/STM32CubeIDE/plugins/com.st.stm32cube.ide.mcu.externaltools.gnu-tools-for-stm32.13.3.rel1.win32_1.0.0.202411081344/tools/bin/../lib/gcc/arm-none-eabi/13.3.1/../../../../arm-none-eabi/lib/thumb/v7e-m+fp/hard\libc_nano.a(libc_a-memset.o)
                0x08007b0a                memset
 *fill*         0x08007b1a        0x2 
 .text.__libc_init_array
                0x08007b1c       0x48 C:/ST/STM32CubeIDE_1.19.0/STM32CubeIDE/plugins/com.st.stm32cube.ide.mcu.externaltools.gnu-tools-for-stm32.13.3.rel1.win32_1.0.0.202411081344/tools/bin/../lib/gcc/arm-none-eabi/13.3.1/../../../../arm-none-eabi/lib/thumb/v7e-m+fp/hard\libc_nano.a(libc_a-init.o)
                0x08007b1c                __libc_init_array
 *(.glue_7)
 .glue_7        0x08007b64        0x0 linker stubs
 *(.glue_7t)
 .glue_7t       0x08007b64        0x0 linker stubs
 *(.eh_frame)
 .eh_frame      0x08007b64        0x0 C:/ST/STM32CubeIDE_1.19.0/STM32CubeIDE/plugins/com.st.stm32cube.ide.mcu.externaltools.gnu-tools-for-stm32.13.3.rel1.win32_1.0.0.202411081344/tools/bin/../lib/gcc/arm-none-eabi/13.3.1/thumb/v7e-m+fp/hard/crtbegin.o
 *(.init)
 .init          0x08007b64        0x4 C:/ST/STM32CubeIDE_1.19.0/STM32CubeIDE/plugins/com.st.stm32cube.ide.mcu.externaltools.gnu-tools-for-stm32.13.3.rel1.win32_1.0.0.202411081344/tools/bin/../lib/gcc/arm-none-eabi/13.3.1/thumb/v7e-m+fp/hard/crti.o
                0x08007b64                _init
 .init          0x08007b68        0x8 C:/ST/STM32CubeIDE_1.19.0/STM32CubeIDE/plugins/com.st.stm32cube.ide.mcu.externaltools.gnu-tools-for-stm32.13.3.rel1.win32_1.0.0.202411081344/tools/bin/../lib/gcc/arm-none-eabi/13.3.1/thumb/v7e-m+fp/hard/crtn.o
 *(.fini)
 .fini          0x08007b70        0x4 C:/ST/STM32CubeIDE_1.19.0/STM32CubeIDE/plugins/com.st.stm32cube.ide.mcu.externaltools.gnu-tools-for-stm32.13.3.rel1.win32_1.0.0.202411081344/tools/bin/../lib/gcc/arm-none-eabi/13.3.1/thumb/v7e-m+fp/hard/crti.o
                0x08007b70                _fini
 .fini          0x08007b74        0x8 C:/ST/STM32CubeIDE_1.19.0/STM32CubeIDE/plugins/com.st.stm32cube.ide.mcu.externaltools.gnu-tools-for-stm32.13.3.rel1.win32_1.0.0.202411081344/tools/bin/../lib/gcc/arm-none-eabi/13.3.1/thumb/v7e-m+fp/hard/crtn.o
                0x08007b7c                        . = ALIGN (0x4)
                0x08007b7c                        _etext = .

.vfp11_veneer   0x08007b7c        0x0
 .vfp11_veneer  0x08007b7c        0x0 linker stubs

.v4_bx          0x08007b7c        0x0
 .v4_bx         0x08007b7c        0x0 linker stubs

.iplt           0x08007b7c        0x0
 .iplt          0x08007b7c        0x0 C:/ST/STM32CubeIDE_1.19.0/STM32CubeIDE/plugins/com.st.stm32cube.ide.mcu.externaltools.gnu-tools-for-stm32.13.3.rel1.win32_1.0.0.202411081344/tools/bin/../lib/gcc/arm-none-eabi/13.3.1/thumb/v7e-m+fp/hard/crtbegin.o

.rodata         0x08007b7c       0xe4
                0x08007b7c                        . = ALIGN (0x4)
 *(.rodata)
 .rodata        0x08007b7c        0xe ./Core/Src/main.o
 *fill*         0x08007b8a        0x2 
 .rodata        0x08007b8c       0x44 ./Middlewares/Third_Party/FatFs/src/ff.o
 *(.rodata*)
 .rodata.AHBPrescTable
                0x08007bd0       0x10 ./Core/Src/system_stm32f4xx.o
                0x08007bd0                AHBPrescTable
 .rodata.ExCvt  0x08007be0       0x80 ./Middlewares/Third_Party/FatFs/src/ff.o
                0x08007c60                        . = ALIGN (0x4)

.ARM.extab      0x08007c60        0x0
                0x08007c60                        . = ALIGN (0x4)
 *(.ARM.extab* .gnu.linkonce.armextab.*)
                0x08007c60                        . = ALIGN (0x4)

.ARM            0x08007c60        0x8
                0x08007c60                        . = ALIGN (0x4)
                0x08007c60                        __exidx_start = .
 *(.ARM.exidx*)
 .ARM.exidx     0x08007c60        0x8 C:/ST/STM32CubeIDE_1.19.0/STM32CubeIDE/plugins/com.st.stm32cube.ide.mcu.externaltools.gnu-tools-for-stm32.13.3.rel1.win32_1.0.0.202411081344/tools/bin/../lib/gcc/arm-none-eabi/13.3.1/thumb/v7e-m+fp/hard\libgcc.a(_udivmoddi4.o)
                0x08007c68                        __exidx_end = .
                0x08007c68                        . = ALIGN (0x4)

.preinit_array  0x08007c68        0x0
                0x08007c68                        . = ALIGN (0x4)
                0x08007c68                        PROVIDE (__preinit_array_start = .)
 *(.preinit_array*)
                0x08007c68                        PROVIDE (__preinit_array_end = .)
                0x08007c68                        . = ALIGN (0x4)

.init_array     0x08007c68        0x4
                0x08007c68                        . = ALIGN (0x4)
                0x08007c68                        PROVIDE (__init_array_start = .)
 *(SORT_BY_NAME(.init_array.*))
 *(.init_array*)
 .init_array    0x08007c68        0x4 C:/ST/STM32CubeIDE_1.19.0/STM32CubeIDE/plugins/com.st.stm32cube.ide.mcu.externaltools.gnu-tools-for-stm32.13.3.rel1.win32_1.0.0.202411081344/tools/bin/../lib/gcc/arm-none-eabi/13.3.1/thumb/v7e-m+fp/hard/crtbegin.o
                0x08007c6c                        PROVIDE (__init_array_end = .)
                0x08007c6c                        . = ALIGN (0x4)

.fini_array     0x08007c6c        0x4
                0x08007c6c                        . = ALIGN (0x4)
                [!provide]                        PROVIDE (__fini_array_start = .)
 *(SORT_BY_NAME(.fini_array.*))
 *(.fini_array*)
 .fini_array    0x08007c6c        0x4 C:/ST/STM32CubeIDE_1.19.0/STM32CubeIDE/plugins/com.st.stm32cube.ide.mcu.externaltools.gnu-tools-for-stm32.13.3.rel1.win32_1.0.0.202411081344/tools/bin/../lib/gcc/arm-none-eabi/13.3.1/thumb/v7e-m+fp/hard/crtbegin.o
                [!provide]                        PROVIDE (__fini_array_end = .)
                0x08007c70                        . = ALIGN (0x4)
                0x08007c70                        _sidata = LOADADDR (.data)

.rel.dyn        0x08007c70        0x0
 .rel.iplt      0x08007c70        0x0 C:/ST/STM32CubeIDE_1.19.0/STM32CubeIDE/plugins/com.st.stm32cube.ide.mcu.externaltools.gnu-tools-for-stm32.13.3.rel1.win32_1.0.0.202411081344/tools/bin/../lib/gcc/arm-none-eabi/13.3.1/thumb/v7e-m+fp/hard/crtbegin.o

.data           0x20000000       0x24 load address 0x08007c70
                0x20000000                        . = ALIGN (0x4)
                0x20000000                        _sdata = .
 *(.data)
 *(.data*)
 .data.SystemCoreClock
                0x20000000        0x4 ./Core/Src/system_stm32f4xx.o
                0x20000000                SystemCoreClock
 .data.uwTickPrio
                0x20000004        0x4 ./Drivers/STM32F4xx_HAL_Driver/Src/stm32f4xx_hal.o
                0x20000004                uwTickPrio
 .data.uwTickFreq
                0x20000008        0x1 ./Drivers/STM32F4xx_HAL_Driver/Src/stm32f4xx_hal.o
                0x20000008                uwTickFreq
 *fill*         0x20000009        0x3 
 .data.USER_Driver
                0x2000000c       0x14 ./FATFS/Target/user_diskio.o
                0x2000000c                USER_Driver
 .data.Stat     0x20000020        0x1 ./FATFS/Target/user_diskio_spi.o
 *(.RamFunc)
 *(.RamFunc*)
                0x20000024                        . = ALIGN (0x4)
 *fill*         0x20000021        0x3 
                0x20000024                        _edata = .

.igot.plt       0x20000024        0x0 load address 0x08007c94
 .igot.plt      0x20000024        0x0 C:/ST/STM32CubeIDE_1.19.0/STM32CubeIDE/plugins/com.st.stm32cube.ide.mcu.externaltools.gnu-tools-for-stm32.13.3.rel1.win32_1.0.0.202411081344/tools/bin/../lib/gcc/arm-none-eabi/13.3.1/thumb/v7e-m+fp/hard/crtbegin.o
                0x20000024                        . = ALIGN (0x4)

.bss            0x20000024     0xe508 load address 0x08007c94
                0x20000024                        _sbss = .
                0x20000024                        __bss_start__ = _sbss
 *(.bss)
 .bss           0x20000024       0x1c C:/ST/STM32CubeIDE_1.19.0/STM32CubeIDE/plugins/com.st.stm32cube.ide.mcu.externaltools.gnu-tools-for-stm32.13.3.rel1.win32_1.0.0.202411081344/tools/bin/../lib/gcc/arm-none-eabi/13.3.1/thumb/v7e-m+fp/hard/crtbegin.o
 *(.bss*)
 .bss.logBuffer
                0x20000040     0xe000 ./Core/Src/main.o
                0x20000040                logBuffer
 .bss.write_cache
                0x2000e040      0x200 ./Core/Src/main.o
                0x2000e040                write_cache
 .bss.cache_ptr
                0x2000e240        0x2 ./Core/Src/main.o
                0x2000e240                cache_ptr
 .bss.head      0x2000e242        0x2 ./Core/Src/main.o
                0x2000e242                head
 .bss.tail      0x2000e244        0x2 ./Core/Src/main.o
                0x2000e244                tail
 *fill*         0x2000e246        0x2 
 .bss.Log       0x2000e248       0x10 ./Core/Src/main.o
                0x2000e248                Log
 .bss.Count_a   0x2000e258        0x2 ./Core/Src/main.o
                0x2000e258                Count_a
 .bss.Count_b   0x2000e25a        0x2 ./Core/Src/main.o
                0x2000e25a                Count_b
 .bss.ir_count  0x2000e25c        0x2 ./Core/Src/main.o
                0x2000e25c                ir_count
 .bss.irA_count
                0x2000e25e        0x2 ./Core/Src/main.o
                0x2000e25e                irA_count
 .bss.irB_count
                0x2000e260        0x2 ./Core/Src/main.o
                0x2000e260                irB_count
 *fill*         0x2000e262        0x2 
 .bss.hspi1     0x2000e264       0x58 ./Core/Src/main.o
                0x2000e264                hspi1
 .bss.hspi2     0x2000e2bc       0x58 ./Core/Src/main.o
                0x2000e2bc                hspi2
 .bss.hspi3     0x2000e314       0x58 ./Core/Src/main.o
                0x2000e314                hspi3
 .bss.htim1     0x2000e36c       0x48 ./Core/Src/main.o
                0x2000e36c                htim1
 .bss.htim2     0x2000e3b4       0x48 ./Core/Src/main.o
                0x2000e3b4                htim2
 .bss.htim3     0x2000e3fc       0x48 ./Core/Src/main.o
                0x2000e3fc                htim3
 .bss.htim5     0x2000e444       0x48 ./Core/Src/main.o
                0x2000e444                htim5
 .bss.htim12    0x2000e48c       0x48 ./Core/Src/main.o
                0x2000e48c                htim12
 .bss.speed     0x2000e4d4        0x2 ./Core/Src/main.o
                0x2000e4d4                speed
 .bss.write_flag
                0x2000e4d6        0x1 ./Core/Src/main.o
                0x2000e4d6                write_flag
 *fill*         0x2000e4d7        0x1 
 .bss.last      0x2000e4d8        0x4 ./Core/Src/main.o
 .bss.last_sync.0
                0x2000e4dc        0x4 ./Core/Src/main.o
 .bss.uwTick    0x2000e4e0        0x4 ./Drivers/STM32F4xx_HAL_Driver/Src/stm32f4xx_hal.o
                0x2000e4e0                uwTick
 .bss.retUSER   0x2000e4e4        0x1 ./FATFS/App/fatfs.o
                0x2000e4e4                retUSER
 *fill*         0x2000e4e5        0x3 
 .bss.USERPath  0x2000e4e8        0x4 ./FATFS/App/fatfs.o
                0x2000e4e8                USERPath
 .bss.CardType  0x2000e4ec        0x1 ./FATFS/Target/user_diskio_spi.o
 *fill*         0x2000e4ed        0x3 
 .bss.spiTimerTickStart
                0x2000e4f0        0x4 ./FATFS/Target/user_diskio_spi.o
                0x2000e4f0                spiTimerTickStart
 .bss.spiTimerTickDelay
                0x2000e4f4        0x4 ./FATFS/Target/user_diskio_spi.o
                0x2000e4f4                spiTimerTickDelay
 .bss.FatFs     0x2000e4f8        0x4 ./Middlewares/Third_Party/FatFs/src/ff.o
 .bss.Fsid      0x2000e4fc        0x2 ./Middlewares/Third_Party/FatFs/src/ff.o
 *fill*         0x2000e4fe        0x2 
 .bss.Files     0x2000e500       0x20 ./Middlewares/Third_Party/FatFs/src/ff.o
 .bss.disk      0x2000e520        0xc ./Middlewares/Third_Party/FatFs/src/ff_gen_drv.o
                0x2000e520                disk
 *(COMMON)
                0x2000e52c                        . = ALIGN (0x4)
                0x2000e52c                        _ebss = .
                0x2000e52c                        __bss_end__ = _ebss

._user_heap_stack
                0x2000e52c      0x604 load address 0x08007c94
                0x2000e530                        . = ALIGN (0x8)
 *fill*         0x2000e52c        0x4 
                [!provide]                        PROVIDE (end = .)
                0x2000e530                        PROVIDE (_end = .)
                0x2000e730                        . = (. + _Min_Heap_Size)
 *fill*         0x2000e530      0x200 
                0x2000eb30                        . = (. + _Min_Stack_Size)
 *fill*         0x2000e730      0x400 
                0x2000eb30                        . = ALIGN (0x8)

/DISCARD/
 libc.a(*)
 libm.a(*)
 libgcc.a(*)

.ARM.attributes
                0x00000000       0x30
 *(.ARM.attributes)
 .ARM.attributes
                0x00000000       0x22 C:/ST/STM32CubeIDE_1.19.0/STM32CubeIDE/plugins/com.st.stm32cube.ide.mcu.externaltools.gnu-tools-for-stm32.13.3.rel1.win32_1.0.0.202411081344/tools/bin/../lib/gcc/arm-none-eabi/13.3.1/thumb/v7e-m+fp/hard/crti.o
 .ARM.attributes
                0x00000022       0x34 C:/ST/STM32CubeIDE_1.19.0/STM32CubeIDE/plugins/com.st.stm32cube.ide.mcu.externaltools.gnu-tools-for-stm32.13.3.rel1.win32_1.0.0.202411081344/tools/bin/../lib/gcc/arm-none-eabi/13.3.1/thumb/v7e-m+fp/hard/crtbegin.o
 .ARM.attributes
                0x00000056       0x34 ./Core/Src/main.o
 .ARM.attributes
                0x0000008a       0x34 ./Core/Src/stm32f4xx_hal_msp.o
 .ARM.attributes
                0x000000be       0x34 ./Core/Src/stm32f4xx_it.o
 .ARM.attributes
                0x000000f2       0x34 ./Core/Src/system_stm32f4xx.o
 .ARM.attributes
                0x00000126       0x21 ./Core/Startup/startup_stm32f446retx.o
 .ARM.attributes
                0x00000147       0x34 ./Drivers/STM32F4xx_HAL_Driver/Src/stm32f4xx_hal.o
 .ARM.attributes
                0x0000017b       0x34 ./Drivers/STM32F4xx_HAL_Driver/Src/stm32f4xx_hal_cortex.o
 .ARM.attributes
                0x000001af       0x34 ./Drivers/STM32F4xx_HAL_Driver/Src/stm32f4xx_hal_gpio.o
 .ARM.attributes
                0x000001e3       0x34 ./Drivers/STM32F4xx_HAL_Driver/Src/stm32f4xx_hal_pwr_ex.o
 .ARM.attributes
                0x00000217       0x34 ./Drivers/STM32F4xx_HAL_Driver/Src/stm32f4xx_hal_rcc.o
 .ARM.attributes
                0x0000024b       0x34 ./Drivers/STM32F4xx_HAL_Driver/Src/stm32f4xx_hal_rcc_ex.o
 .ARM.attributes
                0x0000027f       0x34 ./Drivers/STM32F4xx_HAL_Driver/Src/stm32f4xx_hal_spi.o
 .ARM.attributes
                0x000002b3       0x34 ./Drivers/STM32F4xx_HAL_Driver/Src/stm32f4xx_hal_tim.o
 .ARM.attributes
                0x000002e7       0x34 ./Drivers/STM32F4xx_HAL_Driver/Src/stm32f4xx_hal_tim_ex.o
 .ARM.attributes
                0x0000031b       0x34 ./FATFS/App/fatfs.o
 .ARM.attributes
                0x0000034f       0x34 ./FATFS/Target/user_diskio.o
 .ARM.attributes
                0x00000383       0x34 ./FATFS/Target/user_diskio_spi.o
 .ARM.attributes
                0x000003b7       0x34 ./Middlewares/Third_Party/FatFs/src/diskio.o
 .ARM.attributes
                0x000003eb       0x34 ./Middlewares/Third_Party/FatFs/src/ff.o
 .ARM.attributes
                0x0000041f       0x34 ./Middlewares/Third_Party/FatFs/src/ff_gen_drv.o
 .ARM.attributes
                0x00000453       0x34 C:/ST/STM32CubeIDE_1.19.0/STM32CubeIDE/plugins/com.st.stm32cube.ide.mcu.externaltools.gnu-tools-for-stm32.13.3.rel1.win32_1.0.0.202411081344/tools/bin/../lib/gcc/arm-none-eabi/13.3.1/../../../../arm-none-eabi/lib/thumb/v7e-m+fp/hard\libc_nano.a(libc_a-memset.o)
 .ARM.attributes
                0x00000487       0x34 C:/ST/STM32CubeIDE_1.19.0/STM32CubeIDE/plugins/com.st.stm32cube.ide.mcu.externaltools.gnu-tools-for-stm32.13.3.rel1.win32_1.0.0.202411081344/tools/bin/../lib/gcc/arm-none-eabi/13.3.1/../../../../arm-none-eabi/lib/thumb/v7e-m+fp/hard\libc_nano.a(libc_a-init.o)
 .ARM.attributes
                0x000004bb       0x22 C:/ST/STM32CubeIDE_1.19.0/STM32CubeIDE/plugins/com.st.stm32cube.ide.mcu.externaltools.gnu-tools-for-stm32.13.3.rel1.win32_1.0.0.202411081344/tools/bin/../lib/gcc/arm-none-eabi/13.3.1/thumb/v7e-m+fp/hard\libgcc.a(_aeabi_uldivmod.o)
 .ARM.attributes
                0x000004dd       0x34 C:/ST/STM32CubeIDE_1.19.0/STM32CubeIDE/plugins/com.st.stm32cube.ide.mcu.externaltools.gnu-tools-for-stm32.13.3.rel1.win32_1.0.0.202411081344/tools/bin/../lib/gcc/arm-none-eabi/13.3.1/thumb/v7e-m+fp/hard\libgcc.a(_udivmoddi4.o)
 .ARM.attributes
                0x00000511       0x22 C:/ST/STM32CubeIDE_1.19.0/STM32CubeIDE/plugins/com.st.stm32cube.ide.mcu.externaltools.gnu-tools-for-stm32.13.3.rel1.win32_1.0.0.202411081344/tools/bin/../lib/gcc/arm-none-eabi/13.3.1/thumb/v7e-m+fp/hard\libgcc.a(_dvmd_tls.o)
 .ARM.attributes
                0x00000533       0x22 C:/ST/STM32CubeIDE_1.19.0/STM32CubeIDE/plugins/com.st.stm32cube.ide.mcu.externaltools.gnu-tools-for-stm32.13.3.rel1.win32_1.0.0.202411081344/tools/bin/../lib/gcc/arm-none-eabi/13.3.1/thumb/v7e-m+fp/hard/crtn.o
OUTPUT(446_Data_Sample.elf elf32-littlearm)
LOAD linker stubs
LOAD C:/ST/STM32CubeIDE_1.19.0/STM32CubeIDE/plugins/com.st.stm32cube.ide.mcu.externaltools.gnu-tools-for-stm32.13.3.rel1.win32_1.0.0.202411081344/tools/bin/../lib/gcc/arm-none-eabi/13.3.1/../../../../arm-none-eabi/lib/thumb/v7e-m+fp/hard\libc.a
LOAD C:/ST/STM32CubeIDE_1.19.0/STM32CubeIDE/plugins/com.st.stm32cube.ide.mcu.externaltools.gnu-tools-for-stm32.13.3.rel1.win32_1.0.0.202411081344/tools/bin/../lib/gcc/arm-none-eabi/13.3.1/../../../../arm-none-eabi/lib/thumb/v7e-m+fp/hard\libm.a
LOAD C:/ST/STM32CubeIDE_1.19.0/STM32CubeIDE/plugins/com.st.stm32cube.ide.mcu.externaltools.gnu-tools-for-stm32.13.3.rel1.win32_1.0.0.202411081344/tools/bin/../lib/gcc/arm-none-eabi/13.3.1/thumb/v7e-m+fp/hard\libgcc.a

.debug_info     0x00000000    0x1061a
 .debug_info    0x00000000     0x1e84 ./Core/Src/main.o
 .debug_info    0x00001e84     0x11df ./Core/Src/stm32f4xx_hal_msp.o
 .debug_info    0x00003063      0x733 ./Core/Src/stm32f4xx_it.o
 .debug_info    0x00003796      0x54a ./Core/Src/system_stm32f4xx.o
 .debug_info    0x00003ce0       0x30 ./Core/Startup/startup_stm32f446retx.o
 .debug_info    0x00003d10      0x99a ./Drivers/STM32F4xx_HAL_Driver/Src/stm32f4xx_hal.o
 .debug_info    0x000046aa      0xdaa ./Drivers/STM32F4xx_HAL_Driver/Src/stm32f4xx_hal_cortex.o
 .debug_info    0x00005454      0x70b ./Drivers/STM32F4xx_HAL_Driver/Src/stm32f4xx_hal_gpio.o
 .debug_info    0x00005b5f      0x6da ./Drivers/STM32F4xx_HAL_Driver/Src/stm32f4xx_hal_pwr_ex.o
 .debug_info    0x00006239      0x8ff ./Drivers/STM32F4xx_HAL_Driver/Src/stm32f4xx_hal_rcc.o
 .debug_info    0x00006b38      0x960 ./Drivers/STM32F4xx_HAL_Driver/Src/stm32f4xx_hal_rcc_ex.o
 .debug_info    0x00007498     0x1525 ./Drivers/STM32F4xx_HAL_Driver/Src/stm32f4xx_hal_spi.o
 .debug_info    0x000089bd     0x299d ./Drivers/STM32F4xx_HAL_Driver/Src/stm32f4xx_hal_tim.o
 .debug_info    0x0000b35a     0x14db ./Drivers/STM32F4xx_HAL_Driver/Src/stm32f4xx_hal_tim_ex.o
 .debug_info    0x0000c835      0x4d9 ./FATFS/App/fatfs.o
 .debug_info    0x0000cd0e      0x3aa ./FATFS/Target/user_diskio.o
 .debug_info    0x0000d0b8      0xc27 ./FATFS/Target/user_diskio_spi.o
 .debug_info    0x0000dcdf      0x3df ./Middlewares/Third_Party/FatFs/src/diskio.o
 .debug_info    0x0000e0be     0x21dd ./Middlewares/Third_Party/FatFs/src/ff.o
 .debug_info    0x0001029b      0x37f ./Middlewares/Third_Party/FatFs/src/ff_gen_drv.o

.debug_abbrev   0x00000000     0x2920
 .debug_abbrev  0x00000000      0x38c ./Core/Src/main.o
 .debug_abbrev  0x0000038c      0x23d ./Core/Src/stm32f4xx_hal_msp.o
 .debug_abbrev  0x000005c9      0x1a9 ./Core/Src/stm32f4xx_it.o
 .debug_abbrev  0x00000772      0x11a ./Core/Src/system_stm32f4xx.o
 .debug_abbrev  0x0000088c       0x24 ./Core/Startup/startup_stm32f446retx.o
 .debug_abbrev  0x000008b0      0x214 ./Drivers/STM32F4xx_HAL_Driver/Src/stm32f4xx_hal.o
 .debug_abbrev  0x00000ac4      0x31d ./Drivers/STM32F4xx_HAL_Driver/Src/stm32f4xx_hal_cortex.o
 .debug_abbrev  0x00000de1      0x1d4 ./Drivers/STM32F4xx_HAL_Driver/Src/stm32f4xx_hal_gpio.o
 .debug_abbrev  0x00000fb5      0x1cf ./Drivers/STM32F4xx_HAL_Driver/Src/stm32f4xx_hal_pwr_ex.o
 .debug_abbrev  0x00001184      0x2b7 ./Drivers/STM32F4xx_HAL_Driver/Src/stm32f4xx_hal_rcc.o
 .debug_abbrev  0x0000143b      0x211 ./Drivers/STM32F4xx_HAL_Driver/Src/stm32f4xx_hal_rcc_ex.o
 .debug_abbrev  0x0000164c      0x27a ./Drivers/STM32F4xx_HAL_Driver/Src/stm32f4xx_hal_spi.o
 .debug_abbrev  0x000018c6      0x278 ./Drivers/STM32F4xx_HAL_Driver/Src/stm32f4xx_hal_tim.o
 .debug_abbrev  0x00001b3e      0x283 ./Drivers/STM32F4xx_HAL_Driver/Src/stm32f4xx_hal_tim_ex.o
 .debug_abbrev  0x00001dc1      0x160 ./FATFS/App/fatfs.o
 .debug_abbrev  0x00001f21      0x143 ./FATFS/Target/user_diskio.o
 .debug_abbrev  0x00002064      0x31a ./FATFS/Target/user_diskio_spi.o
 .debug_abbrev  0x0000237e      0x181 ./Middlewares/Third_Party/FatFs/src/diskio.o
 .debug_abbrev  0x000024ff      0x282 ./Middlewares/Third_Party/FatFs/src/ff.o
 .debug_abbrev  0x00002781      0x19f ./Middlewares/Third_Party/FatFs/src/ff_gen_drv.o

.debug_aranges  0x00000000     0x1030
 .debug_aranges
                0x00000000       0xa0 ./Core/Src/main.o
 .debug_aranges
                0x000000a0       0x58 ./Core/Src/stm32f4xx_hal_msp.o
 .debug_aranges
                0x000000f8       0x78 ./Core/Src/stm32f4xx_it.o
 .debug_aranges
                0x00000170       0x28 ./Core/Src/system_stm32f4xx.o
 .debug_aranges
                0x00000198       0x28 ./Core/Startup/startup_stm32f446retx.o
 .debug_aranges
                0x000001c0       0xf0 ./Drivers/STM32F4xx_HAL_Driver/Src/stm32f4xx_hal.o
 .debug_aranges
                0x000002b0      0x130 ./Drivers/STM32F4xx_HAL_Driver/Src/stm32f4xx_hal_cortex.o
 .debug_aranges
                0x000003e0       0x58 ./Drivers/STM32F4xx_HAL_Driver/Src/stm32f4xx_hal_gpio.o
 .debug_aranges
                0x00000438       0x60 ./Drivers/STM32F4xx_HAL_Driver/Src/stm32f4xx_hal_pwr_ex.o
 .debug_aranges
                0x00000498       0x88 ./Drivers/STM32F4xx_HAL_Driver/Src/stm32f4xx_hal_rcc.o
 .debug_aranges
                0x00000520       0x78 ./Drivers/STM32F4xx_HAL_Driver/Src/stm32f4xx_hal_rcc_ex.o
 .debug_aranges
                0x00000598      0x1d0 ./Drivers/STM32F4xx_HAL_Driver/Src/stm32f4xx_hal_spi.o
 .debug_aranges
                0x00000768      0x3d0 ./Drivers/STM32F4xx_HAL_Driver/Src/stm32f4xx_hal_tim.o
 .debug_aranges
                0x00000b38      0x168 ./Drivers/STM32F4xx_HAL_Driver/Src/stm32f4xx_hal_tim_ex.o
 .debug_aranges
                0x00000ca0       0x28 ./FATFS/App/fatfs.o
 .debug_aranges
                0x00000cc8       0x40 ./FATFS/Target/user_diskio.o
 .debug_aranges
                0x00000d08       0x98 ./FATFS/Target/user_diskio_spi.o
 .debug_aranges
                0x00000da0       0x48 ./Middlewares/Third_Party/FatFs/src/diskio.o
 .debug_aranges
                0x00000de8      0x208 ./Middlewares/Third_Party/FatFs/src/ff.o
 .debug_aranges
                0x00000ff0       0x40 ./Middlewares/Third_Party/FatFs/src/ff_gen_drv.o

.debug_rnglists
                0x00000000      0xc92
 .debug_rnglists
                0x00000000       0x8c ./Core/Src/main.o
 .debug_rnglists
                0x0000008c       0x42 ./Core/Src/stm32f4xx_hal_msp.o
 .debug_rnglists
                0x000000ce       0x55 ./Core/Src/stm32f4xx_it.o
 .debug_rnglists
                0x00000123       0x1a ./Core/Src/system_stm32f4xx.o
 .debug_rnglists
                0x0000013d       0x19 ./Core/Startup/startup_stm32f446retx.o
 .debug_rnglists
                0x00000156       0xaf ./Drivers/STM32F4xx_HAL_Driver/Src/stm32f4xx_hal.o
 .debug_rnglists
                0x00000205       0xe0 ./Drivers/STM32F4xx_HAL_Driver/Src/stm32f4xx_hal_cortex.o
 .debug_rnglists
                0x000002e5       0x3f ./Drivers/STM32F4xx_HAL_Driver/Src/stm32f4xx_hal_gpio.o
 .debug_rnglists
                0x00000324       0x47 ./Drivers/STM32F4xx_HAL_Driver/Src/stm32f4xx_hal_pwr_ex.o
 .debug_rnglists
                0x0000036b       0x66 ./Drivers/STM32F4xx_HAL_Driver/Src/stm32f4xx_hal_rcc.o
 .debug_rnglists
                0x000003d1       0x5e ./Drivers/STM32F4xx_HAL_Driver/Src/stm32f4xx_hal_rcc_ex.o
 .debug_rnglists
                0x0000042f      0x16f ./Drivers/STM32F4xx_HAL_Driver/Src/stm32f4xx_hal_spi.o
 .debug_rnglists
                0x0000059e      0x31a ./Drivers/STM32F4xx_HAL_Driver/Src/stm32f4xx_hal_tim.o
 .debug_rnglists
                0x000008b8      0x125 ./Drivers/STM32F4xx_HAL_Driver/Src/stm32f4xx_hal_tim_ex.o
 .debug_rnglists
                0x000009dd       0x19 ./FATFS/App/fatfs.o
 .debug_rnglists
                0x000009f6       0x2b ./FATFS/Target/user_diskio.o
 .debug_rnglists
                0x00000a21       0x72 ./FATFS/Target/user_diskio_spi.o
 .debug_rnglists
                0x00000a93       0x31 ./Middlewares/Third_Party/FatFs/src/diskio.o
 .debug_rnglists
                0x00000ac4      0x1a2 ./Middlewares/Third_Party/FatFs/src/ff.o
 .debug_rnglists
                0x00000c66       0x2c ./Middlewares/Third_Party/FatFs/src/ff_gen_drv.o

.debug_macro    0x00000000    0x238ce
 .debug_macro   0x00000000      0x381 ./Core/Src/main.o
 .debug_macro   0x00000381      0xad8 ./Core/Src/main.o
 .debug_macro   0x00000e59      0x29b ./Core/Src/main.o
 .debug_macro   0x000010f4       0x2e ./Core/Src/main.o
 .debug_macro   0x00001122       0x28 ./Core/Src/main.o
 .debug_macro   0x0000114a       0x22 ./Core/Src/main.o
 .debug_macro   0x0000116c       0x8e ./Core/Src/main.o
 .debug_macro   0x000011fa       0x51 ./Core/Src/main.o
 .debug_macro   0x0000124b      0x103 ./Core/Src/main.o
 .debug_macro   0x0000134e       0x6a ./Core/Src/main.o
 .debug_macro   0x000013b8      0x1df ./Core/Src/main.o
 .debug_macro   0x00001597       0x1c ./Core/Src/main.o
 .debug_macro   0x000015b3       0x22 ./Core/Src/main.o
 .debug_macro   0x000015d5       0xfb ./Core/Src/main.o
 .debug_macro   0x000016d0     0x1011 ./Core/Src/main.o
 .debug_macro   0x000026e1      0x11f ./Core/Src/main.o
 .debug_macro   0x00002800    0x1675e ./Core/Src/main.o
 .debug_macro   0x00018f5e       0x6d ./Core/Src/main.o
 .debug_macro   0x00018fcb     0x3693 ./Core/Src/main.o
 .debug_macro   0x0001c65e      0x190 ./Core/Src/main.o
 .debug_macro   0x0001c7ee       0x5c ./Core/Src/main.o
 .debug_macro   0x0001c84a      0xca5 ./Core/Src/main.o
 .debug_macro   0x0001d4ef      0x9e9 ./Core/Src/main.o
 .debug_macro   0x0001ded8      0x115 ./Core/Src/main.o
 .debug_macro   0x0001dfed      0x1a0 ./Core/Src/main.o
 .debug_macro   0x0001e18d       0xa5 ./Core/Src/main.o
 .debug_macro   0x0001e232      0x16d ./Core/Src/main.o
 .debug_macro   0x0001e39f      0x287 ./Core/Src/main.o
 .debug_macro   0x0001e626       0x5f ./Core/Src/main.o
 .debug_macro   0x0001e685      0x236 ./Core/Src/main.o
 .debug_macro   0x0001e8bb      0x132 ./Core/Src/main.o
 .debug_macro   0x0001e9ed      0x29c ./Core/Src/main.o
 .debug_macro   0x0001ec89       0x2e ./Core/Src/main.o
 .debug_macro   0x0001ecb7      0x127 ./Core/Src/main.o
 .debug_macro   0x0001edde       0xe8 ./Core/Src/main.o
 .debug_macro   0x0001eec6       0x89 ./Core/Src/main.o
 .debug_macro   0x0001ef4f      0x225 ./Core/Src/main.o
 .debug_macro   0x0001f174      0x8ed ./Core/Src/main.o
 .debug_macro   0x0001fa61       0x53 ./Core/Src/main.o
 .debug_macro   0x0001fab4      0x126 ./Core/Src/main.o
 .debug_macro   0x0001fbda       0x46 ./Core/Src/main.o
 .debug_macro   0x0001fc20       0xeb ./Core/Src/main.o
 .debug_macro   0x0001fd0b       0x2a ./Core/Src/main.o
 .debug_macro   0x0001fd35       0x61 ./Core/Src/main.o
 .debug_macro   0x0001fd96       0x43 ./Core/Src/main.o
 .debug_macro   0x0001fdd9       0x34 ./Core/Src/main.o
 .debug_macro   0x0001fe0d       0x16 ./Core/Src/main.o
 .debug_macro   0x0001fe23       0x3c ./Core/Src/main.o
 .debug_macro   0x0001fe5f      0x370 ./Core/Src/main.o
 .debug_macro   0x000201cf       0x16 ./Core/Src/main.o
 .debug_macro   0x000201e5       0x4a ./Core/Src/main.o
 .debug_macro   0x0002022f       0x34 ./Core/Src/main.o
 .debug_macro   0x00020263       0x10 ./Core/Src/main.o
 .debug_macro   0x00020273       0x58 ./Core/Src/main.o
 .debug_macro   0x000202cb       0x8e ./Core/Src/main.o
 .debug_macro   0x00020359       0x1c ./Core/Src/main.o
 .debug_macro   0x00020375      0x185 ./Core/Src/main.o
 .debug_macro   0x000204fa       0x16 ./Core/Src/main.o
 .debug_macro   0x00020510       0x29 ./Core/Src/main.o
 .debug_macro   0x00020539       0x12 ./Core/Src/main.o
 .debug_macro   0x0002054b       0xe2 ./Core/Src/main.o
 .debug_macro   0x0002062d       0x8e ./Core/Src/main.o
 .debug_macro   0x000206bb       0x1c ./Core/Src/main.o
 .debug_macro   0x000206d7       0x10 ./Core/Src/main.o
 .debug_macro   0x000206e7       0x1c ./Core/Src/main.o
 .debug_macro   0x00020703       0x16 ./Core/Src/main.o
 .debug_macro   0x00020719      0x146 ./Core/Src/main.o
 .debug_macro   0x0002085f       0x16 ./Core/Src/main.o
 .debug_macro   0x00020875       0x20 ./Core/Src/main.o
 .debug_macro   0x00020895       0x4c ./Core/Src/main.o
 .debug_macro   0x000208e1      0x1dd ./Core/Src/stm32f4xx_hal_msp.o
 .debug_macro   0x00020abe      0x1e7 ./Core/Src/stm32f4xx_it.o
 .debug_macro   0x00020ca5      0x1ce ./Core/Src/system_stm32f4xx.o
 .debug_macro   0x00020e73      0x22e ./Drivers/STM32F4xx_HAL_Driver/Src/stm32f4xx_hal.o
 .debug_macro   0x000210a1      0x1ce ./Drivers/STM32F4xx_HAL_Driver/Src/stm32f4xx_hal_cortex.o
 .debug_macro   0x0002126f      0x1d4 ./Drivers/STM32F4xx_HAL_Driver/Src/stm32f4xx_hal_gpio.o
 .debug_macro   0x00021443      0x1e6 ./Drivers/STM32F4xx_HAL_Driver/Src/stm32f4xx_hal_pwr_ex.o
 .debug_macro   0x00021629      0x1f2 ./Drivers/STM32F4xx_HAL_Driver/Src/stm32f4xx_hal_rcc.o
 .debug_macro   0x0002181b      0x1ce ./Drivers/STM32F4xx_HAL_Driver/Src/stm32f4xx_hal_rcc_ex.o
 .debug_macro   0x000219e9      0x1dd ./Drivers/STM32F4xx_HAL_Driver/Src/stm32f4xx_hal_spi.o
 .debug_macro   0x00021bc6      0x1cf ./Drivers/STM32F4xx_HAL_Driver/Src/stm32f4xx_hal_tim.o
 .debug_macro   0x00021d95      0x1ce ./Drivers/STM32F4xx_HAL_Driver/Src/stm32f4xx_hal_tim_ex.o
 .debug_macro   0x00021f63      0x302 ./FATFS/App/fatfs.o
 .debug_macro   0x00022265       0x3a ./FATFS/App/fatfs.o
 .debug_macro   0x0002229f       0xe5 ./FATFS/App/fatfs.o
 .debug_macro   0x00022384      0x331 ./FATFS/Target/user_diskio.o
 .debug_macro   0x000226b5       0x10 ./FATFS/Target/user_diskio.o
 .debug_macro   0x000226c5       0x16 ./FATFS/Target/user_diskio.o
 .debug_macro   0x000226db       0x7c ./FATFS/Target/user_diskio.o
 .debug_macro   0x00022757       0x56 ./FATFS/Target/user_diskio.o
 .debug_macro   0x000227ad      0x3a9 ./FATFS/Target/user_diskio_spi.o
 .debug_macro   0x00022b56       0x4c ./FATFS/Target/user_diskio_spi.o
 .debug_macro   0x00022ba2      0x2ef ./Middlewares/Third_Party/FatFs/src/diskio.o
 .debug_macro   0x00022e91      0x6f6 ./Middlewares/Third_Party/FatFs/src/ff.o
 .debug_macro   0x00023587       0x58 ./Middlewares/Third_Party/FatFs/src/ff.o
 .debug_macro   0x000235df      0x2ef ./Middlewares/Third_Party/FatFs/src/ff_gen_drv.o

.debug_line     0x00000000    0x15452
 .debug_line    0x00000000      0xfd5 ./Core/Src/main.o
 .debug_line    0x00000fd5      0x97a ./Core/Src/stm32f4xx_hal_msp.o
 .debug_line    0x0000194f      0x83c ./Core/Src/stm32f4xx_it.o
 .debug_line    0x0000218b      0x7bb ./Core/Src/system_stm32f4xx.o
 .debug_line    0x00002946       0x7a ./Core/Startup/startup_stm32f446retx.o
 .debug_line    0x000029c0      0xa37 ./Drivers/STM32F4xx_HAL_Driver/Src/stm32f4xx_hal.o
 .debug_line    0x000033f7      0xd07 ./Drivers/STM32F4xx_HAL_Driver/Src/stm32f4xx_hal_cortex.o
 .debug_line    0x000040fe      0xb7b ./Drivers/STM32F4xx_HAL_Driver/Src/stm32f4xx_hal_gpio.o
 .debug_line    0x00004c79      0x9a4 ./Drivers/STM32F4xx_HAL_Driver/Src/stm32f4xx_hal_pwr_ex.o
 .debug_line    0x0000561d      0xe52 ./Drivers/STM32F4xx_HAL_Driver/Src/stm32f4xx_hal_rcc.o
 .debug_line    0x0000646f     0x1503 ./Drivers/STM32F4xx_HAL_Driver/Src/stm32f4xx_hal_rcc_ex.o
 .debug_line    0x00007972     0x1cd2 ./Drivers/STM32F4xx_HAL_Driver/Src/stm32f4xx_hal_spi.o
 .debug_line    0x00009644     0x37ac ./Drivers/STM32F4xx_HAL_Driver/Src/stm32f4xx_hal_tim.o
 .debug_line    0x0000cdf0     0x1997 ./Drivers/STM32F4xx_HAL_Driver/Src/stm32f4xx_hal_tim_ex.o
 .debug_line    0x0000e787      0x938 ./FATFS/App/fatfs.o
 .debug_line    0x0000f0bf      0x99f ./FATFS/Target/user_diskio.o
 .debug_line    0x0000fa5e     0x1074 ./FATFS/Target/user_diskio_spi.o
 .debug_line    0x00010ad2      0x9a6 ./Middlewares/Third_Party/FatFs/src/diskio.o
 .debug_line    0x00011478     0x3619 ./Middlewares/Third_Party/FatFs/src/ff.o
 .debug_line    0x00014a91      0x9c1 ./Middlewares/Third_Party/FatFs/src/ff_gen_drv.o

.debug_str      0x00000000    0xd22e4
 .debug_str     0x00000000    0xd22e4 ./Core/Src/main.o
                              0xce6f2 (size before relaxing)
 .debug_str     0x000d22e4    0xc9dfe ./Core/Src/stm32f4xx_hal_msp.o
 .debug_str     0x000d22e4    0xc9537 ./Core/Src/stm32f4xx_it.o
 .debug_str     0x000d22e4    0xc8fd5 ./Core/Src/system_stm32f4xx.o
 .debug_str     0x000d22e4       0x87 ./Core/Startup/startup_stm32f446retx.o
 .debug_str     0x000d22e4    0xc9b9a ./Drivers/STM32F4xx_HAL_Driver/Src/stm32f4xx_hal.o
 .debug_str     0x000d22e4    0xc98f1 ./Drivers/STM32F4xx_HAL_Driver/Src/stm32f4xx_hal_cortex.o
 .debug_str     0x000d22e4    0xc9150 ./Drivers/STM32F4xx_HAL_Driver/Src/stm32f4xx_hal_gpio.o
 .debug_str     0x000d22e4    0xc91ad ./Drivers/STM32F4xx_HAL_Driver/Src/stm32f4xx_hal_pwr_ex.o
 .debug_str     0x000d22e4    0xc940e ./Drivers/STM32F4xx_HAL_Driver/Src/stm32f4xx_hal_rcc.o
 .debug_str     0x000d22e4    0xc9441 ./Drivers/STM32F4xx_HAL_Driver/Src/stm32f4xx_hal_rcc_ex.o
 .debug_str     0x000d22e4    0xc986e ./Drivers/STM32F4xx_HAL_Driver/Src/stm32f4xx_hal_spi.o
 .debug_str     0x000d22e4    0xca33a ./Drivers/STM32F4xx_HAL_Driver/Src/stm32f4xx_hal_tim.o
 .debug_str     0x000d22e4    0xc9b46 ./Drivers/STM32F4xx_HAL_Driver/Src/stm32f4xx_hal_tim_ex.o
 .debug_str     0x000d22e4    0xcc902 ./FATFS/App/fatfs.o
 .debug_str     0x000d22e4    0xcc913 ./FATFS/Target/user_diskio.o
 .debug_str     0x000d22e4    0xcd0f8 ./FATFS/Target/user_diskio_spi.o
 .debug_str     0x000d22e4    0xcc811 ./Middlewares/Third_Party/FatFs/src/diskio.o
 .debug_str     0x000d22e4    0xcdaa3 ./Middlewares/Third_Party/FatFs/src/ff.o
 .debug_str     0x000d22e4    0xcc862 ./Middlewares/Third_Party/FatFs/src/ff_gen_drv.o

.comment        0x00000000       0x43
 .comment       0x00000000       0x43 ./Core/Src/main.o
                                 0x44 (size before relaxing)
 .comment       0x00000043       0x44 ./Core/Src/stm32f4xx_hal_msp.o
 .comment       0x00000043       0x44 ./Core/Src/stm32f4xx_it.o
 .comment       0x00000043       0x44 ./Core/Src/system_stm32f4xx.o
 .comment       0x00000043       0x44 ./Drivers/STM32F4xx_HAL_Driver/Src/stm32f4xx_hal.o
 .comment       0x00000043       0x44 ./Drivers/STM32F4xx_HAL_Driver/Src/stm32f4xx_hal_cortex.o
 .comment       0x00000043       0x44 ./Drivers/STM32F4xx_HAL_Driver/Src/stm32f4xx_hal_gpio.o
 .comment       0x00000043       0x44 ./Drivers/STM32F4xx_HAL_Driver/Src/stm32f4xx_hal_pwr_ex.o
 .comment       0x00000043       0x44 ./Drivers/STM32F4xx_HAL_Driver/Src/stm32f4xx_hal_rcc.o
 .comment       0x00000043       0x44 ./Drivers/STM32F4xx_HAL_Driver/Src/stm32f4xx_hal_rcc_ex.o
 .comment       0x00000043       0x44 ./Drivers/STM32F4xx_HAL_Driver/Src/stm32f4xx_hal_spi.o
 .comment       0x00000043       0x44 ./Drivers/STM32F4xx_HAL_Driver/Src/stm32f4xx_hal_tim.o
 .comment       0x00000043       0x44 ./Drivers/STM32F4xx_HAL_Driver/Src/stm32f4xx_hal_tim_ex.o
 .comment       0x00000043       0x44 ./FATFS/App/fatfs.o
 .comment       0x00000043       0x44 ./FATFS/Target/user_diskio.o
 .comment       0x00000043       0x44 ./FATFS/Target/user_diskio_spi.o
 .comment       0x00000043       0x44 ./Middlewares/Third_Party/FatFs/src/diskio.o
 .comment       0x00000043       0x44 ./Middlewares/Third_Party/FatFs/src/ff.o
 .comment       0x00000043       0x44 ./Middlewares/Third_Party/FatFs/src/ff_gen_drv.o

.debug_frame    0x00000000     0x4354
 .debug_frame   0x00000000      0x258 ./Core/Src/main.o
 .debug_frame   0x00000258      0x138 ./Core/Src/stm32f4xx_hal_msp.o
 .debug_frame   0x00000390      0x158 ./Core/Src/stm32f4xx_it.o
 .debug_frame   0x000004e8       0x58 ./Core/Src/system_stm32f4xx.o
 .debug_frame   0x00000540      0x374 ./Drivers/STM32F4xx_HAL_Driver/Src/stm32f4xx_hal.o
 .debug_frame   0x000008b4      0x508 ./Drivers/STM32F4xx_HAL_Driver/Src/stm32f4xx_hal_cortex.o
 .debug_frame   0x00000dbc      0x14c ./Drivers/STM32F4xx_HAL_Driver/Src/stm32f4xx_hal_gpio.o
 .debug_frame   0x00000f08      0x14c ./Drivers/STM32F4xx_HAL_Driver/Src/stm32f4xx_hal_pwr_ex.o
 .debug_frame   0x00001054      0x1f4 ./Drivers/STM32F4xx_HAL_Driver/Src/stm32f4xx_hal_rcc.o
 .debug_frame   0x00001248      0x1e8 ./Drivers/STM32F4xx_HAL_Driver/Src/stm32f4xx_hal_rcc_ex.o
 .debug_frame   0x00001430      0x828 ./Drivers/STM32F4xx_HAL_Driver/Src/stm32f4xx_hal_spi.o
 .debug_frame   0x00001c58     0x11c0 ./Drivers/STM32F4xx_HAL_Driver/Src/stm32f4xx_hal_tim.o
 .debug_frame   0x00002e18      0x638 ./Drivers/STM32F4xx_HAL_Driver/Src/stm32f4xx_hal_tim_ex.o
 .debug_frame   0x00003450       0x4c ./FATFS/App/fatfs.o
 .debug_frame   0x0000349c       0xc4 ./FATFS/Target/user_diskio.o
 .debug_frame   0x00003560      0x248 ./FATFS/Target/user_diskio_spi.o
 .debug_frame   0x000037a8       0xec ./Middlewares/Third_Party/FatFs/src/diskio.o
 .debug_frame   0x00003894      0x94c ./Middlewares/Third_Party/FatFs/src/ff.o
 .debug_frame   0x000041e0       0xc8 ./Middlewares/Third_Party/FatFs/src/ff_gen_drv.o
 .debug_frame   0x000042a8       0x20 C:/ST/STM32CubeIDE_1.19.0/STM32CubeIDE/plugins/com.st.stm32cube.ide.mcu.externaltools.gnu-tools-for-stm32.13.3.rel1.win32_1.0.0.202411081344/tools/bin/../lib/gcc/arm-none-eabi/13.3.1/../../../../arm-none-eabi/lib/thumb/v7e-m+fp/hard\libc_nano.a(libc_a-memset.o)
 .debug_frame   0x000042c8       0x2c C:/ST/STM32CubeIDE_1.19.0/STM32CubeIDE/plugins/com.st.stm32cube.ide.mcu.externaltools.gnu-tools-for-stm32.13.3.rel1.win32_1.0.0.202411081344/tools/bin/../lib/gcc/arm-none-eabi/13.3.1/../../../../arm-none-eabi/lib/thumb/v7e-m+fp/hard\libc_nano.a(libc_a-init.o)
 .debug_frame   0x000042f4       0x2c C:/ST/STM32CubeIDE_1.19.0/STM32CubeIDE/plugins/com.st.stm32cube.ide.mcu.externaltools.gnu-tools-for-stm32.13.3.rel1.win32_1.0.0.202411081344/tools/bin/../lib/gcc/arm-none-eabi/13.3.1/thumb/v7e-m+fp/hard\libgcc.a(_aeabi_uldivmod.o)
 .debug_frame   0x00004320       0x34 C:/ST/STM32CubeIDE_1.19.0/STM32CubeIDE/plugins/com.st.stm32cube.ide.mcu.externaltools.gnu-tools-for-stm32.13.3.rel1.win32_1.0.0.202411081344/tools/bin/../lib/gcc/arm-none-eabi/13.3.1/thumb/v7e-m+fp/hard\libgcc.a(_udivmoddi4.o)

.debug_line_str
                0x00000000       0x6b
 .debug_line_str
                0x00000000       0x6b ./Core/Startup/startup_stm32f446retx.o
