../Core/Src/main.c:105:20:log_push	24	static
../Core/Src/main.c:164:6:HAL_TIM_IC_CaptureCallback	40	static
../Core/Src/main.c:209:6:HAL_GPIO_EXTI_Callback	16	static
../Core/Src/main.c:225:12:log_pop	16	static
../Core/Src/main.c:234:10:AMT203_ReadPosition	32	static
../Core/Src/main.c:274:6:Estimate_Speed1	24	static
../Core/Src/main.c:314:5:main	1192	static
../Core/Src/main.c:487:6:SystemClock_Config	88	static
../Core/Src/main.c:542:13:MX_SPI1_Init	8	static
../Core/Src/main.c:580:13:MX_SPI2_Init	8	static
../Core/Src/main.c:618:13:MX_SPI3_Init	8	static
../Core/Src/main.c:656:13:MX_TIM1_Init	32	static
../Core/Src/main.c:705:13:MX_TIM2_Init	32	static
../Core/Src/main.c:753:13:MX_TIM3_Init	56	static
../Core/Src/main.c:802:13:MX_TIM4_Init	56	static
../Core/Src/main.c:851:13:MX_TIM5_Init	32	static
../Core/Src/main.c:896:13:MX_TIM12_Init	56	static
../Core/Src/main.c:948:13:MX_GPIO_Init	48	static
../Core/Src/main.c:1036:6:Error_Handler	4	static,ignoring_inline_asm
